190.200.96.28 - - [01/Jul/2019:11:22:54 -0400] "POST /aplicar_filtros_multiples HTTP/1.1" 200 436777 "http://bumsgames.com.ve/allArticles" "Mozilla/5.0 (Windows NT 6.1; Win64; x64) AppleWebKit/537.36 (KHTML, like Gecko) Chrome/75.0.3770.100 Safari/537.36"
190.200.96.28 - - [01/Jul/2019:11:23:07 -0400] "GET /aplicar_filtros_multiples HTTP/1.1" 200 14502360 "-" "Mozilla/5.0 (Windows NT 6.1; Win64; x64) AppleWebKit/537.36 (KHTML, like Gecko) Chrome/75.0.3770.100 Safari/537.36"
190.200.96.28 - - [01/Jul/2019:11:23:16 -0400] "POST /aplicar_filtros_multiples HTTP/1.1" 200 273858 "http://bumsgames.com.ve/allArticles" "Mozilla/5.0 (Windows NT 6.1; Win64; x64) AppleWebKit/537.36 (KHTML, like Gecko) Chrome/75.0.3770.100 Safari/537.36"
190.200.96.28 - - [01/Jul/2019:11:23:25 -0400] "GET /aplicar_filtros_multiples HTTP/1.1" 200 14502360 "-" "Mozilla/5.0 (Windows NT 6.1; Win64; x64) AppleWebKit/537.36 (KHTML, like Gecko) Chrome/75.0.3770.100 Safari/537.36"
190.198.137.161 - - [01/Jul/2019:11:25:14 -0400] "POST /aplicar_filtros_multiples HTTP/1.1" 200 55679 "http://bumsgames.com.ve/allArticles" "Mozilla/5.0 (Windows NT 6.1) AppleWebKit/537.36 (KHTML, like Gecko) Chrome/75.0.3770.100 Safari/537.36"
190.198.137.161 - - [01/Jul/2019:11:26:04 -0400] "POST /buscar_articulo HTTP/1.1" 200 32672 "http://bumsgames.com.ve/aplicar_filtros_multiples" "Mozilla/5.0 (Windows NT 6.1) AppleWebKit/537.36 (KHTML, like Gecko) Chrome/75.0.3770.100 Safari/537.36"
190.198.137.161 - - [01/Jul/2019:11:26:06 -0400] "GET /img/53NBA%20LIVE%2018.jpg HTTP/1.1" 200 23443 "http://bumsgames.com.ve/buscar_articulo" "Mozilla/5.0 (Windows NT 6.1) AppleWebKit/537.36 (KHTML, like Gecko) Chrome/75.0.3770.100 Safari/537.36"
190.198.137.161 - - [01/Jul/2019:11:26:30 -0400] "POST /modificar_Articulo HTTP/1.1" 200 136 "http://bumsgames.com.ve/buscar_articulo" "Mozilla/5.0 (Windows NT 6.1) AppleWebKit/537.36 (KHTML, like Gecko) Chrome/75.0.3770.100 Safari/537.36"
190.198.137.161 - - [01/Jul/2019:11:26:39 -0400] "POST /modificar_Articulo HTTP/1.1" 200 21 "http://bumsgames.com.ve/buscar_articulo" "Mozilla/5.0 (Windows NT 6.1) AppleWebKit/537.36 (KHTML, like Gecko) Chrome/75.0.3770.100 Safari/537.36"
190.198.137.161 - - [01/Jul/2019:11:26:48 -0400] "POST /aplicar_filtros_multiples HTTP/1.1" 200 56702 "http://bumsgames.com.ve/allArticles" "Mozilla/5.0 (Windows NT 6.1) AppleWebKit/537.36 (KHTML, like Gecko) Chrome/75.0.3770.100 Safari/537.36"
190.198.137.161 - - [01/Jul/2019:11:26:49 -0400] "GET /img/LOGO.ico HTTP/1.1" 200 270398 "http://bumsgames.com.ve/aplicar_filtros_multiples" "Mozilla/5.0 (Windows NT 6.1) AppleWebKit/537.36 (KHTML, like Gecko) Chrome/75.0.3770.100 Safari/537.36"
190.198.137.161 - - [01/Jul/2019:11:31:29 -0400] "POST /coincidencia HTTP/1.1" 200 1547 "http://bumsgames.com.ve/aplicar_filtros_multiples" "Mozilla/5.0 (Windows NT 6.1) AppleWebKit/537.36 (KHTML, like Gecko) Chrome/75.0.3770.100 Safari/537.36"
190.198.137.161 - - [01/Jul/2019:11:31:29 -0400] "POST /coincidencia HTTP/1.1" 200 6245 "http://bumsgames.com.ve/aplicar_filtros_multiples" "Mozilla/5.0 (Windows NT 6.1) AppleWebKit/537.36 (KHTML, like Gecko) Chrome/75.0.3770.100 Safari/537.36"
190.198.137.161 - - [01/Jul/2019:11:31:32 -0400] "POST /coincidencia HTTP/1.1" 200 14 "http://bumsgames.com.ve/aplicar_filtros_multiples" "Mozilla/5.0 (Windows NT 6.1) AppleWebKit/537.36 (KHTML, like Gecko) Chrome/75.0.3770.100 Safari/537.36"
190.198.137.161 - - [01/Jul/2019:11:31:32 -0400] "POST /coincidencia HTTP/1.1" 200 14 "http://bumsgames.com.ve/aplicar_filtros_multiples" "Mozilla/5.0 (Windows NT 6.1) AppleWebKit/537.36 (KHTML, like Gecko) Chrome/75.0.3770.100 Safari/537.36"
190.198.137.161 - - [01/Jul/2019:11:31:33 -0400] "POST /coincidencia HTTP/1.1" 200 14 "http://bumsgames.com.ve/aplicar_filtros_multiples" "Mozilla/5.0 (Windows NT 6.1) AppleWebKit/537.36 (KHTML, like Gecko) Chrome/75.0.3770.100 Safari/537.36"
190.198.137.161 - - [01/Jul/2019:11:31:42 -0400] "POST /coincidencia HTTP/1.1" 200 14 "http://bumsgames.com.ve/aplicar_filtros_multiples" "Mozilla/5.0 (Windows NT 6.1) AppleWebKit/537.36 (KHTML, like Gecko) Chrome/75.0.3770.100 Safari/537.36"
190.198.137.161 - - [01/Jul/2019:11:31:42 -0400] "POST /coincidencia HTTP/1.1" 200 14 "http://bumsgames.com.ve/aplicar_filtros_multiples" "Mozilla/5.0 (Windows NT 6.1) AppleWebKit/537.36 (KHTML, like Gecko) Chrome/75.0.3770.100 Safari/537.36"
190.198.137.161 - - [01/Jul/2019:11:31:45 -0400] "POST /coincidencia HTTP/1.1" 200 14 "http://bumsgames.com.ve/aplicar_filtros_multiples" "Mozilla/5.0 (Windows NT 6.1) AppleWebKit/537.36 (KHTML, like Gecko) Chrome/75.0.3770.100 Safari/537.36"
190.198.137.161 - - [01/Jul/2019:11:31:45 -0400] "POST /coincidencia HTTP/1.1" 200 14 "http://bumsgames.com.ve/aplicar_filtros_multiples" "Mozilla/5.0 (Windows NT 6.1) AppleWebKit/537.36 (KHTML, like Gecko) Chrome/75.0.3770.100 Safari/537.36"
190.198.137.161 - - [01/Jul/2019:11:31:45 -0400] "POST /coincidencia HTTP/1.1" 200 14 "http://bumsgames.com.ve/aplicar_filtros_multiples" "Mozilla/5.0 (Windows NT 6.1) AppleWebKit/537.36 (KHTML, like Gecko) Chrome/75.0.3770.100 Safari/537.36"
190.198.137.161 - - [01/Jul/2019:11:31:46 -0400] "POST /coincidencia HTTP/1.1" 200 14 "http://bumsgames.com.ve/aplicar_filtros_multiples" "Mozilla/5.0 (Windows NT 6.1) AppleWebKit/537.36 (KHTML, like Gecko) Chrome/75.0.3770.100 Safari/537.36"
190.198.137.161 - - [01/Jul/2019:11:31:48 -0400] "POST /realizar_venta HTTP/1.1" 200 21 "http://bumsgames.com.ve/aplicar_filtros_multiples" "Mozilla/5.0 (Windows NT 6.1) AppleWebKit/537.36 (KHTML, like Gecko) Chrome/75.0.3770.100 Safari/537.36"
190.198.137.161 - - [01/Jul/2019:11:31:49 -0400] "GET /entrega/3594/Daniel/Guerrero HTTP/1.1" 200 1716 "http://bumsgames.com.ve/aplicar_filtros_multiples" "Mozilla/5.0 (Windows NT 6.1) AppleWebKit/537.36 (KHTML, like Gecko) Chrome/75.0.3770.100 Safari/537.36"
190.198.137.161 - - [01/Jul/2019:11:32:39 -0400] "GET /menu HTTP/1.1" 200 69222 "http://bumsgames.com.ve/aplicar_filtros_multiples" "Mozilla/5.0 (Windows NT 6.1) AppleWebKit/537.36 (KHTML, like Gecko) Chrome/75.0.3770.100 Safari/537.36"
190.198.137.161 - - [01/Jul/2019:11:32:41 -0400] "GET /visitas HTTP/1.1" 200 679 "http://bumsgames.com.ve/menu" "Mozilla/5.0 (Windows NT 6.1) AppleWebKit/537.36 (KHTML, like Gecko) Chrome/75.0.3770.100 Safari/537.36"
190.198.137.161 - - [01/Jul/2019:11:33:25 -0400] "POST /aplicar_filtros_multiples HTTP/1.1" 200 52645 "http://bumsgames.com.ve/allArticles" "Mozilla/5.0 (Windows NT 6.1) AppleWebKit/537.36 (KHTML, like Gecko) Chrome/75.0.3770.100 Safari/537.36"
190.77.210.113 - - [01/Jul/2019:11:33:53 -0400] "GET /buscar_articulo_bums?name=street HTTP/1.1" 200 44327 "http://bumsgames.com.ve/buscar_articulo_bums?name=madden+nfl" "Mozilla/5.0 (Windows NT 10.0; Win64; x64) AppleWebKit/537.36 (KHTML, like Gecko) Chrome/73.0.3683.103 Safari/537.36 OPR/60.0.3255.170"
190.77.210.113 - - [01/Jul/2019:11:33:53 -0400] "GET /js/jquery.zoom.js HTTP/1.1" 200 26745 "http://bumsgames.com.ve/buscar_articulo_bums?name=street" "Mozilla/5.0 (Windows NT 10.0; Win64; x64) AppleWebKit/537.36 (KHTML, like Gecko) Chrome/73.0.3683.103 Safari/537.36 OPR/60.0.3255.170"
190.77.210.113 - - [01/Jul/2019:11:33:55 -0400] "GET /img/logops.png HTTP/1.1" 200 26745 "http://bumsgames.com.ve/buscar_articulo_bums?name=street" "Mozilla/5.0 (Windows NT 10.0; Win64; x64) AppleWebKit/537.36 (KHTML, like Gecko) Chrome/73.0.3683.103 Safari/537.36 OPR/60.0.3255.170"
190.77.210.113 - - [01/Jul/2019:11:34:05 -0400] "GET /img/42Street%20Fighter%20X%20Tekken.jpg HTTP/1.1" 200 31178 "http://bumsgames.com.ve/buscar_articulo_bums?name=street" "Mozilla/5.0 (Windows NT 10.0; Win64; x64) AppleWebKit/537.36 (KHTML, like Gecko) Chrome/73.0.3683.103 Safari/537.36 OPR/60.0.3255.170"
190.77.210.113 - - [01/Jul/2019:11:34:11 -0400] "GET /img/381436330795959.png HTTP/1.1" 200 42607 "http://bumsgames.com.ve/buscar_articulo_bums?name=street" "Mozilla/5.0 (Windows NT 10.0; Win64; x64) AppleWebKit/537.36 (KHTML, like Gecko) Chrome/73.0.3683.103 Safari/537.36 OPR/60.0.3255.170"
190.77.210.113 - - [01/Jul/2019:11:33:55 -0400] "GET /img/40sf5-street-fighter-v-guide-joueur-esport.png HTTP/1.1" 200 599651 "http://bumsgames.com.ve/buscar_articulo_bums?name=street" "Mozilla/5.0 (Windows NT 10.0; Win64; x64) AppleWebKit/537.36 (KHTML, like Gecko) Chrome/73.0.3683.103 Safari/537.36 OPR/60.0.3255.170"
190.77.210.113 - - [01/Jul/2019:11:33:55 -0400] "GET /img/42sf5-street-fighter-v-guide-joueur-esport.png HTTP/1.1" 200 599651 "http://bumsgames.com.ve/buscar_articulo_bums?name=street" "Mozilla/5.0 (Windows NT 10.0; Win64; x64) AppleWebKit/537.36 (KHTML, like Gecko) Chrome/73.0.3683.103 Safari/537.36 OPR/60.0.3255.170"
190.198.137.161 - - [01/Jul/2019:11:35:44 -0400] "POST /modificacion_rapida HTTP/1.1" 200 502 "http://bumsgames.com.ve/aplicar_filtros_multiples" "Mozilla/5.0 (Windows NT 6.1) AppleWebKit/537.36 (KHTML, like Gecko) Chrome/75.0.3770.100 Safari/537.36"
190.198.137.161 - - [01/Jul/2019:11:35:57 -0400] "POST /realizar_modificacion HTTP/1.1" 200 21 "http://bumsgames.com.ve/aplicar_filtros_multiples" "Mozilla/5.0 (Windows NT 6.1) AppleWebKit/537.36 (KHTML, like Gecko) Chrome/75.0.3770.100 Safari/537.36"
190.198.137.161 - - [01/Jul/2019:11:36:13 -0400] "POST /aplicar_filtros_multiples HTTP/1.1" 200 52645 "http://bumsgames.com.ve/allArticles" "Mozilla/5.0 (Windows NT 6.1) AppleWebKit/537.36 (KHTML, like Gecko) Chrome/75.0.3770.100 Safari/537.36"
190.198.137.161 - - [01/Jul/2019:11:36:15 -0400] "GET /img/LOGO.ico HTTP/1.1" 200 270398 "http://bumsgames.com.ve/aplicar_filtros_multiples" "Mozilla/5.0 (Windows NT 6.1) AppleWebKit/537.36 (KHTML, like Gecko) Chrome/75.0.3770.100 Safari/537.36"
190.198.137.161 - - [01/Jul/2019:11:37:37 -0400] "POST /aplicar_filtros_multiples HTTP/1.1" 200 52815 "http://bumsgames.com.ve/allArticles" "Mozilla/5.0 (Windows NT 6.1) AppleWebKit/537.36 (KHTML, like Gecko) Chrome/75.0.3770.100 Safari/537.36"
190.198.137.161 - - [01/Jul/2019:11:38:55 -0400] "POST /modificacion_rapida HTTP/1.1" 200 503 "http://bumsgames.com.ve/aplicar_filtros_multiples" "Mozilla/5.0 (Windows NT 6.1) AppleWebKit/537.36 (KHTML, like Gecko) Chrome/75.0.3770.100 Safari/537.36"
190.198.137.161 - - [01/Jul/2019:11:39:08 -0400] "POST /realizar_modificacion HTTP/1.1" 200 21 "http://bumsgames.com.ve/aplicar_filtros_multiples" "Mozilla/5.0 (Windows NT 6.1) AppleWebKit/537.36 (KHTML, like Gecko) Chrome/75.0.3770.100 Safari/537.36"
190.198.137.161 - - [01/Jul/2019:11:39:12 -0400] "POST /aplicar_filtros_multiples HTTP/1.1" 200 52924 "http://bumsgames.com.ve/allArticles" "Mozilla/5.0 (Windows NT 6.1) AppleWebKit/537.36 (KHTML, like Gecko) Chrome/75.0.3770.100 Safari/537.36"
190.198.137.161 - - [01/Jul/2019:11:39:13 -0400] "GET /img/LOGO.ico HTTP/1.1" 200 270398 "http://bumsgames.com.ve/aplicar_filtros_multiples" "Mozilla/5.0 (Windows NT 6.1) AppleWebKit/537.36 (KHTML, like Gecko) Chrome/75.0.3770.100 Safari/537.36"
190.198.137.161 - - [01/Jul/2019:11:40:03 -0400] "POST /aplicar_filtros_multiples HTTP/1.1" 200 52752 "http://bumsgames.com.ve/allArticles" "Mozilla/5.0 (Windows NT 6.1) AppleWebKit/537.36 (KHTML, like Gecko) Chrome/75.0.3770.100 Safari/537.36"
190.198.137.161 - - [01/Jul/2019:11:40:55 -0400] "POST /buscar_articulo HTTP/1.1" 200 34069 "http://bumsgames.com.ve/aplicar_filtros_multiples" "Mozilla/5.0 (Windows NT 6.1) AppleWebKit/537.36 (KHTML, like Gecko) Chrome/75.0.3770.100 Safari/537.36"
190.198.137.161 - - [01/Jul/2019:11:40:56 -0400] "GET /img/24exp%20nba2k17.PNG HTTP/1.1" 200 357956 "http://bumsgames.com.ve/buscar_articulo" "Mozilla/5.0 (Windows NT 6.1) AppleWebKit/537.36 (KHTML, like Gecko) Chrome/75.0.3770.100 Safari/537.36"
190.198.137.161 - - [01/Jul/2019:11:41:02 -0400] "POST /modificar_Articulo HTTP/1.1" 200 21 "http://bumsgames.com.ve/buscar_articulo" "Mozilla/5.0 (Windows NT 6.1) AppleWebKit/537.36 (KHTML, like Gecko) Chrome/75.0.3770.100 Safari/537.36"
190.198.137.161 - - [01/Jul/2019:11:41:06 -0400] "POST /aplicar_filtros_multiples HTTP/1.1" 200 47512 "http://bumsgames.com.ve/allArticles" "Mozilla/5.0 (Windows NT 6.1) AppleWebKit/537.36 (KHTML, like Gecko) Chrome/75.0.3770.100 Safari/537.36"
190.198.137.161 - - [01/Jul/2019:11:41:07 -0400] "GET /img/LOGO.ico HTTP/1.1" 200 270398 "http://bumsgames.com.ve/aplicar_filtros_multiples" "Mozilla/5.0 (Windows NT 6.1) AppleWebKit/537.36 (KHTML, like Gecko) Chrome/75.0.3770.100 Safari/537.36"
190.198.137.161 - - [01/Jul/2019:11:41:53 -0400] "POST /aplicar_filtros_multiples HTTP/1.1" 200 52520 "http://bumsgames.com.ve/allArticles" "Mozilla/5.0 (Windows NT 6.1) AppleWebKit/537.36 (KHTML, like Gecko) Chrome/75.0.3770.100 Safari/537.36"
66.249.64.97 - - [01/Jul/2019:11:44:11 -0400] "GET /categoria_general/PlayStation%203 HTTP/1.1" 200 99342 "-" "Mozilla/5.0 (Linux; Android 6.0.1; Nexus 5X Build/MMB29P) AppleWebKit/537.36 (KHTML, like Gecko) Chrome/41.0.2272.96 Mobile Safari/537.36 (compatible; Googlebot/2.1; +http://www.google.com/bot.html)"
190.198.137.161 - - [01/Jul/2019:11:44:33 -0400] "POST /modificacion_rapida HTTP/1.1" 200 508 "http://bumsgames.com.ve/aplicar_filtros_multiples" "Mozilla/5.0 (Windows NT 6.1) AppleWebKit/537.36 (KHTML, like Gecko) Chrome/75.0.3770.100 Safari/537.36"
190.198.137.161 - - [01/Jul/2019:11:44:56 -0400] "POST /realizar_modificacion HTTP/1.1" 200 21 "http://bumsgames.com.ve/aplicar_filtros_multiples" "Mozilla/5.0 (Windows NT 6.1) AppleWebKit/537.36 (KHTML, like Gecko) Chrome/75.0.3770.100 Safari/537.36"
190.198.137.161 - - [01/Jul/2019:11:44:56 -0400] "POST /realizar_modificacion HTTP/1.1" 200 21 "http://bumsgames.com.ve/aplicar_filtros_multiples" "Mozilla/5.0 (Windows NT 6.1) AppleWebKit/537.36 (KHTML, like Gecko) Chrome/75.0.3770.100 Safari/537.36"
190.198.137.161 - - [01/Jul/2019:11:44:56 -0400] "POST /realizar_modificacion HTTP/1.1" 200 21 "http://bumsgames.com.ve/aplicar_filtros_multiples" "Mozilla/5.0 (Windows NT 6.1) AppleWebKit/537.36 (KHTML, like Gecko) Chrome/75.0.3770.100 Safari/537.36"
190.198.137.161 - - [01/Jul/2019:11:45:15 -0400] "POST /aplicar_filtros_multiples HTTP/1.1" 200 52518 "http://bumsgames.com.ve/allArticles" "Mozilla/5.0 (Windows NT 6.1) AppleWebKit/537.36 (KHTML, like Gecko) Chrome/75.0.3770.100 Safari/537.36"
190.198.137.161 - - [01/Jul/2019:11:45:17 -0400] "GET /img/LOGO.ico HTTP/1.1" 200 270398 "http://bumsgames.com.ve/aplicar_filtros_multiples" "Mozilla/5.0 (Windows NT 6.1) AppleWebKit/537.36 (KHTML, like Gecko) Chrome/75.0.3770.100 Safari/537.36"
190.200.96.28 - - [01/Jul/2019:11:45:38 -0400] "GET /js/jquery.zoom.js HTTP/1.1" 200 26853 "http://www.bumsgames.com.ve/" "Mozilla/5.0 (Windows NT 10.0; Win64; x64) AppleWebKit/537.36 (KHTML, like Gecko) Chrome/75.0.3770.100 Safari/537.36"
190.200.96.28 - - [01/Jul/2019:11:45:38 -0400] "GET / HTTP/1.1" 200 91978 "-" "Mozilla/5.0 (Windows NT 10.0; Win64; x64) AppleWebKit/537.36 (KHTML, like Gecko) Chrome/75.0.3770.100 Safari/537.36"
190.200.96.28 - - [01/Jul/2019:11:45:39 -0400] "GET /img/logops.png HTTP/1.1" 200 26853 "http://www.bumsgames.com.ve/" "Mozilla/5.0 (Windows NT 10.0; Win64; x64) AppleWebKit/537.36 (KHTML, like Gecko) Chrome/75.0.3770.100 Safari/537.36"
190.200.96.28 - - [01/Jul/2019:11:45:39 -0400] "GET /img/fondo12.jpg HTTP/1.1" 304 - "http://www.bumsgames.com.ve/css/bums_v2.css" "Mozilla/5.0 (Windows NT 10.0; Win64; x64) AppleWebKit/537.36 (KHTML, like Gecko) Chrome/75.0.3770.100 Safari/537.36"
190.200.96.28 - - [01/Jul/2019:11:45:39 -0400] "GET /img/38image%20(2).jpg HTTP/1.1" 200 22322 "http://www.bumsgames.com.ve/" "Mozilla/5.0 (Windows NT 10.0; Win64; x64) AppleWebKit/537.36 (KHTML, like Gecko) Chrome/75.0.3770.100 Safari/537.36"
190.200.96.28 - - [01/Jul/2019:11:45:39 -0400] "GET /img/7image%20(2).jpg HTTP/1.1" 200 22322 "http://www.bumsgames.com.ve/" "Mozilla/5.0 (Windows NT 10.0; Win64; x64) AppleWebKit/537.36 (KHTML, like Gecko) Chrome/75.0.3770.100 Safari/537.36"
190.200.96.28 - - [01/Jul/2019:11:45:39 -0400] "GET /img/40WhatsApp%20Image%202019-06-24%20at%2018.40.57.jpeg HTTP/1.1" 304 - "http://www.bumsgames.com.ve/" "Mozilla/5.0 (Windows NT 10.0; Win64; x64) AppleWebKit/537.36 (KHTML, like Gecko) Chrome/75.0.3770.100 Safari/537.36"
190.200.96.28 - - [01/Jul/2019:11:45:40 -0400] "GET /img/9WhatsApp%20Image%202019-06-24%20at%2016.05.33.jpeg HTTP/1.1" 304 - "http://www.bumsgames.com.ve/" "Mozilla/5.0 (Windows NT 10.0; Win64; x64) AppleWebKit/537.36 (KHTML, like Gecko) Chrome/75.0.3770.100 Safari/537.36"
190.200.96.28 - - [01/Jul/2019:11:45:40 -0400] "GET /img/58WhatsApp%20Image%202019-06-24%20at%2016.05.33.jpeg HTTP/1.1" 304 - "http://www.bumsgames.com.ve/" "Mozilla/5.0 (Windows NT 10.0; Win64; x64) AppleWebKit/537.36 (KHTML, like Gecko) Chrome/75.0.3770.100 Safari/537.36"
190.200.96.28 - - [01/Jul/2019:11:45:40 -0400] "GET /img/2dirt_rally_2-4798741.jpg HTTP/1.1" 304 - "http://www.bumsgames.com.ve/" "Mozilla/5.0 (Windows NT 10.0; Win64; x64) AppleWebKit/537.36 (KHTML, like Gecko) Chrome/75.0.3770.100 Safari/537.36"
190.200.96.28 - - [01/Jul/2019:11:45:40 -0400] "GET /img/39dirt_rally_2-4798741.jpg HTTP/1.1" 304 - "http://www.bumsgames.com.ve/" "Mozilla/5.0 (Windows NT 10.0; Win64; x64) AppleWebKit/537.36 (KHTML, like Gecko) Chrome/75.0.3770.100 Safari/537.36"
190.200.96.28 - - [01/Jul/2019:11:45:40 -0400] "GET /img/5071K9zZymtLL._SY550_.jpg HTTP/1.1" 304 - "http://www.bumsgames.com.ve/" "Mozilla/5.0 (Windows NT 10.0; Win64; x64) AppleWebKit/537.36 (KHTML, like Gecko) Chrome/75.0.3770.100 Safari/537.36"
190.200.96.28 - - [01/Jul/2019:11:45:40 -0400] "GET /img/371K9zZymtLL._SY550_.jpg HTTP/1.1" 304 - "http://www.bumsgames.com.ve/" "Mozilla/5.0 (Windows NT 10.0; Win64; x64) AppleWebKit/537.36 (KHTML, like Gecko) Chrome/75.0.3770.100 Safari/537.36"
190.200.96.28 - - [01/Jul/2019:11:45:40 -0400] "GET /img/46apps.65321.14343301090572358.2000000000007864118.jpg HTTP/1.1" 304 - "http://www.bumsgames.com.ve/" "Mozilla/5.0 (Windows NT 10.0; Win64; x64) AppleWebKit/537.36 (KHTML, like Gecko) Chrome/75.0.3770.100 Safari/537.36"
190.200.96.28 - - [01/Jul/2019:11:45:40 -0400] "GET /img/6apps.65321.14343301090572358.2000000000007864118.jpg HTTP/1.1" 304 - "http://www.bumsgames.com.ve/" "Mozilla/5.0 (Windows NT 10.0; Win64; x64) AppleWebKit/537.36 (KHTML, like Gecko) Chrome/75.0.3770.100 Safari/537.36"
190.200.96.28 - - [01/Jul/2019:11:45:40 -0400] "GET /img/8apps.65321.14343301090572358.2000000000007864118.jpg HTTP/1.1" 304 - "http://www.bumsgames.com.ve/" "Mozilla/5.0 (Windows NT 10.0; Win64; x64) AppleWebKit/537.36 (KHTML, like Gecko) Chrome/75.0.3770.100 Safari/537.36"
190.200.96.28 - - [01/Jul/2019:11:45:40 -0400] "GET /img/17image.jpg HTTP/1.1" 304 - "http://www.bumsgames.com.ve/" "Mozilla/5.0 (Windows NT 10.0; Win64; x64) AppleWebKit/537.36 (KHTML, like Gecko) Chrome/75.0.3770.100 Safari/537.36"
190.200.96.28 - - [01/Jul/2019:11:45:40 -0400] "GET /img/1556489357.jpg HTTP/1.1" 200 26853 "http://www.bumsgames.com.ve/" "Mozilla/5.0 (Windows NT 10.0; Win64; x64) AppleWebKit/537.36 (KHTML, like Gecko) Chrome/75.0.3770.100 Safari/537.36"
190.200.96.28 - - [01/Jul/2019:11:45:40 -0400] "GET /img/1555988437.jpg HTTP/1.1" 200 26853 "http://www.bumsgames.com.ve/" "Mozilla/5.0 (Windows NT 10.0; Win64; x64) AppleWebKit/537.36 (KHTML, like Gecko) Chrome/75.0.3770.100 Safari/537.36"
190.200.96.28 - - [01/Jul/2019:11:45:40 -0400] "GET /img/1555987080.jpg HTTP/1.1" 200 26853 "http://www.bumsgames.com.ve/" "Mozilla/5.0 (Windows NT 10.0; Win64; x64) AppleWebKit/537.36 (KHTML, like Gecko) Chrome/75.0.3770.100 Safari/537.36"
190.198.137.161 - - [01/Jul/2019:11:45:44 -0400] "GET /markAsRead HTTP/1.1" 302 440 "http://bumsgames.com.ve/aplicar_filtros_multiples" "Mozilla/5.0 (Windows NT 6.1) AppleWebKit/537.36 (KHTML, like Gecko) Chrome/75.0.3770.100 Safari/537.36"
190.200.96.28 - - [01/Jul/2019:11:45:39 -0400] "GET /img/55exp%20motor.PNG HTTP/1.1" 200 314721 "http://www.bumsgames.com.ve/" "Mozilla/5.0 (Windows NT 10.0; Win64; x64) AppleWebKit/537.36 (KHTML, like Gecko) Chrome/75.0.3770.100 Safari/537.36"
190.200.96.28 - - [01/Jul/2019:11:45:52 -0400] "GET /img/53NBA%20LIVE%2018.jpg HTTP/1.1" 200 23443 "http://www.bumsgames.com.ve/lista_escrita" "Mozilla/5.0 (Windows NT 10.0; Win64; x64) AppleWebKit/537.36 (KHTML, like Gecko) Chrome/75.0.3770.100 Safari/537.36"
190.200.96.28 - - [01/Jul/2019:11:45:52 -0400] "GET /img/logops.png HTTP/1.1" 200 26853 "http://www.bumsgames.com.ve/lista_escrita" "Mozilla/5.0 (Windows NT 10.0; Win64; x64) AppleWebKit/537.36 (KHTML, like Gecko) Chrome/75.0.3770.100 Safari/537.36"
190.200.96.28 - - [01/Jul/2019:11:45:52 -0400] "GET /js/jquery.zoom.js HTTP/1.1" 200 26853 "http://www.bumsgames.com.ve/lista_escrita" "Mozilla/5.0 (Windows NT 10.0; Win64; x64) AppleWebKit/537.36 (KHTML, like Gecko) Chrome/75.0.3770.100 Safari/537.36"
190.77.210.113 - - [01/Jul/2019:11:45:53 -0400] "GET /buscar_articulo_bums?name=nba+2k HTTP/1.1" 200 83259 "http://bumsgames.com.ve/buscar_articulo_bums?name=street" "Mozilla/5.0 (Windows NT 10.0; Win64; x64) AppleWebKit/537.36 (KHTML, like Gecko) Chrome/73.0.3683.103 Safari/537.36 OPR/60.0.3255.170"
190.200.96.28 - - [01/Jul/2019:11:45:53 -0400] "GET /img/59nfs_most_wanted.jpg HTTP/1.1" 200 166402 "http://www.bumsgames.com.ve/lista_escrita" "Mozilla/5.0 (Windows NT 10.0; Win64; x64) AppleWebKit/537.36 (KHTML, like Gecko) Chrome/75.0.3770.100 Safari/537.36"
190.77.210.113 - - [01/Jul/2019:11:45:54 -0400] "GET /img/31image.jpg HTTP/1.1" 304 - "http://bumsgames.com.ve/buscar_articulo_bums?name=nba+2k" "Mozilla/5.0 (Windows NT 10.0; Win64; x64) AppleWebKit/537.36 (KHTML, like Gecko) Chrome/73.0.3683.103 Safari/537.36 OPR/60.0.3255.170"
190.77.210.113 - - [01/Jul/2019:11:45:53 -0400] "GET /js/jquery.zoom.js HTTP/1.1" 200 26745 "http://bumsgames.com.ve/buscar_articulo_bums?name=nba+2k" "Mozilla/5.0 (Windows NT 10.0; Win64; x64) AppleWebKit/537.36 (KHTML, like Gecko) Chrome/73.0.3683.103 Safari/537.36 OPR/60.0.3255.170"
190.77.210.113 - - [01/Jul/2019:11:45:54 -0400] "GET /img/11image.jpg HTTP/1.1" 304 - "http://bumsgames.com.ve/buscar_articulo_bums?name=nba+2k" "Mozilla/5.0 (Windows NT 10.0; Win64; x64) AppleWebKit/537.36 (KHTML, like Gecko) Chrome/73.0.3683.103 Safari/537.36 OPR/60.0.3255.170"
190.77.210.113 - - [01/Jul/2019:11:45:54 -0400] "GET /img/3918NBA2K19.jpg HTTP/1.1" 200 86896 "http://bumsgames.com.ve/buscar_articulo_bums?name=nba+2k" "Mozilla/5.0 (Windows NT 10.0; Win64; x64) AppleWebKit/537.36 (KHTML, like Gecko) Chrome/73.0.3683.103 Safari/537.36 OPR/60.0.3255.170"
190.77.210.113 - - [01/Jul/2019:11:45:54 -0400] "GET /img/17image.jpg HTTP/1.1" 304 - "http://bumsgames.com.ve/buscar_articulo_bums?name=nba+2k" "Mozilla/5.0 (Windows NT 10.0; Win64; x64) AppleWebKit/537.36 (KHTML, like Gecko) Chrome/73.0.3683.103 Safari/537.36 OPR/60.0.3255.170"
190.77.210.113 - - [01/Jul/2019:11:45:54 -0400] "GET /img/logops.png HTTP/1.1" 200 26745 "http://bumsgames.com.ve/buscar_articulo_bums?name=nba+2k" "Mozilla/5.0 (Windows NT 10.0; Win64; x64) AppleWebKit/537.36 (KHTML, like Gecko) Chrome/73.0.3683.103 Safari/537.36 OPR/60.0.3255.170"
190.200.96.28 - - [01/Jul/2019:11:45:50 -0400] "GET /lista_escrita HTTP/1.1" 200 201528 "http://www.bumsgames.com.ve/" "Mozilla/5.0 (Windows NT 10.0; Win64; x64) AppleWebKit/537.36 (KHTML, like Gecko) Chrome/75.0.3770.100 Safari/537.36"
190.77.210.113 - - [01/Jul/2019:11:45:55 -0400] "GET /img/391_nba_2k15.jpg HTTP/1.1" 200 53360 "http://bumsgames.com.ve/buscar_articulo_bums?name=nba+2k" "Mozilla/5.0 (Windows NT 10.0; Win64; x64) AppleWebKit/537.36 (KHTML, like Gecko) Chrome/73.0.3683.103 Safari/537.36 OPR/60.0.3255.170"
190.77.210.113 - - [01/Jul/2019:11:45:55 -0400] "GET /img/301_nba_2k15.jpg HTTP/1.1" 200 53360 "http://bumsgames.com.ve/buscar_articulo_bums?name=nba+2k" "Mozilla/5.0 (Windows NT 10.0; Win64; x64) AppleWebKit/537.36 (KHTML, like Gecko) Chrome/73.0.3683.103 Safari/537.36 OPR/60.0.3255.170"
190.200.96.28 - - [01/Jul/2019:11:45:52 -0400] "GET /img/39FIFA%2018.jpg HTTP/1.1" 200 225519 "http://www.bumsgames.com.ve/lista_escrita" "Mozilla/5.0 (Windows NT 10.0; Win64; x64) AppleWebKit/537.36 (KHTML, like Gecko) Chrome/75.0.3770.100 Safari/537.36"
190.77.210.113 - - [01/Jul/2019:11:45:56 -0400] "GET /img/16NBA%202K%20Playgrounds%2021111.jpg HTTP/1.1" 200 51888 "http://bumsgames.com.ve/buscar_articulo_bums?name=nba+2k" "Mozilla/5.0 (Windows NT 10.0; Win64; x64) AppleWebKit/537.36 (KHTML, like Gecko) Chrome/73.0.3683.103 Safari/537.36 OPR/60.0.3255.170"
190.77.210.113 - - [01/Jul/2019:11:45:57 -0400] "GET /img/29NBA%202K%20PLAYGROUnds%20xb1.jpg HTTP/1.1" 200 83363 "http://bumsgames.com.ve/buscar_articulo_bums?name=nba+2k" "Mozilla/5.0 (Windows NT 10.0; Win64; x64) AppleWebKit/537.36 (KHTML, like Gecko) Chrome/73.0.3683.103 Safari/537.36 OPR/60.0.3255.170"
190.200.96.28 - - [01/Jul/2019:11:45:57 -0400] "GET /js/jquery.zoom.js HTTP/1.1" 200 26853 "http://www.bumsgames.com.ve/lista_escrita" "Mozilla/5.0 (Windows NT 10.0; Win64; x64) AppleWebKit/537.36 (KHTML, like Gecko) Chrome/75.0.3770.100 Safari/537.36"
190.77.210.113 - - [01/Jul/2019:11:45:55 -0400] "GET /img/27WhatsApp%20Image%202019-06-12%20at%2011.35.37.jpeg HTTP/1.1" 200 111814 "http://bumsgames.com.ve/buscar_articulo_bums?name=nba+2k" "Mozilla/5.0 (Windows NT 10.0; Win64; x64) AppleWebKit/537.36 (KHTML, like Gecko) Chrome/73.0.3683.103 Safari/537.36 OPR/60.0.3255.170"
190.77.210.113 - - [01/Jul/2019:11:45:57 -0400] "GET /img/21WhatsApp%20Image%202019-03-21%20at%207.17.22%20PM.jpeg HTTP/1.1" 200 61153 "http://bumsgames.com.ve/buscar_articulo_bums?name=nba+2k" "Mozilla/5.0 (Windows NT 10.0; Win64; x64) AppleWebKit/537.36 (KHTML, like Gecko) Chrome/73.0.3683.103 Safari/537.36 OPR/60.0.3255.170"
190.77.210.113 - - [01/Jul/2019:11:45:54 -0400] "GET /img/3WhatsApp%20Image%202019-06-20%20at%2017.17.49.jpeg HTTP/1.1" 200 155610 "http://bumsgames.com.ve/buscar_articulo_bums?name=nba+2k" "Mozilla/5.0 (Windows NT 10.0; Win64; x64) AppleWebKit/537.36 (KHTML, like Gecko) Chrome/73.0.3683.103 Safari/537.36 OPR/60.0.3255.170"
190.200.96.28 - - [01/Jul/2019:11:45:58 -0400] "GET /img/39FIFA%2018.jpg HTTP/1.1" 206 1 "http://www.bumsgames.com.ve/lista_escrita" "Mozilla/5.0 (Windows NT 10.0; Win64; x64) AppleWebKit/537.36 (KHTML, like Gecko) Chrome/75.0.3770.100 Safari/537.36"
190.200.96.28 - - [01/Jul/2019:11:45:58 -0400] "GET /img/logops.png HTTP/1.1" 200 26853 "http://www.bumsgames.com.ve/lista_escrita" "Mozilla/5.0 (Windows NT 10.0; Win64; x64) AppleWebKit/537.36 (KHTML, like Gecko) Chrome/75.0.3770.100 Safari/537.36"
190.200.96.28 - - [01/Jul/2019:11:45:58 -0400] "GET /img/39FIFA%2018.jpg HTTP/1.1" 206 24284 "http://www.bumsgames.com.ve/lista_escrita" "Mozilla/5.0 (Windows NT 10.0; Win64; x64) AppleWebKit/537.36 (KHTML, like Gecko) Chrome/75.0.3770.100 Safari/537.36"
190.200.96.28 - - [01/Jul/2019:11:45:56 -0400] "POST /lista_escrita HTTP/1.1" 200 201528 "http://www.bumsgames.com.ve/lista_escrita" "Mozilla/5.0 (Windows NT 10.0; Win64; x64) AppleWebKit/537.36 (KHTML, like Gecko) Chrome/75.0.3770.100 Safari/537.36"
190.77.210.113 - - [01/Jul/2019:11:46:00 -0400] "GET /img/38NBA%202K%20PLAYGROUnds.jpg HTTP/1.1" 200 79790 "http://bumsgames.com.ve/buscar_articulo_bums?name=nba+2k" "Mozilla/5.0 (Windows NT 10.0; Win64; x64) AppleWebKit/537.36 (KHTML, like Gecko) Chrome/73.0.3683.103 Safari/537.36 OPR/60.0.3255.170"
190.200.96.28 - - [01/Jul/2019:11:46:05 -0400] "GET /prueba?id_coin=2 HTTP/1.1" 302 408 "http://www.bumsgames.com.ve/lista_escrita" "Mozilla/5.0 (Windows NT 10.0; Win64; x64) AppleWebKit/537.36 (KHTML, like Gecko) Chrome/75.0.3770.100 Safari/537.36"
190.77.210.113 - - [01/Jul/2019:11:45:55 -0400] "GET /img/26NBA%202K%20PLAYGROUNDS%202.jpg HTTP/1.1" 200 268028 "http://bumsgames.com.ve/buscar_articulo_bums?name=nba+2k" "Mozilla/5.0 (Windows NT 10.0; Win64; x64) AppleWebKit/537.36 (KHTML, like Gecko) Chrome/73.0.3683.103 Safari/537.36 OPR/60.0.3255.170"
190.200.96.28 - - [01/Jul/2019:11:46:06 -0400] "GET /js/jquery.zoom.js HTTP/1.1" 200 26845 "http://www.bumsgames.com.ve/lista_escrita" "Mozilla/5.0 (Windows NT 10.0; Win64; x64) AppleWebKit/537.36 (KHTML, like Gecko) Chrome/75.0.3770.100 Safari/537.36"
190.200.96.28 - - [01/Jul/2019:11:46:07 -0400] "GET /img/logops.png HTTP/1.1" 200 26845 "http://www.bumsgames.com.ve/lista_escrita" "Mozilla/5.0 (Windows NT 10.0; Win64; x64) AppleWebKit/537.36 (KHTML, like Gecko) Chrome/75.0.3770.100 Safari/537.36"
190.200.96.28 - - [01/Jul/2019:11:46:05 -0400] "GET /lista_escrita HTTP/1.1" 200 196343 "http://www.bumsgames.com.ve/lista_escrita" "Mozilla/5.0 (Windows NT 10.0; Win64; x64) AppleWebKit/537.36 (KHTML, like Gecko) Chrome/75.0.3770.100 Safari/537.36"
190.77.210.113 - - [01/Jul/2019:11:46:00 -0400] "GET /img/13NBA%202K%20PLAYGROUNDS%202.jpg HTTP/1.1" 200 268028 "http://bumsgames.com.ve/buscar_articulo_bums?name=nba+2k" "Mozilla/5.0 (Windows NT 10.0; Win64; x64) AppleWebKit/537.36 (KHTML, like Gecko) Chrome/73.0.3683.103 Safari/537.36 OPR/60.0.3255.170"
190.77.210.113 - - [01/Jul/2019:11:45:59 -0400] "GET /img/1NBA%202K%20PLAYGROUNDS%202.jpg HTTP/1.1" 200 268028 "http://bumsgames.com.ve/buscar_articulo_bums?name=nba+2k" "Mozilla/5.0 (Windows NT 10.0; Win64; x64) AppleWebKit/537.36 (KHTML, like Gecko) Chrome/73.0.3683.103 Safari/537.36 OPR/60.0.3255.170"
190.198.137.161 - - [01/Jul/2019:11:45:45 -0400] "GET /aplicar_filtros_multiples HTTP/1.1" 200 14280437 "http://bumsgames.com.ve/aplicar_filtros_multiples" "Mozilla/5.0 (Windows NT 6.1) AppleWebKit/537.36 (KHTML, like Gecko) Chrome/75.0.3770.100 Safari/537.36"
190.198.137.161 - - [01/Jul/2019:11:47:07 -0400] "POST /aplicar_filtros_multiples HTTP/1.1" 200 51998 "http://bumsgames.com.ve/allArticles" "Mozilla/5.0 (Windows NT 6.1) AppleWebKit/537.36 (KHTML, like Gecko) Chrome/75.0.3770.100 Safari/537.36"
190.198.137.161 - - [01/Jul/2019:11:48:32 -0400] "POST /modificacion_rapida HTTP/1.1" 200 550 "http://bumsgames.com.ve/aplicar_filtros_multiples" "Mozilla/5.0 (Windows NT 6.1) AppleWebKit/537.36 (KHTML, like Gecko) Chrome/75.0.3770.100 Safari/537.36"
190.198.137.161 - - [01/Jul/2019:11:48:44 -0400] "POST /realizar_modificacion HTTP/1.1" 200 21 "http://bumsgames.com.ve/aplicar_filtros_multiples" "Mozilla/5.0 (Windows NT 6.1) AppleWebKit/537.36 (KHTML, like Gecko) Chrome/75.0.3770.100 Safari/537.36"
190.198.137.161 - - [01/Jul/2019:11:48:59 -0400] "POST /aplicar_filtros_multiples HTTP/1.1" 200 51996 "http://bumsgames.com.ve/allArticles" "Mozilla/5.0 (Windows NT 6.1) AppleWebKit/537.36 (KHTML, like Gecko) Chrome/75.0.3770.100 Safari/537.36"
190.198.137.161 - - [01/Jul/2019:11:49:00 -0400] "GET /img/LOGO.ico HTTP/1.1" 200 270398 "http://bumsgames.com.ve/aplicar_filtros_multiples" "Mozilla/5.0 (Windows NT 6.1) AppleWebKit/537.36 (KHTML, like Gecko) Chrome/75.0.3770.100 Safari/537.36"
190.198.137.161 - - [01/Jul/2019:11:49:25 -0400] "POST /aplicar_filtros_multiples HTTP/1.1" 200 61665 "http://bumsgames.com.ve/allArticles" "Mozilla/5.0 (Windows NT 6.1) AppleWebKit/537.36 (KHTML, like Gecko) Chrome/75.0.3770.100 Safari/537.36"
190.198.137.161 - - [01/Jul/2019:11:51:20 -0400] "POST /modificacion_rapida HTTP/1.1" 200 534 "http://bumsgames.com.ve/aplicar_filtros_multiples" "Mozilla/5.0 (Windows NT 6.1) AppleWebKit/537.36 (KHTML, like Gecko) Chrome/75.0.3770.100 Safari/537.36"
190.198.137.161 - - [01/Jul/2019:11:51:32 -0400] "POST /realizar_modificacion HTTP/1.1" 200 21 "http://bumsgames.com.ve/aplicar_filtros_multiples" "Mozilla/5.0 (Windows NT 6.1) AppleWebKit/537.36 (KHTML, like Gecko) Chrome/75.0.3770.100 Safari/537.36"
190.198.137.161 - - [01/Jul/2019:11:51:46 -0400] "POST /aplicar_filtros_multiples HTTP/1.1" 200 61665 "http://bumsgames.com.ve/allArticles" "Mozilla/5.0 (Windows NT 6.1) AppleWebKit/537.36 (KHTML, like Gecko) Chrome/75.0.3770.100 Safari/537.36"
190.198.137.161 - - [01/Jul/2019:11:51:47 -0400] "GET /img/LOGO.ico HTTP/1.1" 200 270398 "http://bumsgames.com.ve/aplicar_filtros_multiples" "Mozilla/5.0 (Windows NT 6.1) AppleWebKit/537.36 (KHTML, like Gecko) Chrome/75.0.3770.100 Safari/537.36"
190.198.137.161 - - [01/Jul/2019:11:52:34 -0400] "POST /aplicar_filtros_multiples HTTP/1.1" 200 61665 "http://bumsgames.com.ve/allArticles" "Mozilla/5.0 (Windows NT 6.1) AppleWebKit/537.36 (KHTML, like Gecko) Chrome/75.0.3770.100 Safari/537.36"
190.198.137.161 - - [01/Jul/2019:11:52:37 -0400] "GET /img/LOGO.ico HTTP/1.1" 200 270398 "http://bumsgames.com.ve/aplicar_filtros_multiples" "Mozilla/5.0 (Windows NT 6.1) AppleWebKit/537.36 (KHTML, like Gecko) Chrome/75.0.3770.100 Safari/537.36"
190.198.137.161 - - [01/Jul/2019:11:53:10 -0400] "POST /aplicar_filtros_multiples HTTP/1.1" 200 51457 "http://bumsgames.com.ve/allArticles" "Mozilla/5.0 (Windows NT 6.1) AppleWebKit/537.36 (KHTML, like Gecko) Chrome/75.0.3770.100 Safari/537.36"
190.198.137.161 - - [01/Jul/2019:11:53:12 -0400] "GET /img/LOGO.ico HTTP/1.1" 206 1 "http://bumsgames.com.ve/aplicar_filtros_multiples" "Mozilla/5.0 (Windows NT 6.1) AppleWebKit/537.36 (KHTML, like Gecko) Chrome/75.0.3770.100 Safari/537.36"
190.198.137.161 - - [01/Jul/2019:11:53:12 -0400] "GET /img/LOGO.ico HTTP/1.1" 206 256045 "http://bumsgames.com.ve/aplicar_filtros_multiples" "Mozilla/5.0 (Windows NT 6.1) AppleWebKit/537.36 (KHTML, like Gecko) Chrome/75.0.3770.100 Safari/537.36"
66.249.88.31 - - [01/Jul/2019:11:54:20 -0400] "GET / HTTP/1.1" 200 92163 "-" "Mozilla/5.0 (Linux; Android 9; SM-A305G) AppleWebKit/537.36 (KHTML, like Gecko) Chrome/75.0.3770.89 Mobile Safari/537.36"
66.249.88.31 - - [01/Jul/2019:11:54:21 -0400] "GET /css/bums_v2.css HTTP/1.1" 200 35670 "http://www.bumsgames.com.ve/" "Mozilla/5.0 (Linux; Android 9; SM-A305G) AppleWebKit/537.36 (KHTML, like Gecko) Chrome/75.0.3770.89 Mobile Safari/537.36"
66.249.88.29 - - [01/Jul/2019:11:54:21 -0400] "GET /css/bums.css HTTP/1.1" 200 6417 "http://www.bumsgames.com.ve/" "Mozilla/5.0 (Linux; Android 9; SM-A305G) AppleWebKit/537.36 (KHTML, like Gecko) Chrome/75.0.3770.89 Mobile Safari/537.36"
66.249.88.29 - - [01/Jul/2019:11:54:21 -0400] "GET /js/jquery.zoom.js HTTP/1.1" 200 26853 "http://www.bumsgames.com.ve/" "Mozilla/5.0 (Linux; Android 9; SM-A305G) AppleWebKit/537.36 (KHTML, like Gecko) Chrome/75.0.3770.89 Mobile Safari/537.36"
66.249.88.29 - - [01/Jul/2019:11:54:22 -0400] "GET /img/lo2.png HTTP/1.1" 200 2627 "http://www.bumsgames.com.ve/" "Mozilla/5.0 (Linux; Android 9; SM-A305G) AppleWebKit/537.36 (KHTML, like Gecko) Chrome/75.0.3770.89 Mobile Safari/537.36"
66.249.88.31 - - [01/Jul/2019:11:54:22 -0400] "GET /js/bums_v2.js HTTP/1.1" 200 15524 "http://www.bumsgames.com.ve/" "Mozilla/5.0 (Linux; Android 9; SM-A305G) AppleWebKit/537.36 (KHTML, like Gecko) Chrome/75.0.3770.89 Mobile Safari/537.36"
66.249.88.29 - - [01/Jul/2019:11:54:22 -0400] "GET /img/ps4-features-communication-article01-r-20170302.png HTTP/1.1" 200 14992 "http://www.bumsgames.com.ve/" "Mozilla/5.0 (Linux; Android 9; SM-A305G) AppleWebKit/537.36 (KHTML, like Gecko) Chrome/75.0.3770.89 Mobile Safari/537.36"
66.249.88.29 - - [01/Jul/2019:11:54:22 -0400] "GET /js/bootstrap.min.js HTTP/1.1" 200 50694 "http://www.bumsgames.com.ve/" "Mozilla/5.0 (Linux; Android 9; SM-A305G) AppleWebKit/537.36 (KHTML, like Gecko) Chrome/75.0.3770.89 Mobile Safari/537.36"
66.249.88.27 - - [01/Jul/2019:11:54:22 -0400] "GET /js/bums.js HTTP/1.1" 200 81091 "http://www.bumsgames.com.ve/" "Mozilla/5.0 (Linux; Android 9; SM-A305G) AppleWebKit/537.36 (KHTML, like Gecko) Chrome/75.0.3770.89 Mobile Safari/537.36"
66.249.88.31 - - [01/Jul/2019:11:54:22 -0400] "GET /img/o_1540822017_7c7421c1f2645dc8ea7ad503a1851e6d.png HTTP/1.1" 200 252691 "http://www.bumsgames.com.ve/" "Mozilla/5.0 (Linux; Android 9; SM-A305G) AppleWebKit/537.36 (KHTML, like Gecko) Chrome/75.0.3770.89 Mobile Safari/537.36"
66.249.88.31 - - [01/Jul/2019:11:54:23 -0400] "GET /img/juegos_digitalesps3.png HTTP/1.1" 200 48667 "http://www.bumsgames.com.ve/" "Mozilla/5.0 (Linux; Android 9; SM-A305G) AppleWebKit/537.36 (KHTML, like Gecko) Chrome/75.0.3770.89 Mobile Safari/537.36"
66.249.88.27 - - [01/Jul/2019:11:54:23 -0400] "GET /img/videojuegos.png HTTP/1.1" 200 170464 "http://www.bumsgames.com.ve/" "Mozilla/5.0 (Linux; Android 9; SM-A305G) AppleWebKit/537.36 (KHTML, like Gecko) Chrome/75.0.3770.89 Mobile Safari/537.36"
66.249.88.29 - - [01/Jul/2019:11:54:23 -0400] "GET /img/s26gt2awyl8bme7jsknu.jpg HTTP/1.1" 200 44033 "http://www.bumsgames.com.ve/" "Mozilla/5.0 (Linux; Android 9; SM-A305G) AppleWebKit/537.36 (KHTML, like Gecko) Chrome/75.0.3770.89 Mobile Safari/537.36"
66.249.88.31 - - [01/Jul/2019:11:54:23 -0400] "GET /img/descarga%20(2).jpg HTTP/1.1" 200 12530 "http://www.bumsgames.com.ve/" "Mozilla/5.0 (Linux; Android 9; SM-A305G) AppleWebKit/537.36 (KHTML, like Gecko) Chrome/75.0.3770.89 Mobile Safari/537.36"
66.249.88.27 - - [01/Jul/2019:11:54:23 -0400] "GET /img/5848294ecef1014c0b5e49f9.png HTTP/1.1" 200 55181 "http://www.bumsgames.com.ve/" "Mozilla/5.0 (Linux; Android 9; SM-A305G) AppleWebKit/537.36 (KHTML, like Gecko) Chrome/75.0.3770.89 Mobile Safari/537.36"
66.249.88.29 - - [01/Jul/2019:11:54:23 -0400] "GET /img/badred.jpg HTTP/1.1" 200 900 "http://www.bumsgames.com.ve/" "Mozilla/5.0 (Linux; Android 9; SM-A305G) AppleWebKit/537.36 (KHTML, like Gecko) Chrome/75.0.3770.89 Mobile Safari/537.36"
66.249.88.27 - - [01/Jul/2019:11:54:23 -0400] "GET /img/family.jpg HTTP/1.1" 200 42060 "http://www.bumsgames.com.ve/" "Mozilla/5.0 (Linux; Android 9; SM-A305G) AppleWebKit/537.36 (KHTML, like Gecko) Chrome/75.0.3770.89 Mobile Safari/537.36"
66.249.88.31 - - [01/Jul/2019:11:54:23 -0400] "GET /img/fondo12.jpg HTTP/1.1" 200 102096 "http://www.bumsgames.com.ve/css/bums_v2.css" "Mozilla/5.0 (Linux; Android 9; SM-A305G) AppleWebKit/537.36 (KHTML, like Gecko) Chrome/75.0.3770.89 Mobile Safari/537.36"
66.249.88.29 - - [01/Jul/2019:11:54:23 -0400] "GET /img/imag10.png HTTP/1.1" 200 581671 "http://www.bumsgames.com.ve/" "Mozilla/5.0 (Linux; Android 9; SM-A305G) AppleWebKit/537.36 (KHTML, like Gecko) Chrome/75.0.3770.89 Mobile Safari/537.36"
66.249.88.29 - - [01/Jul/2019:11:54:23 -0400] "GET /img/logo-f.png HTTP/1.1" 200 53259 "http://www.bumsgames.com.ve/" "Mozilla/5.0 (Linux; Android 9; SM-A305G) AppleWebKit/537.36 (KHTML, like Gecko) Chrome/75.0.3770.89 Mobile Safari/537.36"
66.249.88.27 - - [01/Jul/2019:11:54:23 -0400] "GET /img/49celulares.jpg HTTP/1.1" 200 41540 "http://www.bumsgames.com.ve/" "Mozilla/5.0 (Linux; Android 9; SM-A305G) AppleWebKit/537.36 (KHTML, like Gecko) Chrome/75.0.3770.89 Mobile Safari/537.36"
66.249.88.27 - - [01/Jul/2019:11:54:23 -0400] "GET /img/logo-i.png HTTP/1.1" 200 466416 "http://www.bumsgames.com.ve/" "Mozilla/5.0 (Linux; Android 9; SM-A305G) AppleWebKit/537.36 (KHTML, like Gecko) Chrome/75.0.3770.89 Mobile Safari/537.36"
66.249.88.29 - - [01/Jul/2019:11:54:23 -0400] "GET /img/venezuela.jpg HTTP/1.1" 200 15937 "http://www.bumsgames.com.ve/" "Mozilla/5.0 (Linux; Android 9; SM-A305G) AppleWebKit/537.36 (KHTML, like Gecko) Chrome/75.0.3770.89 Mobile Safari/537.36"
66.249.88.27 - - [01/Jul/2019:11:54:23 -0400] "GET /img/logo-m.png HTTP/1.1" 200 186843 "http://www.bumsgames.com.ve/" "Mozilla/5.0 (Linux; Android 9; SM-A305G) AppleWebKit/537.36 (KHTML, like Gecko) Chrome/75.0.3770.89 Mobile Safari/537.36"
66.249.88.27 - - [01/Jul/2019:11:54:23 -0400] "GET /img/nintendo_switch_png_934404.png HTTP/1.1" 200 284110 "http://www.bumsgames.com.ve/" "Mozilla/5.0 (Linux; Android 9; SM-A305G) AppleWebKit/537.36 (KHTML, like Gecko) Chrome/75.0.3770.89 Mobile Safari/537.36"
66.249.88.29 - - [01/Jul/2019:11:54:24 -0400] "GET /img/membresia.png HTTP/1.1" 200 9523 "http://www.bumsgames.com.ve/" "Mozilla/5.0 (Linux; Android 9; SM-A305G) AppleWebKit/537.36 (KHTML, like Gecko) Chrome/75.0.3770.89 Mobile Safari/537.36"
66.249.88.31 - - [01/Jul/2019:11:54:24 -0400] "GET /img/pelota.png HTTP/1.1" 200 218617 "http://www.bumsgames.com.ve/" "Mozilla/5.0 (Linux; Android 9; SM-A305G) AppleWebKit/537.36 (KHTML, like Gecko) Chrome/75.0.3770.89 Mobile Safari/537.36"
66.249.88.29 - - [01/Jul/2019:11:54:24 -0400] "GET /img/mario-kart-8-deluxe-super-mario-odyssey-aprovecha-solo-hoy-D_NQ_NP_628024-MLM26827789769_022018-F.jpg HTTP/1.1" 200 270728 "http://www.bumsgames.com.ve/" "Mozilla/5.0 (Linux; Android 9; SM-A305G) AppleWebKit/537.36 (KHTML, like Gecko) Chrome/75.0.3770.89 Mobile Safari/537.36"
66.249.88.27 - - [01/Jul/2019:11:54:24 -0400] "GET /img/nada.jpg HTTP/1.1" 200 81104 "http://www.bumsgames.com.ve/" "Mozilla/5.0 (Linux; Android 9; SM-A305G) AppleWebKit/537.36 (KHTML, like Gecko) Chrome/75.0.3770.89 Mobile Safari/537.36"
66.249.88.31 - - [01/Jul/2019:11:54:25 -0400] "GET /img/logobums2.png HTTP/1.1" 200 2781 "http://www.bumsgames.com.ve/" "Mozilla/5.0 (Linux; Android 9; SM-A305G) AppleWebKit/537.36 (KHTML, like Gecko) Chrome/75.0.3770.89 Mobile Safari/537.36"
66.249.88.31 - - [01/Jul/2019:11:54:25 -0400] "GET /img/61a25413-e695-49bc-b739-12c23c5b0e1c.jpg HTTP/1.1" 200 39564 "http://www.bumsgames.com.ve/" "Mozilla/5.0 (Linux; Android 9; SM-A305G) AppleWebKit/537.36 (KHTML, like Gecko) Chrome/75.0.3770.89 Mobile Safari/537.36"
66.249.88.27 - - [01/Jul/2019:11:54:25 -0400] "GET /img/logops.png HTTP/1.1" 200 26853 "http://www.bumsgames.com.ve/" "Mozilla/5.0 (Linux; Android 9; SM-A305G) AppleWebKit/537.36 (KHTML, like Gecko) Chrome/75.0.3770.89 Mobile Safari/537.36"
66.249.88.31 - - [01/Jul/2019:11:54:25 -0400] "GET /img/gamepad.jpg HTTP/1.1" 200 54679 "http://www.bumsgames.com.ve/" "Mozilla/5.0 (Linux; Android 9; SM-A305G) AppleWebKit/537.36 (KHTML, like Gecko) Chrome/75.0.3770.89 Mobile Safari/537.36"
66.249.88.31 - - [01/Jul/2019:11:54:25 -0400] "GET /img/14exp%20tony%20hank.PNG HTTP/1.1" 200 304835 "http://www.bumsgames.com.ve/" "Mozilla/5.0 (Linux; Android 9; SM-A305G) AppleWebKit/537.36 (KHTML, like Gecko) Chrome/75.0.3770.89 Mobile Safari/537.36"
66.249.88.27 - - [01/Jul/2019:11:54:25 -0400] "GET /img/54Saint%20Seiya%20Soldiers'%20Soul.jpg HTTP/1.1" 200 36488 "http://www.bumsgames.com.ve/" "Mozilla/5.0 (Linux; Android 9; SM-A305G) AppleWebKit/537.36 (KHTML, like Gecko) Chrome/75.0.3770.89 Mobile Safari/537.36"
66.249.88.31 - - [01/Jul/2019:11:54:25 -0400] "GET /img/55exp%20motor.PNG HTTP/1.1" 200 314721 "http://www.bumsgames.com.ve/" "Mozilla/5.0 (Linux; Android 9; SM-A305G) AppleWebKit/537.36 (KHTML, like Gecko) Chrome/75.0.3770.89 Mobile Safari/537.36"
66.249.88.29 - - [01/Jul/2019:11:54:25 -0400] "GET /img/38image%20(2).jpg HTTP/1.1" 200 22322 "http://www.bumsgames.com.ve/" "Mozilla/5.0 (Linux; Android 9; SM-A305G) AppleWebKit/537.36 (KHTML, like Gecko) Chrome/75.0.3770.89 Mobile Safari/537.36"
66.249.88.31 - - [01/Jul/2019:11:54:26 -0400] "GET /img/7image%20(2).jpg HTTP/1.1" 200 22322 "http://www.bumsgames.com.ve/" "Mozilla/5.0 (Linux; Android 9; SM-A305G) AppleWebKit/537.36 (KHTML, like Gecko) Chrome/75.0.3770.89 Mobile Safari/537.36"
66.249.88.29 - - [01/Jul/2019:11:54:26 -0400] "GET /img/5crash.jpg HTTP/1.1" 200 29735 "http://www.bumsgames.com.ve/" "Mozilla/5.0 (Linux; Android 9; SM-A305G) AppleWebKit/537.36 (KHTML, like Gecko) Chrome/75.0.3770.89 Mobile Safari/537.36"
66.249.88.31 - - [01/Jul/2019:11:54:26 -0400] "GET /img/52exp%20resident%20evil%20reveation.PNG HTTP/1.1" 200 289186 "http://www.bumsgames.com.ve/" "Mozilla/5.0 (Linux; Android 9; SM-A305G) AppleWebKit/537.36 (KHTML, like Gecko) Chrome/75.0.3770.89 Mobile Safari/537.36"
66.249.88.27 - - [01/Jul/2019:11:54:26 -0400] "GET /img/59WhatsApp%20Image%202019-04-28%20at%2011.09.05%20AM.jpeg HTTP/1.1" 200 88406 "http://www.bumsgames.com.ve/" "Mozilla/5.0 (Linux; Android 9; SM-A305G) AppleWebKit/537.36 (KHTML, like Gecko) Chrome/75.0.3770.89 Mobile Safari/537.36"
66.249.88.27 - - [01/Jul/2019:11:54:26 -0400] "GET /img/14exp%20f1%202014.PNG HTTP/1.1" 200 321403 "http://www.bumsgames.com.ve/" "Mozilla/5.0 (Linux; Android 9; SM-A305G) AppleWebKit/537.36 (KHTML, like Gecko) Chrome/75.0.3770.89 Mobile Safari/537.36"
66.249.88.29 - - [01/Jul/2019:11:54:26 -0400] "GET /img/9exp%20batman%20arkan%20orign.PNG HTTP/1.1" 200 270007 "http://www.bumsgames.com.ve/" "Mozilla/5.0 (Linux; Android 9; SM-A305G) AppleWebKit/537.36 (KHTML, like Gecko) Chrome/75.0.3770.89 Mobile Safari/537.36"
66.249.88.27 - - [01/Jul/2019:11:54:26 -0400] "GET /img/40WhatsApp%20Image%202019-06-24%20at%2018.40.57.jpeg HTTP/1.1" 200 112897 "http://www.bumsgames.com.ve/" "Mozilla/5.0 (Linux; Android 9; SM-A305G) AppleWebKit/537.36 (KHTML, like Gecko) Chrome/75.0.3770.89 Mobile Safari/537.36"
66.249.88.29 - - [01/Jul/2019:11:54:26 -0400] "GET /img/21persona-5-www.culturageek.com_.ar_-e1514316199581.jpg HTTP/1.1" 200 105598 "http://www.bumsgames.com.ve/" "Mozilla/5.0 (Linux; Android 9; SM-A305G) AppleWebKit/537.36 (KHTML, like Gecko) Chrome/75.0.3770.89 Mobile Safari/537.36"
66.249.88.27 - - [01/Jul/2019:11:54:26 -0400] "GET /img/9WhatsApp%20Image%202019-06-24%20at%2016.05.33.jpeg HTTP/1.1" 200 72959 "http://www.bumsgames.com.ve/" "Mozilla/5.0 (Linux; Android 9; SM-A305G) AppleWebKit/537.36 (KHTML, like Gecko) Chrome/75.0.3770.89 Mobile Safari/537.36"
66.249.88.29 - - [01/Jul/2019:11:54:26 -0400] "GET /img/58WhatsApp%20Image%202019-06-24%20at%2016.05.33.jpeg HTTP/1.1" 200 72959 "http://www.bumsgames.com.ve/" "Mozilla/5.0 (Linux; Android 9; SM-A305G) AppleWebKit/537.36 (KHTML, like Gecko) Chrome/75.0.3770.89 Mobile Safari/537.36"
66.249.88.27 - - [01/Jul/2019:11:54:26 -0400] "GET /img/2dirt_rally_2-4798741.jpg HTTP/1.1" 200 23893 "http://www.bumsgames.com.ve/" "Mozilla/5.0 (Linux; Android 9; SM-A305G) AppleWebKit/537.36 (KHTML, like Gecko) Chrome/75.0.3770.89 Mobile Safari/537.36"
66.249.88.29 - - [01/Jul/2019:11:54:26 -0400] "GET /img/39dirt_rally_2-4798741.jpg HTTP/1.1" 200 23893 "http://www.bumsgames.com.ve/" "Mozilla/5.0 (Linux; Android 9; SM-A305G) AppleWebKit/537.36 (KHTML, like Gecko) Chrome/75.0.3770.89 Mobile Safari/537.36"
66.249.88.31 - - [01/Jul/2019:11:54:26 -0400] "GET /img/5071K9zZymtLL._SY550_.jpg HTTP/1.1" 200 61632 "http://www.bumsgames.com.ve/" "Mozilla/5.0 (Linux; Android 9; SM-A305G) AppleWebKit/537.36 (KHTML, like Gecko) Chrome/75.0.3770.89 Mobile Safari/537.36"
66.249.88.31 - - [01/Jul/2019:11:54:26 -0400] "GET /img/371K9zZymtLL._SY550_.jpg HTTP/1.1" 200 61632 "http://www.bumsgames.com.ve/" "Mozilla/5.0 (Linux; Android 9; SM-A305G) AppleWebKit/537.36 (KHTML, like Gecko) Chrome/75.0.3770.89 Mobile Safari/537.36"
66.249.88.31 - - [01/Jul/2019:11:54:26 -0400] "GET /img/6apps.65321.14343301090572358.2000000000007864118.jpg HTTP/1.1" 200 41731 "http://www.bumsgames.com.ve/" "Mozilla/5.0 (Linux; Android 9; SM-A305G) AppleWebKit/537.36 (KHTML, like Gecko) Chrome/75.0.3770.89 Mobile Safari/537.36"
66.249.88.29 - - [01/Jul/2019:11:54:26 -0400] "GET /img/46apps.65321.14343301090572358.2000000000007864118.jpg HTTP/1.1" 200 41731 "http://www.bumsgames.com.ve/" "Mozilla/5.0 (Linux; Android 9; SM-A305G) AppleWebKit/537.36 (KHTML, like Gecko) Chrome/75.0.3770.89 Mobile Safari/537.36"
66.249.88.27 - - [01/Jul/2019:11:54:27 -0400] "GET /img/1555988437.jpg HTTP/1.1" 200 26853 "http://www.bumsgames.com.ve/" "Mozilla/5.0 (Linux; Android 9; SM-A305G) AppleWebKit/537.36 (KHTML, like Gecko) Chrome/75.0.3770.89 Mobile Safari/537.36"
66.249.88.29 - - [01/Jul/2019:11:54:27 -0400] "GET /img/1257fallout%2076.jpg HTTP/1.1" 200 19812 "http://www.bumsgames.com.ve/" "Mozilla/5.0 (Linux; Android 9; SM-A305G) AppleWebKit/537.36 (KHTML, like Gecko) Chrome/75.0.3770.89 Mobile Safari/537.36"
66.249.88.31 - - [01/Jul/2019:11:54:27 -0400] "GET /img/34neli1.jpg HTTP/1.1" 200 43923 "http://www.bumsgames.com.ve/" "Mozilla/5.0 (Linux; Android 9; SM-A305G) AppleWebKit/537.36 (KHTML, like Gecko) Chrome/75.0.3770.89 Mobile Safari/537.36"
66.249.88.29 - - [01/Jul/2019:11:54:27 -0400] "GET /img/1556489357.jpg HTTP/1.1" 200 26853 "http://www.bumsgames.com.ve/" "Mozilla/5.0 (Linux; Android 9; SM-A305G) AppleWebKit/537.36 (KHTML, like Gecko) Chrome/75.0.3770.89 Mobile Safari/537.36"
66.249.88.31 - - [01/Jul/2019:11:54:27 -0400] "GET /img/1555987080.jpg HTTP/1.1" 200 26853 "http://www.bumsgames.com.ve/" "Mozilla/5.0 (Linux; Android 9; SM-A305G) AppleWebKit/537.36 (KHTML, like Gecko) Chrome/75.0.3770.89 Mobile Safari/537.36"
66.249.88.29 - - [01/Jul/2019:11:54:28 -0400] "GET /img/logo_circular.ico HTTP/1.1" 200 40315 "http://www.bumsgames.com.ve/" "Mozilla/5.0 (Linux; Android 9; SM-A305G) AppleWebKit/537.36 (KHTML, like Gecko) Chrome/75.0.3770.89 Mobile Safari/537.36"
66.249.88.29 - - [01/Jul/2019:11:54:33 -0400] "GET /prueba?id_coin=2 HTTP/1.1" 302 356 "http://www.bumsgames.com.ve/" "Mozilla/5.0 (Linux; Android 9; SM-A305G) AppleWebKit/537.36 (KHTML, like Gecko) Chrome/75.0.3770.89 Mobile Safari/537.36"
66.249.88.29 - - [01/Jul/2019:11:54:34 -0400] "GET / HTTP/1.1" 200 91976 "http://www.bumsgames.com.ve/" "Mozilla/5.0 (Linux; Android 9; SM-A305G) AppleWebKit/537.36 (KHTML, like Gecko) Chrome/75.0.3770.89 Mobile Safari/537.36"
66.249.88.27 - - [01/Jul/2019:11:54:34 -0400] "GET /img/usa.png HTTP/1.1" 200 8321 "http://www.bumsgames.com.ve/" "Mozilla/5.0 (Linux; Android 9; SM-A305G) AppleWebKit/537.36 (KHTML, like Gecko) Chrome/75.0.3770.89 Mobile Safari/537.36"
66.249.88.29 - - [01/Jul/2019:11:54:34 -0400] "GET /js/jquery.zoom.js HTTP/1.1" 200 26845 "http://www.bumsgames.com.ve/" "Mozilla/5.0 (Linux; Android 9; SM-A305G) AppleWebKit/537.36 (KHTML, like Gecko) Chrome/75.0.3770.89 Mobile Safari/537.36"
66.249.88.29 - - [01/Jul/2019:11:54:34 -0400] "GET /img/logops.png HTTP/1.1" 200 26845 "http://www.bumsgames.com.ve/" "Mozilla/5.0 (Linux; Android 9; SM-A305G) AppleWebKit/537.36 (KHTML, like Gecko) Chrome/75.0.3770.89 Mobile Safari/537.36"
66.249.88.27 - - [01/Jul/2019:11:54:34 -0400] "GET /img/1555988437.jpg HTTP/1.1" 200 26845 "http://www.bumsgames.com.ve/" "Mozilla/5.0 (Linux; Android 9; SM-A305G) AppleWebKit/537.36 (KHTML, like Gecko) Chrome/75.0.3770.89 Mobile Safari/537.36"
66.249.88.27 - - [01/Jul/2019:11:54:35 -0400] "GET /img/1555987080.jpg HTTP/1.1" 200 26845 "http://www.bumsgames.com.ve/" "Mozilla/5.0 (Linux; Android 9; SM-A305G) AppleWebKit/537.36 (KHTML, like Gecko) Chrome/75.0.3770.89 Mobile Safari/537.36"
