190.200.96.28 - - [01/Jul/2019:10:58:28 -0400] "GET /img/1556489357.jpg HTTP/1.1" 200 26853 "http://www.bumsgames.com.ve/" "Mozilla/5.0 (Windows NT 6.1; Win64; x64) AppleWebKit/537.36 (KHTML, like Gecko) Chrome/75.0.3770.100 Safari/537.36"
190.200.96.28 - - [01/Jul/2019:10:58:28 -0400] "GET /img/1555988437.jpg HTTP/1.1" 200 26853 "http://www.bumsgames.com.ve/" "Mozilla/5.0 (Windows NT 6.1; Win64; x64) AppleWebKit/537.36 (KHTML, like Gecko) Chrome/75.0.3770.100 Safari/537.36"
190.200.96.28 - - [01/Jul/2019:10:58:28 -0400] "GET /img/1555987080.jpg HTTP/1.1" 200 26853 "http://www.bumsgames.com.ve/" "Mozilla/5.0 (Windows NT 6.1; Win64; x64) AppleWebKit/537.36 (KHTML, like Gecko) Chrome/75.0.3770.100 Safari/537.36"
190.200.96.28 - - [01/Jul/2019:10:58:33 -0400] "GET / HTTP/1.1" 200 92324 "-" "Mozilla/5.0 (Windows NT 6.1; Win64; x64) AppleWebKit/537.36 (KHTML, like Gecko) Chrome/75.0.3770.100 Safari/537.36"
190.200.96.28 - - [01/Jul/2019:10:58:35 -0400] "GET /buscar_articulo_bums?name=crash+team HTTP/1.1" 200 37456 "http://www.bumsgames.com.ve/" "Mozilla/5.0 (Windows NT 6.1; Win64; x64) AppleWebKit/537.36 (KHTML, like Gecko) Chrome/75.0.3770.100 Safari/537.36"
190.200.96.28 - - [01/Jul/2019:10:58:36 -0400] "GET /js/jquery.zoom.js HTTP/1.1" 200 26853 "http://www.bumsgames.com.ve/buscar_articulo_bums?name=crash+team" "Mozilla/5.0 (Windows NT 6.1; Win64; x64) AppleWebKit/537.36 (KHTML, like Gecko) Chrome/75.0.3770.100 Safari/537.36"
190.200.96.28 - - [01/Jul/2019:10:58:37 -0400] "GET /img/logops.png HTTP/1.1" 200 26853 "http://www.bumsgames.com.ve/buscar_articulo_bums?name=crash+team" "Mozilla/5.0 (Windows NT 6.1; Win64; x64) AppleWebKit/537.36 (KHTML, like Gecko) Chrome/75.0.3770.100 Safari/537.36"
190.200.96.28 - - [01/Jul/2019:10:58:37 -0400] "GET /img/9Fondo%20CTR.jpg HTTP/1.1" 200 85372 "http://www.bumsgames.com.ve/buscar_articulo_bums?name=crash+team" "Mozilla/5.0 (Windows NT 6.1; Win64; x64) AppleWebKit/537.36 (KHTML, like Gecko) Chrome/75.0.3770.100 Safari/537.36"
190.200.96.28 - - [01/Jul/2019:10:58:37 -0400] "GET /img/24WhatsApp%20Image%202019-05-23%20at%2016.14.56.jpeg HTTP/1.1" 304 - "http://www.bumsgames.com.ve/buscar_articulo_bums?name=crash+team" "Mozilla/5.0 (Windows NT 6.1; Win64; x64) AppleWebKit/537.36 (KHTML, like Gecko) Chrome/75.0.3770.100 Safari/537.36"
190.200.96.28 - - [01/Jul/2019:10:58:37 -0400] "GET /img/59nfs_most_wanted.jpg HTTP/1.1" 200 166402 "http://www.bumsgames.com.ve/buscar_articulo_bums?name=crash+team" "Mozilla/5.0 (Windows NT 6.1; Win64; x64) AppleWebKit/537.36 (KHTML, like Gecko) Chrome/75.0.3770.100 Safari/537.36"
190.200.96.28 - - [01/Jul/2019:10:58:41 -0400] "GET /buscar_articulo_bums?name=crash+team HTTP/1.1" 200 37456 "-" "Mozilla/5.0 (Windows NT 6.1; Win64; x64) AppleWebKit/537.36 (KHTML, like Gecko) Chrome/75.0.3770.100 Safari/537.36"
190.77.210.113 - - [01/Jul/2019:11:05:27 -0400] "GET /buscar_articulo_bums?name=mlb+the+show+19 HTTP/1.1" 200 42169 "http://bumsgames.com.ve/buscar_articulo_bums?name=lego+marvel+super" "Mozilla/5.0 (Windows NT 10.0; Win64; x64) AppleWebKit/537.36 (KHTML, like Gecko) Chrome/73.0.3683.103 Safari/537.36 OPR/60.0.3255.170"
190.77.210.113 - - [01/Jul/2019:11:05:28 -0400] "GET /js/jquery.zoom.js HTTP/1.1" 200 26745 "http://bumsgames.com.ve/buscar_articulo_bums?name=mlb+the+show+19" "Mozilla/5.0 (Windows NT 10.0; Win64; x64) AppleWebKit/537.36 (KHTML, like Gecko) Chrome/73.0.3683.103 Safari/537.36 OPR/60.0.3255.170"
190.77.210.113 - - [01/Jul/2019:11:05:28 -0400] "GET /img/logops.png HTTP/1.1" 200 26745 "http://bumsgames.com.ve/buscar_articulo_bums?name=mlb+the+show+19" "Mozilla/5.0 (Windows NT 10.0; Win64; x64) AppleWebKit/537.36 (KHTML, like Gecko) Chrome/73.0.3683.103 Safari/537.36 OPR/60.0.3255.170"
190.77.210.113 - - [01/Jul/2019:11:05:28 -0400] "GET /img/38image.jpg HTTP/1.1" 200 17229 "http://bumsgames.com.ve/buscar_articulo_bums?name=mlb+the+show+19" "Mozilla/5.0 (Windows NT 10.0; Win64; x64) AppleWebKit/537.36 (KHTML, like Gecko) Chrome/73.0.3683.103 Safari/537.36 OPR/60.0.3255.170"
190.198.137.161 - - [01/Jul/2019:11:05:19 -0400] "POST /aplicar_filtros_multiples HTTP/1.1" 200 1569354 "http://bumsgames.com.ve/allArticles" "Mozilla/5.0 (Windows NT 6.1) AppleWebKit/537.36 (KHTML, like Gecko) Chrome/75.0.3770.100 Safari/537.36"
190.198.137.161 - - [01/Jul/2019:11:06:11 -0400] "GET /logloglog HTTP/1.1" 200 701 "-" "Mozilla/5.0 (Windows NT 6.1) AppleWebKit/537.36 (KHTML, like Gecko) Chrome/75.0.3770.100 Safari/537.36"
190.198.137.161 - - [01/Jul/2019:11:06:13 -0400] "POST /logueo HTTP/1.1" 302 356 "http://bumsgames.com.ve/logloglog" "Mozilla/5.0 (Windows NT 6.1) AppleWebKit/537.36 (KHTML, like Gecko) Chrome/75.0.3770.100 Safari/537.36"
190.198.137.161 - - [01/Jul/2019:11:06:14 -0400] "GET /menu HTTP/1.1" 200 68003 "http://bumsgames.com.ve/logloglog" "Mozilla/5.0 (Windows NT 6.1) AppleWebKit/537.36 (KHTML, like Gecko) Chrome/75.0.3770.100 Safari/537.36"
190.198.137.161 - - [01/Jul/2019:11:06:15 -0400] "GET /img/46funko-pop-captain-america-avengers-infinity-war-288-D_NQ_NP_832006-MLA27528920147_062018-F.jpg HTTP/1.1" 304 - "http://bumsgames.com.ve/menu" "Mozilla/5.0 (Windows NT 6.1) AppleWebKit/537.36 (KHTML, like Gecko) Chrome/75.0.3770.100 Safari/537.36"
190.198.137.161 - - [01/Jul/2019:11:06:19 -0400] "GET /allArticles HTTP/1.1" 200 226010 "http://bumsgames.com.ve/menu" "Mozilla/5.0 (Windows NT 6.1) AppleWebKit/537.36 (KHTML, like Gecko) Chrome/75.0.3770.100 Safari/537.36"
190.198.137.161 - - [01/Jul/2019:11:06:16 -0400] "GET /visitas HTTP/1.1" 200 678 "http://bumsgames.com.ve/menu" "Mozilla/5.0 (Windows NT 6.1) AppleWebKit/537.36 (KHTML, like Gecko) Chrome/75.0.3770.100 Safari/537.36"
190.198.137.161 - - [01/Jul/2019:11:06:26 -0400] "POST /aplicar_filtros_multiples HTTP/1.1" 200 51084 "http://bumsgames.com.ve/allArticles" "Mozilla/5.0 (Windows NT 6.1) AppleWebKit/537.36 (KHTML, like Gecko) Chrome/75.0.3770.100 Safari/537.36"
190.77.210.113 - - [01/Jul/2019:11:06:59 -0400] "GET /buscar_articulo_bums?name=naruto HTTP/1.1" 200 51267 "http://bumsgames.com.ve/buscar_articulo_bums?name=mlb+the+show+19" "Mozilla/5.0 (Windows NT 10.0; Win64; x64) AppleWebKit/537.36 (KHTML, like Gecko) Chrome/73.0.3683.103 Safari/537.36 OPR/60.0.3255.170"
190.77.210.113 - - [01/Jul/2019:11:07:00 -0400] "GET /js/jquery.zoom.js HTTP/1.1" 200 26745 "http://bumsgames.com.ve/buscar_articulo_bums?name=naruto" "Mozilla/5.0 (Windows NT 10.0; Win64; x64) AppleWebKit/537.36 (KHTML, like Gecko) Chrome/73.0.3683.103 Safari/537.36 OPR/60.0.3255.170"
190.77.210.113 - - [01/Jul/2019:11:07:00 -0400] "GET /img/logops.png HTTP/1.1" 200 26745 "http://bumsgames.com.ve/buscar_articulo_bums?name=naruto" "Mozilla/5.0 (Windows NT 10.0; Win64; x64) AppleWebKit/537.36 (KHTML, like Gecko) Chrome/73.0.3683.103 Safari/537.36 OPR/60.0.3255.170"
190.77.210.113 - - [01/Jul/2019:11:07:00 -0400] "GET /img/0road%20to%20boruto.jpg HTTP/1.1" 200 27278 "http://bumsgames.com.ve/buscar_articulo_bums?name=naruto" "Mozilla/5.0 (Windows NT 10.0; Win64; x64) AppleWebKit/537.36 (KHTML, like Gecko) Chrome/73.0.3683.103 Safari/537.36 OPR/60.0.3255.170"
190.77.210.113 - - [01/Jul/2019:11:07:01 -0400] "GET /img/11IMG-20190427-WA0050.jpg HTTP/1.1" 200 46110 "http://bumsgames.com.ve/buscar_articulo_bums?name=naruto" "Mozilla/5.0 (Windows NT 10.0; Win64; x64) AppleWebKit/537.36 (KHTML, like Gecko) Chrome/73.0.3683.103 Safari/537.36 OPR/60.0.3255.170"
190.77.210.113 - - [01/Jul/2019:11:07:00 -0400] "GET /img/21WhatsApp%20Image%202019-06-20%20at%2017.30.18.jpeg HTTP/1.1" 200 155926 "http://bumsgames.com.ve/buscar_articulo_bums?name=naruto" "Mozilla/5.0 (Windows NT 10.0; Win64; x64) AppleWebKit/537.36 (KHTML, like Gecko) Chrome/73.0.3683.103 Safari/537.36 OPR/60.0.3255.170"
190.77.210.113 - - [01/Jul/2019:11:07:01 -0400] "GET /img/37NARUTO%20SHIPPUDEN%20Ultimate%20Ninja%20STORM%20Revolution.jpg HTTP/1.1" 200 187188 "http://bumsgames.com.ve/buscar_articulo_bums?name=naruto" "Mozilla/5.0 (Windows NT 10.0; Win64; x64) AppleWebKit/537.36 (KHTML, like Gecko) Chrome/73.0.3683.103 Safari/537.36 OPR/60.0.3255.170"
190.77.210.113 - - [01/Jul/2019:11:07:01 -0400] "GET /img/36Naruto%20Trilogy.jpg HTTP/1.1" 200 382897 "http://bumsgames.com.ve/buscar_articulo_bums?name=naruto" "Mozilla/5.0 (Windows NT 10.0; Win64; x64) AppleWebKit/537.36 (KHTML, like Gecko) Chrome/73.0.3683.103 Safari/537.36 OPR/60.0.3255.170"
190.77.210.113 - - [01/Jul/2019:11:07:01 -0400] "GET /img/9NARUTO%20SHIPPUDEN%20ULTIMATE%20NINJA%20STORM%204%20ROAD%20TO%20BORUTO.jpg HTTP/1.1" 200 382834 "http://bumsgames.com.ve/buscar_articulo_bums?name=naruto" "Mozilla/5.0 (Windows NT 10.0; Win64; x64) AppleWebKit/537.36 (KHTML, like Gecko) Chrome/73.0.3683.103 Safari/537.36 OPR/60.0.3255.170"
190.77.210.113 - - [01/Jul/2019:11:07:01 -0400] "GET /img/37Naruto%20Trilogy.jpg HTTP/1.1" 200 382897 "http://bumsgames.com.ve/buscar_articulo_bums?name=naruto" "Mozilla/5.0 (Windows NT 10.0; Win64; x64) AppleWebKit/537.36 (KHTML, like Gecko) Chrome/73.0.3683.103 Safari/537.36 OPR/60.0.3255.170"
190.77.210.113 - - [01/Jul/2019:11:07:29 -0400] "GET /buscar_articulo_bums?name=f1+2018 HTTP/1.1" 200 35175 "http://bumsgames.com.ve/buscar_articulo_bums?name=naruto" "Mozilla/5.0 (Windows NT 10.0; Win64; x64) AppleWebKit/537.36 (KHTML, like Gecko) Chrome/73.0.3683.103 Safari/537.36 OPR/60.0.3255.170"
190.77.210.113 - - [01/Jul/2019:11:07:29 -0400] "GET /js/jquery.zoom.js HTTP/1.1" 200 26745 "http://bumsgames.com.ve/buscar_articulo_bums?name=f1+2018" "Mozilla/5.0 (Windows NT 10.0; Win64; x64) AppleWebKit/537.36 (KHTML, like Gecko) Chrome/73.0.3683.103 Safari/537.36 OPR/60.0.3255.170"
190.77.210.113 - - [01/Jul/2019:11:07:30 -0400] "GET /img/logops.png HTTP/1.1" 200 26745 "http://bumsgames.com.ve/buscar_articulo_bums?name=f1+2018" "Mozilla/5.0 (Windows NT 10.0; Win64; x64) AppleWebKit/537.36 (KHTML, like Gecko) Chrome/73.0.3683.103 Safari/537.36 OPR/60.0.3255.170"
190.77.210.113 - - [01/Jul/2019:11:07:50 -0400] "GET /buscar_articulo_bums?name=formula HTTP/1.1" 200 35175 "http://bumsgames.com.ve/buscar_articulo_bums?name=f1+2018" "Mozilla/5.0 (Windows NT 10.0; Win64; x64) AppleWebKit/537.36 (KHTML, like Gecko) Chrome/73.0.3683.103 Safari/537.36 OPR/60.0.3255.170"
190.77.210.113 - - [01/Jul/2019:11:07:50 -0400] "GET /js/jquery.zoom.js HTTP/1.1" 200 26745 "http://bumsgames.com.ve/buscar_articulo_bums?name=formula" "Mozilla/5.0 (Windows NT 10.0; Win64; x64) AppleWebKit/537.36 (KHTML, like Gecko) Chrome/73.0.3683.103 Safari/537.36 OPR/60.0.3255.170"
190.77.210.113 - - [01/Jul/2019:11:07:50 -0400] "GET /img/logops.png HTTP/1.1" 200 26745 "http://bumsgames.com.ve/buscar_articulo_bums?name=formula" "Mozilla/5.0 (Windows NT 10.0; Win64; x64) AppleWebKit/537.36 (KHTML, like Gecko) Chrome/73.0.3683.103 Safari/537.36 OPR/60.0.3255.170"
190.77.210.113 - - [01/Jul/2019:11:07:56 -0400] "GET /buscar_articulo_bums?name=2018 HTTP/1.1" 200 37406 "http://bumsgames.com.ve/buscar_articulo_bums?name=formula" "Mozilla/5.0 (Windows NT 10.0; Win64; x64) AppleWebKit/537.36 (KHTML, like Gecko) Chrome/73.0.3683.103 Safari/537.36 OPR/60.0.3255.170"
190.77.210.113 - - [01/Jul/2019:11:07:56 -0400] "GET /js/jquery.zoom.js HTTP/1.1" 200 26745 "http://bumsgames.com.ve/buscar_articulo_bums?name=2018" "Mozilla/5.0 (Windows NT 10.0; Win64; x64) AppleWebKit/537.36 (KHTML, like Gecko) Chrome/73.0.3683.103 Safari/537.36 OPR/60.0.3255.170"
190.77.210.113 - - [01/Jul/2019:11:07:56 -0400] "GET /img/54WhatsApp%20Image%202019-06-08%20at%2010.18.08.jpeg HTTP/1.1" 200 103430 "http://bumsgames.com.ve/buscar_articulo_bums?name=2018" "Mozilla/5.0 (Windows NT 10.0; Win64; x64) AppleWebKit/537.36 (KHTML, like Gecko) Chrome/73.0.3683.103 Safari/537.36 OPR/60.0.3255.170"
190.77.210.113 - - [01/Jul/2019:11:07:56 -0400] "GET /img/logops.png HTTP/1.1" 200 26745 "http://bumsgames.com.ve/buscar_articulo_bums?name=2018" "Mozilla/5.0 (Windows NT 10.0; Win64; x64) AppleWebKit/537.36 (KHTML, like Gecko) Chrome/73.0.3683.103 Safari/537.36 OPR/60.0.3255.170"
190.77.210.113 - - [01/Jul/2019:11:08:45 -0400] "GET /buscar_articulo_bums?name=18 HTTP/1.1" 200 76311 "http://bumsgames.com.ve/buscar_articulo_bums?name=2018" "Mozilla/5.0 (Windows NT 10.0; Win64; x64) AppleWebKit/537.36 (KHTML, like Gecko) Chrome/73.0.3683.103 Safari/537.36 OPR/60.0.3255.170"
190.77.210.113 - - [01/Jul/2019:11:08:46 -0400] "GET /js/jquery.zoom.js HTTP/1.1" 200 26745 "http://bumsgames.com.ve/buscar_articulo_bums?name=18" "Mozilla/5.0 (Windows NT 10.0; Win64; x64) AppleWebKit/537.36 (KHTML, like Gecko) Chrome/73.0.3683.103 Safari/537.36 OPR/60.0.3255.170"
190.77.210.113 - - [01/Jul/2019:11:08:47 -0400] "GET /img/logops.png HTTP/1.1" 200 26745 "http://bumsgames.com.ve/buscar_articulo_bums?name=18" "Mozilla/5.0 (Windows NT 10.0; Win64; x64) AppleWebKit/537.36 (KHTML, like Gecko) Chrome/73.0.3683.103 Safari/537.36 OPR/60.0.3255.170"
190.77.210.113 - - [01/Jul/2019:11:08:48 -0400] "GET /img/58WhatsApp%20Image%202019-06-20%20at%2017.21.27.jpeg HTTP/1.1" 200 135476 "http://bumsgames.com.ve/buscar_articulo_bums?name=18" "Mozilla/5.0 (Windows NT 10.0; Win64; x64) AppleWebKit/537.36 (KHTML, like Gecko) Chrome/73.0.3683.103 Safari/537.36 OPR/60.0.3255.170"
190.77.210.113 - - [01/Jul/2019:11:08:47 -0400] "GET /img/10WhatsApp%20Image%202019-06-20%20at%2017.43.37.jpeg HTTP/1.1" 200 148466 "http://bumsgames.com.ve/buscar_articulo_bums?name=18" "Mozilla/5.0 (Windows NT 10.0; Win64; x64) AppleWebKit/537.36 (KHTML, like Gecko) Chrome/73.0.3683.103 Safari/537.36 OPR/60.0.3255.170"
190.77.210.113 - - [01/Jul/2019:11:08:55 -0400] "GET /img/2madden%2018.jpg HTTP/1.1" 200 18788 "http://bumsgames.com.ve/buscar_articulo_bums?name=18" "Mozilla/5.0 (Windows NT 10.0; Win64; x64) AppleWebKit/537.36 (KHTML, like Gecko) Chrome/73.0.3683.103 Safari/537.36 OPR/60.0.3255.170"
190.77.210.113 - - [01/Jul/2019:11:08:56 -0400] "GET /img/23mlb%20the%20show%2018.jpg HTTP/1.1" 200 91429 "http://bumsgames.com.ve/buscar_articulo_bums?name=18" "Mozilla/5.0 (Windows NT 10.0; Win64; x64) AppleWebKit/537.36 (KHTML, like Gecko) Chrome/73.0.3683.103 Safari/537.36 OPR/60.0.3255.170"
190.198.137.161 - - [01/Jul/2019:11:08:59 -0400] "POST /aplicar_filtros_multiples HTTP/1.1" 200 51809 "http://bumsgames.com.ve/allArticles" "Mozilla/5.0 (Windows NT 6.1) AppleWebKit/537.36 (KHTML, like Gecko) Chrome/75.0.3770.100 Safari/537.36"
190.77.210.113 - - [01/Jul/2019:11:08:56 -0400] "GET /img/4759aeb479dd652.jpeg HTTP/1.1" 200 183954 "http://bumsgames.com.ve/buscar_articulo_bums?name=18" "Mozilla/5.0 (Windows NT 10.0; Win64; x64) AppleWebKit/537.36 (KHTML, like Gecko) Chrome/73.0.3683.103 Safari/537.36 OPR/60.0.3255.170"
190.77.210.113 - - [01/Jul/2019:11:09:03 -0400] "GET /img/19PES%202018.jpg HTTP/1.1" 200 11932 "http://bumsgames.com.ve/buscar_articulo_bums?name=18" "Mozilla/5.0 (Windows NT 10.0; Win64; x64) AppleWebKit/537.36 (KHTML, like Gecko) Chrome/73.0.3683.103 Safari/537.36 OPR/60.0.3255.170"
190.77.210.113 - - [01/Jul/2019:11:09:03 -0400] "GET /img/6H2x1_NSwitch_NBA2K18_image1600w.jpg HTTP/1.1" 200 182759 "http://bumsgames.com.ve/buscar_articulo_bums?name=18" "Mozilla/5.0 (Windows NT 10.0; Win64; x64) AppleWebKit/537.36 (KHTML, like Gecko) Chrome/73.0.3683.103 Safari/537.36 OPR/60.0.3255.170"
190.77.210.113 - - [01/Jul/2019:11:09:05 -0400] "GET /img/18FIFA%2018.jpg HTTP/1.1" 200 225519 "http://bumsgames.com.ve/buscar_articulo_bums?name=18" "Mozilla/5.0 (Windows NT 10.0; Win64; x64) AppleWebKit/537.36 (KHTML, like Gecko) Chrome/73.0.3683.103 Safari/537.36 OPR/60.0.3255.170"
190.77.210.113 - - [01/Jul/2019:11:09:18 -0400] "GET /img/53NBA%20LIVE%2018.jpg HTTP/1.1" 200 23443 "http://bumsgames.com.ve/buscar_articulo_bums?name=18" "Mozilla/5.0 (Windows NT 10.0; Win64; x64) AppleWebKit/537.36 (KHTML, like Gecko) Chrome/73.0.3683.103 Safari/537.36 OPR/60.0.3255.170"
190.77.210.113 - - [01/Jul/2019:11:09:22 -0400] "GET /img/4159aeb479dd652.jpeg HTTP/1.1" 200 183954 "http://bumsgames.com.ve/buscar_articulo_bums?name=18" "Mozilla/5.0 (Windows NT 10.0; Win64; x64) AppleWebKit/537.36 (KHTML, like Gecko) Chrome/73.0.3683.103 Safari/537.36 OPR/60.0.3255.170"
190.77.210.113 - - [01/Jul/2019:11:09:25 -0400] "GET /img/20MLB%20THE%20SHOW%2018%20PS4.jpg HTTP/1.1" 200 109482 "http://bumsgames.com.ve/buscar_articulo_bums?name=18" "Mozilla/5.0 (Windows NT 10.0; Win64; x64) AppleWebKit/537.36 (KHTML, like Gecko) Chrome/73.0.3683.103 Safari/537.36 OPR/60.0.3255.170"
190.77.210.113 - - [01/Jul/2019:11:09:18 -0400] "GET /img/57MADDEN%20NFL%2018%20PS4.jpg HTTP/1.1" 200 227716 "http://bumsgames.com.ve/buscar_articulo_bums?name=18" "Mozilla/5.0 (Windows NT 10.0; Win64; x64) AppleWebKit/537.36 (KHTML, like Gecko) Chrome/73.0.3683.103 Safari/537.36 OPR/60.0.3255.170"
190.77.210.113 - - [01/Jul/2019:11:09:37 -0400] "GET /img/9H2x1_NSwitch_NBA2K18_image1600w.jpg HTTP/1.1" 200 182759 "http://bumsgames.com.ve/buscar_articulo_bums?name=18" "Mozilla/5.0 (Windows NT 10.0; Win64; x64) AppleWebKit/537.36 (KHTML, like Gecko) Chrome/73.0.3683.103 Safari/537.36 OPR/60.0.3255.170"
190.77.210.113 - - [01/Jul/2019:11:09:37 -0400] "GET /img/25switch1fis.jpg HTTP/1.1" 200 149384 "http://bumsgames.com.ve/buscar_articulo_bums?name=18" "Mozilla/5.0 (Windows NT 10.0; Win64; x64) AppleWebKit/537.36 (KHTML, like Gecko) Chrome/73.0.3683.103 Safari/537.36 OPR/60.0.3255.170"
190.77.210.113 - - [01/Jul/2019:11:09:35 -0400] "GET /img/2WhatsApp%20Image%202019-03-23%20at%206.48.10%20PM.jpeg HTTP/1.1" 200 142014 "http://bumsgames.com.ve/buscar_articulo_bums?name=18" "Mozilla/5.0 (Windows NT 10.0; Win64; x64) AppleWebKit/537.36 (KHTML, like Gecko) Chrome/73.0.3683.103 Safari/537.36 OPR/60.0.3255.170"
190.77.210.113 - - [01/Jul/2019:11:09:37 -0400] "GET /img/8FIFA%2018.jpg HTTP/1.1" 200 225519 "http://bumsgames.com.ve/buscar_articulo_bums?name=18" "Mozilla/5.0 (Windows NT 10.0; Win64; x64) AppleWebKit/537.36 (KHTML, like Gecko) Chrome/73.0.3683.103 Safari/537.36 OPR/60.0.3255.170"
190.198.137.161 - - [01/Jul/2019:11:10:10 -0400] "POST /aplicar_filtros_multiples HTTP/1.1" 200 61767 "http://bumsgames.com.ve/allArticles" "Mozilla/5.0 (Windows NT 6.1) AppleWebKit/537.36 (KHTML, like Gecko) Chrome/75.0.3770.100 Safari/537.36"
190.77.210.113 - - [01/Jul/2019:11:11:08 -0400] "GET /buscar_articulo_bums?name=nier HTTP/1.1" 200 35172 "http://bumsgames.com.ve/buscar_articulo_bums?name=18" "Mozilla/5.0 (Windows NT 10.0; Win64; x64) AppleWebKit/537.36 (KHTML, like Gecko) Chrome/73.0.3683.103 Safari/537.36 OPR/60.0.3255.170"
190.77.210.113 - - [01/Jul/2019:11:11:09 -0400] "GET /js/jquery.zoom.js HTTP/1.1" 200 26745 "http://bumsgames.com.ve/buscar_articulo_bums?name=nier" "Mozilla/5.0 (Windows NT 10.0; Win64; x64) AppleWebKit/537.36 (KHTML, like Gecko) Chrome/73.0.3683.103 Safari/537.36 OPR/60.0.3255.170"
190.77.210.113 - - [01/Jul/2019:11:11:12 -0400] "GET /img/logops.png HTTP/1.1" 200 26745 "http://bumsgames.com.ve/buscar_articulo_bums?name=nier" "Mozilla/5.0 (Windows NT 10.0; Win64; x64) AppleWebKit/537.36 (KHTML, like Gecko) Chrome/73.0.3683.103 Safari/537.36 OPR/60.0.3255.170"
190.77.210.113 - - [01/Jul/2019:11:11:25 -0400] "GET /buscar_articulo_bums?name=automa HTTP/1.1" 200 35174 "http://bumsgames.com.ve/buscar_articulo_bums?name=nier" "Mozilla/5.0 (Windows NT 10.0; Win64; x64) AppleWebKit/537.36 (KHTML, like Gecko) Chrome/73.0.3683.103 Safari/537.36 OPR/60.0.3255.170"
190.77.210.113 - - [01/Jul/2019:11:11:26 -0400] "GET /js/jquery.zoom.js HTTP/1.1" 200 26745 "http://bumsgames.com.ve/buscar_articulo_bums?name=automa" "Mozilla/5.0 (Windows NT 10.0; Win64; x64) AppleWebKit/537.36 (KHTML, like Gecko) Chrome/73.0.3683.103 Safari/537.36 OPR/60.0.3255.170"
190.77.210.113 - - [01/Jul/2019:11:11:26 -0400] "GET /img/logops.png HTTP/1.1" 200 26745 "http://bumsgames.com.ve/buscar_articulo_bums?name=automa" "Mozilla/5.0 (Windows NT 10.0; Win64; x64) AppleWebKit/537.36 (KHTML, like Gecko) Chrome/73.0.3683.103 Safari/537.36 OPR/60.0.3255.170"
190.77.210.113 - - [01/Jul/2019:11:12:07 -0400] "GET /buscar_articulo_bums?name=ark+usr HTTP/1.1" 200 35175 "http://bumsgames.com.ve/buscar_articulo_bums?name=automa" "Mozilla/5.0 (Windows NT 10.0; Win64; x64) AppleWebKit/537.36 (KHTML, like Gecko) Chrome/73.0.3683.103 Safari/537.36 OPR/60.0.3255.170"
190.77.210.113 - - [01/Jul/2019:11:12:08 -0400] "GET /js/jquery.zoom.js HTTP/1.1" 200 26745 "http://bumsgames.com.ve/buscar_articulo_bums?name=ark+usr" "Mozilla/5.0 (Windows NT 10.0; Win64; x64) AppleWebKit/537.36 (KHTML, like Gecko) Chrome/73.0.3683.103 Safari/537.36 OPR/60.0.3255.170"
190.77.210.113 - - [01/Jul/2019:11:12:08 -0400] "GET /img/logops.png HTTP/1.1" 200 26745 "http://bumsgames.com.ve/buscar_articulo_bums?name=ark+usr" "Mozilla/5.0 (Windows NT 10.0; Win64; x64) AppleWebKit/537.36 (KHTML, like Gecko) Chrome/73.0.3683.103 Safari/537.36 OPR/60.0.3255.170"
190.77.210.113 - - [01/Jul/2019:11:12:12 -0400] "GET /buscar_articulo_bums?name=ark HTTP/1.1" 200 64325 "http://bumsgames.com.ve/buscar_articulo_bums?name=ark+usr" "Mozilla/5.0 (Windows NT 10.0; Win64; x64) AppleWebKit/537.36 (KHTML, like Gecko) Chrome/73.0.3683.103 Safari/537.36 OPR/60.0.3255.170"
190.77.210.113 - - [01/Jul/2019:11:12:12 -0400] "GET /js/jquery.zoom.js HTTP/1.1" 200 26745 "http://bumsgames.com.ve/buscar_articulo_bums?name=ark" "Mozilla/5.0 (Windows NT 10.0; Win64; x64) AppleWebKit/537.36 (KHTML, like Gecko) Chrome/73.0.3683.103 Safari/537.36 OPR/60.0.3255.170"
190.77.210.113 - - [01/Jul/2019:11:12:12 -0400] "GET /img/logops.png HTTP/1.1" 200 26745 "http://bumsgames.com.ve/buscar_articulo_bums?name=ark" "Mozilla/5.0 (Windows NT 10.0; Win64; x64) AppleWebKit/537.36 (KHTML, like Gecko) Chrome/73.0.3683.103 Safari/537.36 OPR/60.0.3255.170"
190.77.210.113 - - [01/Jul/2019:11:12:13 -0400] "GET /img/56A1qvBZYPc2L._AC_SX215_.jpg HTTP/1.1" 200 21074 "http://bumsgames.com.ve/buscar_articulo_bums?name=ark" "Mozilla/5.0 (Windows NT 10.0; Win64; x64) AppleWebKit/537.36 (KHTML, like Gecko) Chrome/73.0.3683.103 Safari/537.36 OPR/60.0.3255.170"
190.77.210.113 - - [01/Jul/2019:11:12:13 -0400] "GET /img/42BATMAN%20ARKHAM%20KNIGHT%20PS4.jpg HTTP/1.1" 200 47943 "http://bumsgames.com.ve/buscar_articulo_bums?name=ark" "Mozilla/5.0 (Windows NT 10.0; Win64; x64) AppleWebKit/537.36 (KHTML, like Gecko) Chrome/73.0.3683.103 Safari/537.36 OPR/60.0.3255.170"
190.77.210.113 - - [01/Jul/2019:11:12:13 -0400] "GET /img/25BATMAN%20ARKHAM%20KINGHT.jpg HTTP/1.1" 200 47943 "http://bumsgames.com.ve/buscar_articulo_bums?name=ark" "Mozilla/5.0 (Windows NT 10.0; Win64; x64) AppleWebKit/537.36 (KHTML, like Gecko) Chrome/73.0.3683.103 Safari/537.36 OPR/60.0.3255.170"
190.77.210.113 - - [01/Jul/2019:11:12:13 -0400] "GET /img/33IMG-20190416-WA0006.jpg HTTP/1.1" 200 70549 "http://bumsgames.com.ve/buscar_articulo_bums?name=ark" "Mozilla/5.0 (Windows NT 10.0; Win64; x64) AppleWebKit/537.36 (KHTML, like Gecko) Chrome/73.0.3683.103 Safari/537.36 OPR/60.0.3255.170"
190.77.210.113 - - [01/Jul/2019:11:12:14 -0400] "GET /img/48ark%20survival.jpg HTTP/1.1" 200 44857 "http://bumsgames.com.ve/buscar_articulo_bums?name=ark" "Mozilla/5.0 (Windows NT 10.0; Win64; x64) AppleWebKit/537.36 (KHTML, like Gecko) Chrome/73.0.3683.103 Safari/537.36 OPR/60.0.3255.170"
190.77.210.113 - - [01/Jul/2019:11:12:15 -0400] "GET /img/58WhatsApp%20Image%202019-05-22%20at%2015.33.02.jpeg HTTP/1.1" 200 75112 "http://bumsgames.com.ve/buscar_articulo_bums?name=ark" "Mozilla/5.0 (Windows NT 10.0; Win64; x64) AppleWebKit/537.36 (KHTML, like Gecko) Chrome/73.0.3683.103 Safari/537.36 OPR/60.0.3255.170"
190.77.210.113 - - [01/Jul/2019:11:12:15 -0400] "GET /img/51WhatsApp%20Image%202019-05-21%20at%2015.29.40.jpeg HTTP/1.1" 200 49780 "http://bumsgames.com.ve/buscar_articulo_bums?name=ark" "Mozilla/5.0 (Windows NT 10.0; Win64; x64) AppleWebKit/537.36 (KHTML, like Gecko) Chrome/73.0.3683.103 Safari/537.36 OPR/60.0.3255.170"
190.77.210.113 - - [01/Jul/2019:11:12:17 -0400] "GET /img/58613HjNc+ImL._AC_SX215_.jpg HTTP/1.1" 200 24689 "http://bumsgames.com.ve/buscar_articulo_bums?name=ark" "Mozilla/5.0 (Windows NT 10.0; Win64; x64) AppleWebKit/537.36 (KHTML, like Gecko) Chrome/73.0.3683.103 Safari/537.36 OPR/60.0.3255.170"
190.77.210.113 - - [01/Jul/2019:11:12:13 -0400] "GET /img/13SQ_NSwitchDS_ManaSpark.jpg HTTP/1.1" 200 257138 "http://bumsgames.com.ve/buscar_articulo_bums?name=ark" "Mozilla/5.0 (Windows NT 10.0; Win64; x64) AppleWebKit/537.36 (KHTML, like Gecko) Chrome/73.0.3683.103 Safari/537.36 OPR/60.0.3255.170"
190.77.210.113 - - [01/Jul/2019:11:12:13 -0400] "GET /img/49SQ_NSwitchDS_ManaSpark.jpg HTTP/1.1" 200 257138 "http://bumsgames.com.ve/buscar_articulo_bums?name=ark" "Mozilla/5.0 (Windows NT 10.0; Win64; x64) AppleWebKit/537.36 (KHTML, like Gecko) Chrome/73.0.3683.103 Safari/537.36 OPR/60.0.3255.170"
190.77.210.113 - - [01/Jul/2019:11:12:18 -0400] "GET /img/42SOUTH%20PARK.jpg HTTP/1.1" 200 266800 "http://bumsgames.com.ve/buscar_articulo_bums?name=ark" "Mozilla/5.0 (Windows NT 10.0; Win64; x64) AppleWebKit/537.36 (KHTML, like Gecko) Chrome/73.0.3683.103 Safari/537.36 OPR/60.0.3255.170"
190.198.137.161 - - [01/Jul/2019:11:13:54 -0400] "POST /aplicar_filtros_multiples HTTP/1.1" 200 51789 "http://bumsgames.com.ve/allArticles" "Mozilla/5.0 (Windows NT 6.1) AppleWebKit/537.36 (KHTML, like Gecko) Chrome/75.0.3770.100 Safari/537.36"
190.77.210.113 - - [01/Jul/2019:11:14:34 -0400] "GET /buscar_articulo_bums?name=ni+no+kuni HTTP/1.1" 200 37546 "http://bumsgames.com.ve/buscar_articulo_bums?name=ark" "Mozilla/5.0 (Windows NT 10.0; Win64; x64) AppleWebKit/537.36 (KHTML, like Gecko) Chrome/73.0.3683.103 Safari/537.36 OPR/60.0.3255.170"
190.77.210.113 - - [01/Jul/2019:11:14:35 -0400] "GET /js/jquery.zoom.js HTTP/1.1" 200 26745 "http://bumsgames.com.ve/buscar_articulo_bums?name=ni+no+kuni" "Mozilla/5.0 (Windows NT 10.0; Win64; x64) AppleWebKit/537.36 (KHTML, like Gecko) Chrome/73.0.3683.103 Safari/537.36 OPR/60.0.3255.170"
190.77.210.113 - - [01/Jul/2019:11:14:35 -0400] "GET /img/logops.png HTTP/1.1" 200 26745 "http://bumsgames.com.ve/buscar_articulo_bums?name=ni+no+kuni" "Mozilla/5.0 (Windows NT 10.0; Win64; x64) AppleWebKit/537.36 (KHTML, like Gecko) Chrome/73.0.3683.103 Safari/537.36 OPR/60.0.3255.170"
190.77.210.113 - - [01/Jul/2019:11:14:35 -0400] "GET /img/19ni-no-kuni-ii-revenant-kingdom-ps4-D_NQ_NP_754491-MLA25992000244_092017-F.jpg HTTP/1.1" 200 281415 "http://bumsgames.com.ve/buscar_articulo_bums?name=ni+no+kuni" "Mozilla/5.0 (Windows NT 10.0; Win64; x64) AppleWebKit/537.36 (KHTML, like Gecko) Chrome/73.0.3683.103 Safari/537.36 OPR/60.0.3255.170"
190.77.210.113 - - [01/Jul/2019:11:14:41 -0400] "GET /buscar_articulo_bums?name=kuni HTTP/1.1" 200 37540 "http://bumsgames.com.ve/buscar_articulo_bums?name=ni+no+kuni" "Mozilla/5.0 (Windows NT 10.0; Win64; x64) AppleWebKit/537.36 (KHTML, like Gecko) Chrome/73.0.3683.103 Safari/537.36 OPR/60.0.3255.170"
190.77.210.113 - - [01/Jul/2019:11:14:41 -0400] "GET /js/jquery.zoom.js HTTP/1.1" 200 26745 "http://bumsgames.com.ve/buscar_articulo_bums?name=kuni" "Mozilla/5.0 (Windows NT 10.0; Win64; x64) AppleWebKit/537.36 (KHTML, like Gecko) Chrome/73.0.3683.103 Safari/537.36 OPR/60.0.3255.170"
190.77.210.113 - - [01/Jul/2019:11:14:41 -0400] "GET /img/logops.png HTTP/1.1" 200 26745 "http://bumsgames.com.ve/buscar_articulo_bums?name=kuni" "Mozilla/5.0 (Windows NT 10.0; Win64; x64) AppleWebKit/537.36 (KHTML, like Gecko) Chrome/73.0.3683.103 Safari/537.36 OPR/60.0.3255.170"
190.198.137.161 - - [01/Jul/2019:11:14:59 -0400] "POST /modificacion_rapida HTTP/1.1" 200 492 "http://bumsgames.com.ve/aplicar_filtros_multiples" "Mozilla/5.0 (Windows NT 6.1) AppleWebKit/537.36 (KHTML, like Gecko) Chrome/75.0.3770.100 Safari/537.36"
190.77.210.113 - - [01/Jul/2019:11:15:03 -0400] "GET /buscar_articulo_bums?name=trilogy HTTP/1.1" 200 60574 "http://bumsgames.com.ve/buscar_articulo_bums?name=kuni" "Mozilla/5.0 (Windows NT 10.0; Win64; x64) AppleWebKit/537.36 (KHTML, like Gecko) Chrome/73.0.3683.103 Safari/537.36 OPR/60.0.3255.170"
190.77.210.113 - - [01/Jul/2019:11:15:04 -0400] "GET /js/jquery.zoom.js HTTP/1.1" 200 26745 "http://bumsgames.com.ve/buscar_articulo_bums?name=trilogy" "Mozilla/5.0 (Windows NT 10.0; Win64; x64) AppleWebKit/537.36 (KHTML, like Gecko) Chrome/73.0.3683.103 Safari/537.36 OPR/60.0.3255.170"
190.77.210.113 - - [01/Jul/2019:11:15:04 -0400] "GET /img/logops.png HTTP/1.1" 200 26745 "http://bumsgames.com.ve/buscar_articulo_bums?name=trilogy" "Mozilla/5.0 (Windows NT 10.0; Win64; x64) AppleWebKit/537.36 (KHTML, like Gecko) Chrome/73.0.3683.103 Safari/537.36 OPR/60.0.3255.170"
190.77.210.113 - - [01/Jul/2019:11:15:04 -0400] "GET /img/56crash-bandicoot-n-sane-trilogy-pc-dvd-D_NQ_NP_811575-MLV27705683532_072018-F.jpg HTTP/1.1" 304 - "http://bumsgames.com.ve/buscar_articulo_bums?name=trilogy" "Mozilla/5.0 (Windows NT 10.0; Win64; x64) AppleWebKit/537.36 (KHTML, like Gecko) Chrome/73.0.3683.103 Safari/537.36 OPR/60.0.3255.170"
190.77.210.113 - - [01/Jul/2019:11:15:04 -0400] "GET /img/1crash-bandicoot-n-sane-trilogy-pc-dvd-D_NQ_NP_811575-MLV27705683532_072018-F.jpg HTTP/1.1" 304 - "http://bumsgames.com.ve/buscar_articulo_bums?name=trilogy" "Mozilla/5.0 (Windows NT 10.0; Win64; x64) AppleWebKit/537.36 (KHTML, like Gecko) Chrome/73.0.3683.103 Safari/537.36 OPR/60.0.3255.170"
190.77.210.113 - - [01/Jul/2019:11:15:04 -0400] "GET /img/51crash-bandicoot-n-sane-trilogy-pc-dvd-D_NQ_NP_811575-MLV27705683532_072018-F.jpg HTTP/1.1" 304 - "http://bumsgames.com.ve/buscar_articulo_bums?name=trilogy" "Mozilla/5.0 (Windows NT 10.0; Win64; x64) AppleWebKit/537.36 (KHTML, like Gecko) Chrome/73.0.3683.103 Safari/537.36 OPR/60.0.3255.170"
190.77.210.113 - - [01/Jul/2019:11:15:05 -0400] "GET /img/42crash%20n%20sane%20trilogy.jfif HTTP/1.1" 200 14076 "http://bumsgames.com.ve/buscar_articulo_bums?name=trilogy" "Mozilla/5.0 (Windows NT 10.0; Win64; x64) AppleWebKit/537.36 (KHTML, like Gecko) Chrome/73.0.3683.103 Safari/537.36 OPR/60.0.3255.170"
190.77.210.113 - - [01/Jul/2019:11:15:05 -0400] "GET /img/17WhatsApp%20Image%202019-06-04%20at%2014.57.48.jpeg HTTP/1.1" 200 96848 "http://bumsgames.com.ve/buscar_articulo_bums?name=trilogy" "Mozilla/5.0 (Windows NT 10.0; Win64; x64) AppleWebKit/537.36 (KHTML, like Gecko) Chrome/73.0.3683.103 Safari/537.36 OPR/60.0.3255.170"
190.77.210.113 - - [01/Jul/2019:11:15:05 -0400] "GET /img/36WhatsApp%20Image%202019-03-23%20at%203.31.09%20PM.jpeg HTTP/1.1" 200 66139 "http://bumsgames.com.ve/buscar_articulo_bums?name=trilogy" "Mozilla/5.0 (Windows NT 10.0; Win64; x64) AppleWebKit/537.36 (KHTML, like Gecko) Chrome/73.0.3683.103 Safari/537.36 OPR/60.0.3255.170"
190.77.210.113 - - [01/Jul/2019:11:15:05 -0400] "GET /img/9WhatsApp%20Image%202019-04-28%20at%2011.15.46%20AM.jpeg HTTP/1.1" 200 101824 "http://bumsgames.com.ve/buscar_articulo_bums?name=trilogy" "Mozilla/5.0 (Windows NT 10.0; Win64; x64) AppleWebKit/537.36 (KHTML, like Gecko) Chrome/73.0.3683.103 Safari/537.36 OPR/60.0.3255.170"
190.77.210.113 - - [01/Jul/2019:11:15:05 -0400] "GET /img/29WhatsApp%20Image%202019-06-20%20at%2017.13.55.jpeg HTTP/1.1" 200 145108 "http://bumsgames.com.ve/buscar_articulo_bums?name=trilogy" "Mozilla/5.0 (Windows NT 10.0; Win64; x64) AppleWebKit/537.36 (KHTML, like Gecko) Chrome/73.0.3683.103 Safari/537.36 OPR/60.0.3255.170"
190.77.210.113 - - [01/Jul/2019:11:15:05 -0400] "GET /img/50CRASH%20BANDICOOT%20TRILOGY%20PS4.jpg HTTP/1.1" 200 239478 "http://bumsgames.com.ve/buscar_articulo_bums?name=trilogy" "Mozilla/5.0 (Windows NT 10.0; Win64; x64) AppleWebKit/537.36 (KHTML, like Gecko) Chrome/73.0.3683.103 Safari/537.36 OPR/60.0.3255.170"
190.198.137.161 - - [01/Jul/2019:11:15:18 -0400] "POST /realizar_modificacion HTTP/1.1" 200 21 "http://bumsgames.com.ve/aplicar_filtros_multiples" "Mozilla/5.0 (Windows NT 6.1) AppleWebKit/537.36 (KHTML, like Gecko) Chrome/75.0.3770.100 Safari/537.36"
190.198.137.161 - - [01/Jul/2019:11:15:39 -0400] "POST /aplicar_filtros_multiples HTTP/1.1" 200 51791 "http://bumsgames.com.ve/allArticles" "Mozilla/5.0 (Windows NT 6.1) AppleWebKit/537.36 (KHTML, like Gecko) Chrome/75.0.3770.100 Safari/537.36"
190.198.137.161 - - [01/Jul/2019:11:15:40 -0400] "GET /img/LOGO.ico HTTP/1.1" 200 270398 "http://bumsgames.com.ve/aplicar_filtros_multiples" "Mozilla/5.0 (Windows NT 6.1) AppleWebKit/537.36 (KHTML, like Gecko) Chrome/75.0.3770.100 Safari/537.36"
190.198.137.161 - - [01/Jul/2019:11:16:55 -0400] "POST /aplicar_filtros_multiples HTTP/1.1" 200 51791 "http://bumsgames.com.ve/allArticles" "Mozilla/5.0 (Windows NT 6.1) AppleWebKit/537.36 (KHTML, like Gecko) Chrome/75.0.3770.100 Safari/537.36"
190.198.137.161 - - [01/Jul/2019:11:16:57 -0400] "GET /img/LOGO.ico HTTP/1.1" 206 1 "http://bumsgames.com.ve/aplicar_filtros_multiples" "Mozilla/5.0 (Windows NT 6.1) AppleWebKit/537.36 (KHTML, like Gecko) Chrome/75.0.3770.100 Safari/537.36"
190.198.137.161 - - [01/Jul/2019:11:16:57 -0400] "GET /img/LOGO.ico HTTP/1.1" 206 148005 "http://bumsgames.com.ve/aplicar_filtros_multiples" "Mozilla/5.0 (Windows NT 6.1) AppleWebKit/537.36 (KHTML, like Gecko) Chrome/75.0.3770.100 Safari/537.36"
190.200.96.28 - - [01/Jul/2019:11:17:05 -0400] "GET /logloglog HTTP/1.1" 200 701 "-" "Mozilla/5.0 (Windows NT 6.1; Win64; x64) AppleWebKit/537.36 (KHTML, like Gecko) Chrome/75.0.3770.100 Safari/537.36"
190.200.96.28 - - [01/Jul/2019:11:17:06 -0400] "GET /logloglog HTTP/1.1" 200 701 "-" "Mozilla/5.0 (Windows NT 6.1; Win64; x64) AppleWebKit/537.36 (KHTML, like Gecko) Chrome/75.0.3770.100 Safari/537.36"
190.200.96.28 - - [01/Jul/2019:11:17:14 -0400] "POST /logueo HTTP/1.1" 302 356 "http://bumsgames.com.ve/logloglog" "Mozilla/5.0 (Windows NT 6.1; Win64; x64) AppleWebKit/537.36 (KHTML, like Gecko) Chrome/75.0.3770.100 Safari/537.36"
190.198.137.161 - - [01/Jul/2019:11:17:22 -0400] "POST /aplicar_filtros_multiples HTTP/1.1" 200 52115 "http://bumsgames.com.ve/allArticles" "Mozilla/5.0 (Windows NT 6.1) AppleWebKit/537.36 (KHTML, like Gecko) Chrome/75.0.3770.100 Safari/537.36"
190.200.96.28 - - [01/Jul/2019:11:18:16 -0400] "GET / HTTP/1.1" 200 91899 "-" "Mozilla/5.0 (Windows NT 6.1; Win64; x64) AppleWebKit/537.36 (KHTML, like Gecko) Chrome/75.0.3770.100 Safari/537.36"
190.200.96.28 - - [01/Jul/2019:11:18:17 -0400] "GET /js/jquery.zoom.js HTTP/1.1" 200 26853 "http://www.bumsgames.com.ve/" "Mozilla/5.0 (Windows NT 6.1; Win64; x64) AppleWebKit/537.36 (KHTML, like Gecko) Chrome/75.0.3770.100 Safari/537.36"
190.200.96.28 - - [01/Jul/2019:11:18:18 -0400] "GET /img/logops.png HTTP/1.1" 200 26853 "http://www.bumsgames.com.ve/" "Mozilla/5.0 (Windows NT 6.1; Win64; x64) AppleWebKit/537.36 (KHTML, like Gecko) Chrome/75.0.3770.100 Safari/537.36"
190.200.96.28 - - [01/Jul/2019:11:18:19 -0400] "GET /img/1555988437.jpg HTTP/1.1" 200 26853 "http://www.bumsgames.com.ve/" "Mozilla/5.0 (Windows NT 6.1; Win64; x64) AppleWebKit/537.36 (KHTML, like Gecko) Chrome/75.0.3770.100 Safari/537.36"
190.200.96.28 - - [01/Jul/2019:11:18:19 -0400] "GET /img/1556489357.jpg HTTP/1.1" 200 26853 "http://www.bumsgames.com.ve/" "Mozilla/5.0 (Windows NT 6.1; Win64; x64) AppleWebKit/537.36 (KHTML, like Gecko) Chrome/75.0.3770.100 Safari/537.36"
190.200.96.28 - - [01/Jul/2019:11:18:19 -0400] "GET /img/1555987080.jpg HTTP/1.1" 200 26853 "http://www.bumsgames.com.ve/" "Mozilla/5.0 (Windows NT 6.1; Win64; x64) AppleWebKit/537.36 (KHTML, like Gecko) Chrome/75.0.3770.100 Safari/537.36"
190.200.96.28 - - [01/Jul/2019:11:18:24 -0400] "GET / HTTP/1.1" 200 91752 "-" "Mozilla/5.0 (Windows NT 6.1; Win64; x64) AppleWebKit/537.36 (KHTML, like Gecko) Chrome/75.0.3770.100 Safari/537.36"
190.200.96.28 - - [01/Jul/2019:11:18:22 -0400] "GET /menu HTTP/1.1" 200 290745 "http://bumsgames.com.ve/logloglog" "Mozilla/5.0 (Windows NT 6.1; Win64; x64) AppleWebKit/537.36 (KHTML, like Gecko) Chrome/75.0.3770.100 Safari/537.36"
190.200.96.28 - - [01/Jul/2019:11:18:32 -0400] "GET /img/38image%20(2).jpg HTTP/1.1" 200 22322 "http://bumsgames.com.ve/menu" "Mozilla/5.0 (Windows NT 6.1; Win64; x64) AppleWebKit/537.36 (KHTML, like Gecko) Chrome/75.0.3770.100 Safari/537.36"
190.200.96.28 - - [01/Jul/2019:11:18:32 -0400] "GET /img/5crash.jpg HTTP/1.1" 304 - "http://bumsgames.com.ve/menu" "Mozilla/5.0 (Windows NT 6.1; Win64; x64) AppleWebKit/537.36 (KHTML, like Gecko) Chrome/75.0.3770.100 Safari/537.36"
190.200.96.28 - - [01/Jul/2019:11:18:32 -0400] "GET /img/7image%20(2).jpg HTTP/1.1" 200 22322 "http://bumsgames.com.ve/menu" "Mozilla/5.0 (Windows NT 6.1; Win64; x64) AppleWebKit/537.36 (KHTML, like Gecko) Chrome/75.0.3770.100 Safari/537.36"
190.200.96.28 - - [01/Jul/2019:11:18:33 -0400] "GET /img/40WhatsApp%20Image%202019-06-24%20at%2018.40.57.jpeg HTTP/1.1" 304 - "http://bumsgames.com.ve/menu" "Mozilla/5.0 (Windows NT 6.1; Win64; x64) AppleWebKit/537.36 (KHTML, like Gecko) Chrome/75.0.3770.100 Safari/537.36"
190.200.96.28 - - [01/Jul/2019:11:18:33 -0400] "GET /img/9WhatsApp%20Image%202019-06-24%20at%2016.05.33.jpeg HTTP/1.1" 304 - "http://bumsgames.com.ve/menu" "Mozilla/5.0 (Windows NT 6.1; Win64; x64) AppleWebKit/537.36 (KHTML, like Gecko) Chrome/75.0.3770.100 Safari/537.36"
190.200.96.28 - - [01/Jul/2019:11:18:33 -0400] "GET /img/58WhatsApp%20Image%202019-06-24%20at%2016.05.33.jpeg HTTP/1.1" 304 - "http://bumsgames.com.ve/menu" "Mozilla/5.0 (Windows NT 6.1; Win64; x64) AppleWebKit/537.36 (KHTML, like Gecko) Chrome/75.0.3770.100 Safari/537.36"
190.200.96.28 - - [01/Jul/2019:11:18:33 -0400] "GET /img/2dirt_rally_2-4798741.jpg HTTP/1.1" 304 - "http://bumsgames.com.ve/menu" "Mozilla/5.0 (Windows NT 6.1; Win64; x64) AppleWebKit/537.36 (KHTML, like Gecko) Chrome/75.0.3770.100 Safari/537.36"
190.200.96.28 - - [01/Jul/2019:11:18:34 -0400] "GET /img/39dirt_rally_2-4798741.jpg HTTP/1.1" 304 - "http://bumsgames.com.ve/menu" "Mozilla/5.0 (Windows NT 6.1; Win64; x64) AppleWebKit/537.36 (KHTML, like Gecko) Chrome/75.0.3770.100 Safari/537.36"
190.200.96.28 - - [01/Jul/2019:11:18:34 -0400] "GET /img/5071K9zZymtLL._SY550_.jpg HTTP/1.1" 304 - "http://bumsgames.com.ve/menu" "Mozilla/5.0 (Windows NT 6.1; Win64; x64) AppleWebKit/537.36 (KHTML, like Gecko) Chrome/75.0.3770.100 Safari/537.36"
190.200.96.28 - - [01/Jul/2019:11:18:34 -0400] "GET /img/371K9zZymtLL._SY550_.jpg HTTP/1.1" 304 - "http://bumsgames.com.ve/menu" "Mozilla/5.0 (Windows NT 6.1; Win64; x64) AppleWebKit/537.36 (KHTML, like Gecko) Chrome/75.0.3770.100 Safari/537.36"
190.200.96.28 - - [01/Jul/2019:11:18:34 -0400] "GET /img/46apps.65321.14343301090572358.2000000000007864118.jpg HTTP/1.1" 304 - "http://bumsgames.com.ve/menu" "Mozilla/5.0 (Windows NT 6.1; Win64; x64) AppleWebKit/537.36 (KHTML, like Gecko) Chrome/75.0.3770.100 Safari/537.36"
190.200.96.28 - - [01/Jul/2019:11:18:34 -0400] "GET /img/6apps.65321.14343301090572358.2000000000007864118.jpg HTTP/1.1" 304 - "http://bumsgames.com.ve/menu" "Mozilla/5.0 (Windows NT 6.1; Win64; x64) AppleWebKit/537.36 (KHTML, like Gecko) Chrome/75.0.3770.100 Safari/537.36"
190.200.96.28 - - [01/Jul/2019:11:18:35 -0400] "GET /img/8apps.65321.14343301090572358.2000000000007864118.jpg HTTP/1.1" 304 - "http://bumsgames.com.ve/menu" "Mozilla/5.0 (Windows NT 6.1; Win64; x64) AppleWebKit/537.36 (KHTML, like Gecko) Chrome/75.0.3770.100 Safari/537.36"
190.200.96.28 - - [01/Jul/2019:11:18:35 -0400] "GET /img/17image.jpg HTTP/1.1" 304 - "http://bumsgames.com.ve/menu" "Mozilla/5.0 (Windows NT 6.1; Win64; x64) AppleWebKit/537.36 (KHTML, like Gecko) Chrome/75.0.3770.100 Safari/537.36"
190.200.96.28 - - [01/Jul/2019:11:18:35 -0400] "GET /img/43image.png HTTP/1.1" 304 - "http://bumsgames.com.ve/menu" "Mozilla/5.0 (Windows NT 6.1; Win64; x64) AppleWebKit/537.36 (KHTML, like Gecko) Chrome/75.0.3770.100 Safari/537.36"
190.200.96.28 - - [01/Jul/2019:11:18:35 -0400] "GET /img/4image.png HTTP/1.1" 304 - "http://bumsgames.com.ve/menu" "Mozilla/5.0 (Windows NT 6.1; Win64; x64) AppleWebKit/537.36 (KHTML, like Gecko) Chrome/75.0.3770.100 Safari/537.36"
190.200.96.28 - - [01/Jul/2019:11:18:35 -0400] "GET /img/59image.png HTTP/1.1" 304 - "http://bumsgames.com.ve/menu" "Mozilla/5.0 (Windows NT 6.1; Win64; x64) AppleWebKit/537.36 (KHTML, like Gecko) Chrome/75.0.3770.100 Safari/537.36"
190.200.96.28 - - [01/Jul/2019:11:18:35 -0400] "GET /img/22forza-horizon-4-ultimate-edition-2-expansiones-xbox-one-D_NQ_NP_771321-MLA29108125107_012019-F.jpg HTTP/1.1" 304 - "http://bumsgames.com.ve/menu" "Mozilla/5.0 (Windows NT 6.1; Win64; x64) AppleWebKit/537.36 (KHTML, like Gecko) Chrome/75.0.3770.100 Safari/537.36"
190.200.96.28 - - [01/Jul/2019:11:18:35 -0400] "GET /img/29forza-horizon-4-ultimate-edition-2-expansiones-xbox-one-D_NQ_NP_771321-MLA29108125107_012019-F.jpg HTTP/1.1" 304 - "http://bumsgames.com.ve/menu" "Mozilla/5.0 (Windows NT 6.1; Win64; x64) AppleWebKit/537.36 (KHTML, like Gecko) Chrome/75.0.3770.100 Safari/537.36"
190.200.96.28 - - [01/Jul/2019:11:18:35 -0400] "GET /img/fondo_nada.jpg HTTP/1.1" 200 65683 "http://bumsgames.com.ve/menu" "Mozilla/5.0 (Windows NT 6.1; Win64; x64) AppleWebKit/537.36 (KHTML, like Gecko) Chrome/75.0.3770.100 Safari/537.36"
190.200.96.28 - - [01/Jul/2019:11:18:36 -0400] "GET /img/31juegos.jpg HTTP/1.1" 304 - "http://bumsgames.com.ve/menu" "Mozilla/5.0 (Windows NT 6.1; Win64; x64) AppleWebKit/537.36 (KHTML, like Gecko) Chrome/75.0.3770.100 Safari/537.36"
190.200.96.28 - - [01/Jul/2019:11:18:36 -0400] "GET /img/56crash-bandicoot-n-sane-trilogy-pc-dvd-D_NQ_NP_811575-MLV27705683532_072018-F.jpg HTTP/1.1" 304 - "http://bumsgames.com.ve/menu" "Mozilla/5.0 (Windows NT 6.1; Win64; x64) AppleWebKit/537.36 (KHTML, like Gecko) Chrome/75.0.3770.100 Safari/537.36"
190.200.96.28 - - [01/Jul/2019:11:18:36 -0400] "GET /img/11image.jpg HTTP/1.1" 304 - "http://bumsgames.com.ve/menu" "Mozilla/5.0 (Windows NT 6.1; Win64; x64) AppleWebKit/537.36 (KHTML, like Gecko) Chrome/75.0.3770.100 Safari/537.36"
190.200.96.28 - - [01/Jul/2019:11:18:36 -0400] "GET /img/31image.jpg HTTP/1.1" 304 - "http://bumsgames.com.ve/menu" "Mozilla/5.0 (Windows NT 6.1; Win64; x64) AppleWebKit/537.36 (KHTML, like Gecko) Chrome/75.0.3770.100 Safari/537.36"
190.198.137.161 - - [01/Jul/2019:11:18:37 -0400] "POST /modificacion_rapida HTTP/1.1" 200 591 "http://bumsgames.com.ve/aplicar_filtros_multiples" "Mozilla/5.0 (Windows NT 6.1) AppleWebKit/537.36 (KHTML, like Gecko) Chrome/75.0.3770.100 Safari/537.36"
190.200.96.28 - - [01/Jul/2019:11:18:37 -0400] "GET /img/15image.jpg HTTP/1.1" 200 27650 "http://bumsgames.com.ve/menu" "Mozilla/5.0 (Windows NT 6.1; Win64; x64) AppleWebKit/537.36 (KHTML, like Gecko) Chrome/75.0.3770.100 Safari/537.36"
190.200.96.28 - - [01/Jul/2019:11:18:35 -0400] "GET /img/46funko-pop-captain-america-avengers-infinity-war-288-D_NQ_NP_832006-MLA27528920147_062018-F.jpg HTTP/1.1" 200 177292 "http://bumsgames.com.ve/menu" "Mozilla/5.0 (Windows NT 6.1; Win64; x64) AppleWebKit/537.36 (KHTML, like Gecko) Chrome/75.0.3770.100 Safari/537.36"
190.200.96.28 - - [01/Jul/2019:11:18:39 -0400] "GET /img/56crash-1.jpg HTTP/1.1" 304 - "http://bumsgames.com.ve/menu" "Mozilla/5.0 (Windows NT 6.1; Win64; x64) AppleWebKit/537.36 (KHTML, like Gecko) Chrome/75.0.3770.100 Safari/537.36"
190.200.96.28 - - [01/Jul/2019:11:18:38 -0400] "GET /img/39Funko-pop.jpg HTTP/1.1" 200 109045 "http://bumsgames.com.ve/menu" "Mozilla/5.0 (Windows NT 6.1; Win64; x64) AppleWebKit/537.36 (KHTML, like Gecko) Chrome/75.0.3770.100 Safari/537.36"
190.200.96.28 - - [01/Jul/2019:11:18:33 -0400] "GET /visitas HTTP/1.1" 200 679 "http://bumsgames.com.ve/menu" "Mozilla/5.0 (Windows NT 6.1; Win64; x64) AppleWebKit/537.36 (KHTML, like Gecko) Chrome/75.0.3770.100 Safari/537.36"
190.198.137.161 - - [01/Jul/2019:11:18:50 -0400] "POST /realizar_modificacion HTTP/1.1" 200 21 "http://bumsgames.com.ve/aplicar_filtros_multiples" "Mozilla/5.0 (Windows NT 6.1) AppleWebKit/537.36 (KHTML, like Gecko) Chrome/75.0.3770.100 Safari/537.36"
190.200.96.28 - - [01/Jul/2019:11:18:43 -0400] "GET /menu HTTP/1.1" 200 290745 "-" "Mozilla/5.0 (Windows NT 6.1; Win64; x64) AppleWebKit/537.36 (KHTML, like Gecko) Chrome/75.0.3770.100 Safari/537.36"
190.198.137.161 - - [01/Jul/2019:11:19:08 -0400] "POST /aplicar_filtros_multiples HTTP/1.1" 200 52115 "http://bumsgames.com.ve/allArticles" "Mozilla/5.0 (Windows NT 6.1) AppleWebKit/537.36 (KHTML, like Gecko) Chrome/75.0.3770.100 Safari/537.36"
190.198.137.161 - - [01/Jul/2019:11:19:10 -0400] "GET /img/LOGO.ico HTTP/1.1" 200 270398 "http://bumsgames.com.ve/aplicar_filtros_multiples" "Mozilla/5.0 (Windows NT 6.1) AppleWebKit/537.36 (KHTML, like Gecko) Chrome/75.0.3770.100 Safari/537.36"
190.200.96.28 - - [01/Jul/2019:11:19:22 -0400] "GET /allArticles HTTP/1.1" 200 448751 "http://bumsgames.com.ve/menu" "Mozilla/5.0 (Windows NT 6.1; Win64; x64) AppleWebKit/537.36 (KHTML, like Gecko) Chrome/75.0.3770.100 Safari/537.36"
190.77.210.113 - - [01/Jul/2019:11:19:36 -0400] "GET /buscar_articulo_bums?name=madden+nfl HTTP/1.1" 200 44881 "http://bumsgames.com.ve/buscar_articulo_bums?name=trilogy" "Mozilla/5.0 (Windows NT 10.0; Win64; x64) AppleWebKit/537.36 (KHTML, like Gecko) Chrome/73.0.3683.103 Safari/537.36 OPR/60.0.3255.170"
190.77.210.113 - - [01/Jul/2019:11:19:36 -0400] "GET /js/jquery.zoom.js HTTP/1.1" 200 26745 "http://bumsgames.com.ve/buscar_articulo_bums?name=madden+nfl" "Mozilla/5.0 (Windows NT 10.0; Win64; x64) AppleWebKit/537.36 (KHTML, like Gecko) Chrome/73.0.3683.103 Safari/537.36 OPR/60.0.3255.170"
190.77.210.113 - - [01/Jul/2019:11:19:36 -0400] "GET /img/logops.png HTTP/1.1" 200 26745 "http://bumsgames.com.ve/buscar_articulo_bums?name=madden+nfl" "Mozilla/5.0 (Windows NT 10.0; Win64; x64) AppleWebKit/537.36 (KHTML, like Gecko) Chrome/73.0.3683.103 Safari/537.36 OPR/60.0.3255.170"
190.77.210.113 - - [01/Jul/2019:11:19:37 -0400] "GET /img/30TODO%20UN%20REVUELO.jpg HTTP/1.1" 200 70416 "http://bumsgames.com.ve/buscar_articulo_bums?name=madden+nfl" "Mozilla/5.0 (Windows NT 10.0; Win64; x64) AppleWebKit/537.36 (KHTML, like Gecko) Chrome/73.0.3683.103 Safari/537.36 OPR/60.0.3255.170"
190.77.210.113 - - [01/Jul/2019:11:19:36 -0400] "GET /img/22Madden%20NFL%2019.jpg HTTP/1.1" 200 114461 "http://bumsgames.com.ve/buscar_articulo_bums?name=madden+nfl" "Mozilla/5.0 (Windows NT 10.0; Win64; x64) AppleWebKit/537.36 (KHTML, like Gecko) Chrome/73.0.3683.103 Safari/537.36 OPR/60.0.3255.170"
190.200.96.28 - - [01/Jul/2019:11:19:48 -0400] "GET /misArticles_lista_escrita HTTP/1.1" 200 91345 "http://bumsgames.com.ve/allArticles" "Mozilla/5.0 (Windows NT 6.1; Win64; x64) AppleWebKit/537.36 (KHTML, like Gecko) Chrome/75.0.3770.100 Safari/537.36"
190.200.96.28 - - [01/Jul/2019:11:19:39 -0400] "GET /allArticles HTTP/1.1" 200 448751 "-" "Mozilla/5.0 (Windows NT 6.1; Win64; x64) AppleWebKit/537.36 (KHTML, like Gecko) Chrome/75.0.3770.100 Safari/537.36"
190.200.96.28 - - [01/Jul/2019:11:19:51 -0400] "GET /misArticles_lista_escrita HTTP/1.1" 200 91345 "-" "Mozilla/5.0 (Windows NT 6.1; Win64; x64) AppleWebKit/537.36 (KHTML, like Gecko) Chrome/75.0.3770.100 Safari/537.36"
190.198.137.161 - - [01/Jul/2019:11:20:01 -0400] "POST /aplicar_filtros_multiples HTTP/1.1" 200 51793 "http://bumsgames.com.ve/allArticles" "Mozilla/5.0 (Windows NT 6.1) AppleWebKit/537.36 (KHTML, like Gecko) Chrome/75.0.3770.100 Safari/537.36"
66.249.64.102 - - [01/Jul/2019:11:21:09 -0400] "GET /robots.txt HTTP/1.1" 200 26 "-" "Mozilla/5.0 (compatible; Googlebot/2.1; +http://www.google.com/bot.html)"
66.249.64.100 - - [01/Jul/2019:11:21:11 -0400] "GET /www.bumsgames.com.ve/xb1.php HTTP/1.1" 200 26745 "-" "Mozilla/5.0 (Linux; Android 6.0.1; Nexus 5X Build/MMB29P) AppleWebKit/537.36 (KHTML, like Gecko) Chrome/41.0.2272.96 Mobile Safari/537.36 (compatible; Googlebot/2.1; +http://www.google.com/bot.html)"
190.198.137.161 - - [01/Jul/2019:11:21:30 -0400] "POST /modificacion_rapida HTTP/1.1" 200 499 "http://bumsgames.com.ve/aplicar_filtros_multiples" "Mozilla/5.0 (Windows NT 6.1) AppleWebKit/537.36 (KHTML, like Gecko) Chrome/75.0.3770.100 Safari/537.36"
190.198.137.161 - - [01/Jul/2019:11:21:46 -0400] "POST /realizar_modificacion HTTP/1.1" 200 21 "http://bumsgames.com.ve/aplicar_filtros_multiples" "Mozilla/5.0 (Windows NT 6.1) AppleWebKit/537.36 (KHTML, like Gecko) Chrome/75.0.3770.100 Safari/537.36"
190.198.137.161 - - [01/Jul/2019:11:21:50 -0400] "POST /aplicar_filtros_multiples HTTP/1.1" 200 51791 "http://bumsgames.com.ve/allArticles" "Mozilla/5.0 (Windows NT 6.1) AppleWebKit/537.36 (KHTML, like Gecko) Chrome/75.0.3770.100 Safari/537.36"
190.198.137.161 - - [01/Jul/2019:11:21:52 -0400] "GET /img/LOGO.ico HTTP/1.1" 200 270398 "http://bumsgames.com.ve/aplicar_filtros_multiples" "Mozilla/5.0 (Windows NT 6.1) AppleWebKit/537.36 (KHTML, like Gecko) Chrome/75.0.3770.100 Safari/537.36"
190.200.96.28 - - [01/Jul/2019:11:22:00 -0400] "POST /aplicar_filtros_multiples HTTP/1.1" 200 327765 "http://bumsgames.com.ve/allArticles" "Mozilla/5.0 (Windows NT 6.1; Win64; x64) AppleWebKit/537.36 (KHTML, like Gecko) Chrome/75.0.3770.100 Safari/537.36"
190.198.137.161 - - [01/Jul/2019:11:22:24 -0400] "POST /aplicar_filtros_multiples HTTP/1.1" 200 74126 "http://bumsgames.com.ve/allArticles" "Mozilla/5.0 (Windows NT 6.1) AppleWebKit/537.36 (KHTML, like Gecko) Chrome/75.0.3770.100 Safari/537.36"
190.200.96.28 - - [01/Jul/2019:11:22:20 -0400] "GET /aplicar_filtros_multiples HTTP/1.1" 200 14502360 "-" "Mozilla/5.0 (Windows NT 6.1; Win64; x64) AppleWebKit/537.36 (KHTML, like Gecko) Chrome/75.0.3770.100 Safari/537.36"
190.198.137.161 - - [01/Jul/2019:11:22:40 -0400] "POST /modificacion_rapida HTTP/1.1" 200 687 "http://bumsgames.com.ve/aplicar_filtros_multiples" "Mozilla/5.0 (Windows NT 6.1) AppleWebKit/537.36 (KHTML, like Gecko) Chrome/75.0.3770.100 Safari/537.36"
190.198.137.161 - - [01/Jul/2019:11:22:50 -0400] "POST /modificacion_rapida HTTP/1.1" 200 687 "http://bumsgames.com.ve/aplicar_filtros_multiples" "Mozilla/5.0 (Windows NT 6.1) AppleWebKit/537.36 (KHTML, like Gecko) Chrome/75.0.3770.100 Safari/537.36"
190.198.137.161 - - [01/Jul/2019:11:22:53 -0400] "POST /realizar_modificacion HTTP/1.1" 200 21 "http://bumsgames.com.ve/aplicar_filtros_multiples" "Mozilla/5.0 (Windows NT 6.1) AppleWebKit/537.36 (KHTML, like Gecko) Chrome/75.0.3770.100 Safari/537.36"
