66.249.88.31 - - [01/Jul/2019:11:54:35 -0400] "GET /img/1556489357.jpg HTTP/1.1" 200 26845 "http://www.bumsgames.com.ve/" "Mozilla/5.0 (Linux; Android 9; SM-A305G) AppleWebKit/537.36 (KHTML, like Gecko) Chrome/75.0.3770.89 Mobile Safari/537.36"
66.249.88.27 - - [01/Jul/2019:11:54:43 -0400] "GET /lista_escrita HTTP/1.1" 200 196722 "http://www.bumsgames.com.ve/" "Mozilla/5.0 (Linux; Android 9; SM-A305G) AppleWebKit/537.36 (KHTML, like Gecko) Chrome/75.0.3770.89 Mobile Safari/537.36"
66.249.88.27 - - [01/Jul/2019:11:54:45 -0400] "GET /img/maxresdefault.jpg HTTP/1.1" 200 108826 "http://www.bumsgames.com.ve/lista_escrita" "Mozilla/5.0 (Linux; Android 9; SM-A305G) AppleWebKit/537.36 (KHTML, like Gecko) Chrome/75.0.3770.89 Mobile Safari/537.36"
66.249.88.27 - - [01/Jul/2019:11:54:45 -0400] "GET /js/jquery.zoom.js HTTP/1.1" 200 26845 "http://www.bumsgames.com.ve/lista_escrita" "Mozilla/5.0 (Linux; Android 9; SM-A305G) AppleWebKit/537.36 (KHTML, like Gecko) Chrome/75.0.3770.89 Mobile Safari/537.36"
66.249.88.27 - - [01/Jul/2019:11:54:45 -0400] "GET /img/logops.png HTTP/1.1" 200 26845 "http://www.bumsgames.com.ve/lista_escrita" "Mozilla/5.0 (Linux; Android 9; SM-A305G) AppleWebKit/537.36 (KHTML, like Gecko) Chrome/75.0.3770.89 Mobile Safari/537.36"
66.249.88.27 - - [01/Jul/2019:11:54:45 -0400] "GET /img/53NBA%20LIVE%2018.jpg HTTP/1.1" 200 23443 "http://www.bumsgames.com.ve/lista_escrita" "Mozilla/5.0 (Linux; Android 9; SM-A305G) AppleWebKit/537.36 (KHTML, like Gecko) Chrome/75.0.3770.89 Mobile Safari/537.36"
66.249.88.27 - - [01/Jul/2019:11:54:45 -0400] "GET /img/39FIFA%2018.jpg HTTP/1.1" 200 225519 "http://www.bumsgames.com.ve/lista_escrita" "Mozilla/5.0 (Linux; Android 9; SM-A305G) AppleWebKit/537.36 (KHTML, like Gecko) Chrome/75.0.3770.89 Mobile Safari/537.36"
66.249.88.31 - - [01/Jul/2019:11:54:45 -0400] "GET /img/59nfs_most_wanted.jpg HTTP/1.1" 200 166402 "http://www.bumsgames.com.ve/lista_escrita" "Mozilla/5.0 (Linux; Android 9; SM-A305G) AppleWebKit/537.36 (KHTML, like Gecko) Chrome/75.0.3770.89 Mobile Safari/537.36"
190.198.137.161 - - [01/Jul/2019:11:54:57 -0400] "POST /modificacion_rapida HTTP/1.1" 200 515 "http://bumsgames.com.ve/aplicar_filtros_multiples" "Mozilla/5.0 (Windows NT 6.1) AppleWebKit/537.36 (KHTML, like Gecko) Chrome/75.0.3770.100 Safari/537.36"
190.198.137.161 - - [01/Jul/2019:11:55:00 -0400] "POST /realizar_modificacion HTTP/1.1" 200 21 "http://bumsgames.com.ve/aplicar_filtros_multiples" "Mozilla/5.0 (Windows NT 6.1) AppleWebKit/537.36 (KHTML, like Gecko) Chrome/75.0.3770.100 Safari/537.36"
190.198.137.161 - - [01/Jul/2019:11:55:45 -0400] "POST /modificacion_rapida HTTP/1.1" 200 514 "http://bumsgames.com.ve/aplicar_filtros_multiples" "Mozilla/5.0 (Windows NT 6.1) AppleWebKit/537.36 (KHTML, like Gecko) Chrome/75.0.3770.100 Safari/537.36"
190.198.137.161 - - [01/Jul/2019:11:55:56 -0400] "POST /realizar_modificacion HTTP/1.1" 200 21 "http://bumsgames.com.ve/aplicar_filtros_multiples" "Mozilla/5.0 (Windows NT 6.1) AppleWebKit/537.36 (KHTML, like Gecko) Chrome/75.0.3770.100 Safari/537.36"
190.198.137.161 - - [01/Jul/2019:11:56:00 -0400] "POST /aplicar_filtros_multiples HTTP/1.1" 200 51566 "http://bumsgames.com.ve/allArticles" "Mozilla/5.0 (Windows NT 6.1) AppleWebKit/537.36 (KHTML, like Gecko) Chrome/75.0.3770.100 Safari/537.36"
66.249.88.27 - - [01/Jul/2019:11:56:48 -0400] "GET /lista_escrita HTTP/1.1" 200 196722 "http://www.bumsgames.com.ve/" "Mozilla/5.0 (Linux; Android 9; SM-A305G) AppleWebKit/537.36 (KHTML, like Gecko) Chrome/75.0.3770.89 Mobile Safari/537.36"
190.200.113.71 - - [01/Jul/2019:11:56:55 -0400] "GET /lista_escrita HTTP/1.1" 200 196722 "http://www.bumsgames.com.ve/" "Mozilla/5.0 (Linux; Android 9; SM-A305G) AppleWebKit/537.36 (KHTML, like Gecko) Chrome/75.0.3770.89 Mobile Safari/537.36"
190.77.210.113 - - [01/Jul/2019:11:57:04 -0400] "GET /buscar_articulo_bums?name=saber+es+poder HTTP/1.1" 200 39497 "http://bumsgames.com.ve/buscar_articulo_bums?name=nba+2k" "Mozilla/5.0 (Windows NT 10.0; Win64; x64) AppleWebKit/537.36 (KHTML, like Gecko) Chrome/73.0.3683.103 Safari/537.36 OPR/60.0.3255.170"
190.77.210.113 - - [01/Jul/2019:11:57:06 -0400] "GET /js/jquery.zoom.js HTTP/1.1" 200 26745 "http://bumsgames.com.ve/buscar_articulo_bums?name=saber+es+poder" "Mozilla/5.0 (Windows NT 10.0; Win64; x64) AppleWebKit/537.36 (KHTML, like Gecko) Chrome/73.0.3683.103 Safari/537.36 OPR/60.0.3255.170"
190.77.210.113 - - [01/Jul/2019:11:57:12 -0400] "GET /img/logops.png HTTP/1.1" 200 26745 "http://bumsgames.com.ve/buscar_articulo_bums?name=saber+es+poder" "Mozilla/5.0 (Windows NT 10.0; Win64; x64) AppleWebKit/537.36 (KHTML, like Gecko) Chrome/73.0.3683.103 Safari/537.36 OPR/60.0.3255.170"
190.77.210.113 - - [01/Jul/2019:11:57:13 -0400] "GET /img/0saber%20es%20poder.jpg HTTP/1.1" 200 25853 "http://bumsgames.com.ve/buscar_articulo_bums?name=saber+es+poder" "Mozilla/5.0 (Windows NT 10.0; Win64; x64) AppleWebKit/537.36 (KHTML, like Gecko) Chrome/73.0.3683.103 Safari/537.36 OPR/60.0.3255.170"
190.198.137.161 - - [01/Jul/2019:11:58:08 -0400] "POST /aplicar_filtros_multiples HTTP/1.1" 200 65046 "http://bumsgames.com.ve/allArticles" "Mozilla/5.0 (Windows NT 6.1) AppleWebKit/537.36 (KHTML, like Gecko) Chrome/75.0.3770.100 Safari/537.36"
190.198.137.161 - - [01/Jul/2019:12:00:01 -0400] "POST /modificacion_rapida HTTP/1.1" 200 632 "http://bumsgames.com.ve/aplicar_filtros_multiples" "Mozilla/5.0 (Windows NT 6.1) AppleWebKit/537.36 (KHTML, like Gecko) Chrome/75.0.3770.100 Safari/537.36"
190.198.137.161 - - [01/Jul/2019:12:00:07 -0400] "POST /realizar_modificacion HTTP/1.1" 200 21 "http://bumsgames.com.ve/aplicar_filtros_multiples" "Mozilla/5.0 (Windows NT 6.1) AppleWebKit/537.36 (KHTML, like Gecko) Chrome/75.0.3770.100 Safari/537.36"
190.198.137.161 - - [01/Jul/2019:12:00:16 -0400] "POST /aplicar_filtros_multiples HTTP/1.1" 200 65044 "http://bumsgames.com.ve/allArticles" "Mozilla/5.0 (Windows NT 6.1) AppleWebKit/537.36 (KHTML, like Gecko) Chrome/75.0.3770.100 Safari/537.36"
190.198.137.161 - - [01/Jul/2019:12:00:18 -0400] "GET /img/LOGO.ico HTTP/1.1" 200 270398 "http://bumsgames.com.ve/aplicar_filtros_multiples" "Mozilla/5.0 (Windows NT 6.1) AppleWebKit/537.36 (KHTML, like Gecko) Chrome/75.0.3770.100 Safari/537.36"
190.77.210.113 - - [01/Jul/2019:12:00:37 -0400] "GET /buscar_articulo_bums?name=17 HTTP/1.1" 200 58098 "http://bumsgames.com.ve/buscar_articulo_bums?name=saber+es+poder" "Mozilla/5.0 (Windows NT 10.0; Win64; x64) AppleWebKit/537.36 (KHTML, like Gecko) Chrome/73.0.3683.103 Safari/537.36 OPR/60.0.3255.170"
190.77.210.113 - - [01/Jul/2019:12:00:37 -0400] "GET /js/jquery.zoom.js HTTP/1.1" 200 26745 "http://bumsgames.com.ve/buscar_articulo_bums?name=17" "Mozilla/5.0 (Windows NT 10.0; Win64; x64) AppleWebKit/537.36 (KHTML, like Gecko) Chrome/73.0.3683.103 Safari/537.36 OPR/60.0.3255.170"
190.77.210.113 - - [01/Jul/2019:12:00:38 -0400] "GET /img/logops.png HTTP/1.1" 200 26745 "http://bumsgames.com.ve/buscar_articulo_bums?name=17" "Mozilla/5.0 (Windows NT 10.0; Win64; x64) AppleWebKit/537.36 (KHTML, like Gecko) Chrome/73.0.3683.103 Safari/537.36 OPR/60.0.3255.170"
190.77.210.113 - - [01/Jul/2019:12:00:38 -0400] "GET /img/0mlb%2017.jpg HTTP/1.1" 200 19191 "http://bumsgames.com.ve/buscar_articulo_bums?name=17" "Mozilla/5.0 (Windows NT 10.0; Win64; x64) AppleWebKit/537.36 (KHTML, like Gecko) Chrome/73.0.3683.103 Safari/537.36 OPR/60.0.3255.170"
190.198.137.161 - - [01/Jul/2019:11:56:02 -0400] "GET /img/LOGO.ico HTTP/1.1" 200 270398 "http://bumsgames.com.ve/aplicar_filtros_multiples" "Mozilla/5.0 (Windows NT 6.1) AppleWebKit/537.36 (KHTML, like Gecko) Chrome/75.0.3770.100 Safari/537.36"
66.249.64.97 - - [01/Jul/2019:11:56:22 -0400] "GET /www.bumsgames.com.ve HTTP/1.1" 200 26745 "-" "Mozilla/5.0 (Linux; Android 6.0.1; Nexus 5X Build/MMB29P) AppleWebKit/537.36 (KHTML, like Gecko) Chrome/41.0.2272.96 Mobile Safari/537.36 (compatible; Googlebot/2.1; +http://www.google.com/bot.html)"
157.55.39.237 - - [01/Jul/2019:11:56:27 -0400] "GET /lista_escrita HTTP/1.1" 200 201919 "-" "Mozilla/5.0 (compatible; bingbot/2.0; +http://www.bing.com/bingbot.htm)"
190.77.210.113 - - [01/Jul/2019:12:00:38 -0400] "GET /img/5descarga.jpg HTTP/1.1" 200 13825 "http://bumsgames.com.ve/buscar_articulo_bums?name=17" "Mozilla/5.0 (Windows NT 10.0; Win64; x64) AppleWebKit/537.36 (KHTML, like Gecko) Chrome/73.0.3683.103 Safari/537.36 OPR/60.0.3255.170"
190.77.210.113 - - [01/Jul/2019:12:00:38 -0400] "GET /img/49WWE%202K17.jpg HTTP/1.1" 200 30639 "http://bumsgames.com.ve/buscar_articulo_bums?name=17" "Mozilla/5.0 (Windows NT 10.0; Win64; x64) AppleWebKit/537.36 (KHTML, like Gecko) Chrome/73.0.3683.103 Safari/537.36 OPR/60.0.3255.170"
190.77.210.113 - - [01/Jul/2019:12:00:39 -0400] "GET /img/14PRO%20EVOLUTION%202017%20PS4.jpg HTTP/1.1" 200 98736 "http://bumsgames.com.ve/buscar_articulo_bums?name=17" "Mozilla/5.0 (Windows NT 10.0; Win64; x64) AppleWebKit/537.36 (KHTML, like Gecko) Chrome/73.0.3683.103 Safari/537.36 OPR/60.0.3255.170"
190.77.210.113 - - [01/Jul/2019:12:00:38 -0400] "GET /img/34mlb-the-show-17-0027-1500x844.jpg HTTP/1.1" 200 176181 "http://bumsgames.com.ve/buscar_articulo_bums?name=17" "Mozilla/5.0 (Windows NT 10.0; Win64; x64) AppleWebKit/537.36 (KHTML, like Gecko) Chrome/73.0.3683.103 Safari/537.36 OPR/60.0.3255.170"
190.77.210.113 - - [01/Jul/2019:12:00:38 -0400] "GET /img/55FIFA%2017.jpg HTTP/1.1" 200 418177 "http://bumsgames.com.ve/buscar_articulo_bums?name=17" "Mozilla/5.0 (Windows NT 10.0; Win64; x64) AppleWebKit/537.36 (KHTML, like Gecko) Chrome/73.0.3683.103 Safari/537.36 OPR/60.0.3255.170"
190.77.210.113 - - [01/Jul/2019:12:00:40 -0400] "GET /img/46FIFA%2017.jpg HTTP/1.1" 200 418177 "http://bumsgames.com.ve/buscar_articulo_bums?name=17" "Mozilla/5.0 (Windows NT 10.0; Win64; x64) AppleWebKit/537.36 (KHTML, like Gecko) Chrome/73.0.3683.103 Safari/537.36 OPR/60.0.3255.170"
190.77.210.113 - - [01/Jul/2019:12:00:38 -0400] "GET /img/35FIFA%2017.jpg HTTP/1.1" 200 418177 "http://bumsgames.com.ve/buscar_articulo_bums?name=17" "Mozilla/5.0 (Windows NT 10.0; Win64; x64) AppleWebKit/537.36 (KHTML, like Gecko) Chrome/73.0.3683.103 Safari/537.36 OPR/60.0.3255.170"
190.198.137.161 - - [01/Jul/2019:12:00:53 -0400] "POST /aplicar_filtros_multiples HTTP/1.1" 200 56383 "http://bumsgames.com.ve/allArticles" "Mozilla/5.0 (Windows NT 6.1) AppleWebKit/537.36 (KHTML, like Gecko) Chrome/75.0.3770.100 Safari/537.36"
190.77.210.113 - - [01/Jul/2019:12:00:39 -0400] "GET /img/24nexus2cee_main_img.png HTTP/1.1" 200 611053 "http://bumsgames.com.ve/buscar_articulo_bums?name=17" "Mozilla/5.0 (Windows NT 10.0; Win64; x64) AppleWebKit/537.36 (KHTML, like Gecko) Chrome/73.0.3683.103 Safari/537.36 OPR/60.0.3255.170"
190.77.210.113 - - [01/Jul/2019:12:02:24 -0400] "GET /buscar_articulo_bums?name=unravel HTTP/1.1" 200 37287 "http://bumsgames.com.ve/buscar_articulo_bums?name=17" "Mozilla/5.0 (Windows NT 10.0; Win64; x64) AppleWebKit/537.36 (KHTML, like Gecko) Chrome/73.0.3683.103 Safari/537.36 OPR/60.0.3255.170"
190.77.210.113 - - [01/Jul/2019:12:02:29 -0400] "GET /js/jquery.zoom.js HTTP/1.1" 200 26745 "http://bumsgames.com.ve/buscar_articulo_bums?name=unravel" "Mozilla/5.0 (Windows NT 10.0; Win64; x64) AppleWebKit/537.36 (KHTML, like Gecko) Chrome/73.0.3683.103 Safari/537.36 OPR/60.0.3255.170"
190.77.210.113 - - [01/Jul/2019:12:02:33 -0400] "GET /img/logops.png HTTP/1.1" 200 26745 "http://bumsgames.com.ve/buscar_articulo_bums?name=unravel" "Mozilla/5.0 (Windows NT 10.0; Win64; x64) AppleWebKit/537.36 (KHTML, like Gecko) Chrome/73.0.3683.103 Safari/537.36 OPR/60.0.3255.170"
190.77.210.113 - - [01/Jul/2019:12:02:34 -0400] "GET /img/1unravel.jpg HTTP/1.1" 200 9747 "http://bumsgames.com.ve/buscar_articulo_bums?name=unravel" "Mozilla/5.0 (Windows NT 10.0; Win64; x64) AppleWebKit/537.36 (KHTML, like Gecko) Chrome/73.0.3683.103 Safari/537.36 OPR/60.0.3255.170"
190.77.210.113 - - [01/Jul/2019:12:04:22 -0400] "GET /buscar_articulo_bums?name=fifa+19 HTTP/1.1" 200 48462 "http://bumsgames.com.ve/buscar_articulo_bums?name=unravel" "Mozilla/5.0 (Windows NT 10.0; Win64; x64) AppleWebKit/537.36 (KHTML, like Gecko) Chrome/73.0.3683.103 Safari/537.36 OPR/60.0.3255.170"
190.77.210.113 - - [01/Jul/2019:12:04:21 -0400] "GET /buscar_articulo_bums?name=fifa+19%2B HTTP/1.1" 200 35137 "http://bumsgames.com.ve/buscar_articulo_bums?name=unravel" "Mozilla/5.0 (Windows NT 10.0; Win64; x64) AppleWebKit/537.36 (KHTML, like Gecko) Chrome/73.0.3683.103 Safari/537.36 OPR/60.0.3255.170"
190.77.210.113 - - [01/Jul/2019:12:04:22 -0400] "GET /js/jquery.zoom.js HTTP/1.1" 200 26745 "http://bumsgames.com.ve/buscar_articulo_bums?name=fifa+19" "Mozilla/5.0 (Windows NT 10.0; Win64; x64) AppleWebKit/537.36 (KHTML, like Gecko) Chrome/73.0.3683.103 Safari/537.36 OPR/60.0.3255.170"
190.77.210.113 - - [01/Jul/2019:12:04:23 -0400] "GET /img/logops.png HTTP/1.1" 200 26745 "http://bumsgames.com.ve/buscar_articulo_bums?name=fifa+19" "Mozilla/5.0 (Windows NT 10.0; Win64; x64) AppleWebKit/537.36 (KHTML, like Gecko) Chrome/73.0.3683.103 Safari/537.36 OPR/60.0.3255.170"
190.77.210.113 - - [01/Jul/2019:12:04:27 -0400] "GET /img/4FIFA%2019.JPG HTTP/1.1" 200 51915 "http://bumsgames.com.ve/buscar_articulo_bums?name=fifa+19" "Mozilla/5.0 (Windows NT 10.0; Win64; x64) AppleWebKit/537.36 (KHTML, like Gecko) Chrome/73.0.3683.103 Safari/537.36 OPR/60.0.3255.170"
190.77.210.113 - - [01/Jul/2019:12:04:27 -0400] "GET /img/35FIFA%2019.JPG HTTP/1.1" 200 51915 "http://bumsgames.com.ve/buscar_articulo_bums?name=fifa+19" "Mozilla/5.0 (Windows NT 10.0; Win64; x64) AppleWebKit/537.36 (KHTML, like Gecko) Chrome/73.0.3683.103 Safari/537.36 OPR/60.0.3255.170"
190.200.96.28 - - [01/Jul/2019:12:04:28 -0400] "GET /buscar_articulo_bums?name=pes+2018 HTTP/1.1" 200 35245 "http://www.bumsgames.com.ve/" "Mozilla/5.0 (Windows NT 6.1; Win64; x64) AppleWebKit/537.36 (KHTML, like Gecko) Chrome/75.0.3770.100 Safari/537.36"
190.200.96.28 - - [01/Jul/2019:12:04:29 -0400] "GET /js/jquery.zoom.js HTTP/1.1" 200 26853 "http://www.bumsgames.com.ve/buscar_articulo_bums?name=pes+2018" "Mozilla/5.0 (Windows NT 6.1; Win64; x64) AppleWebKit/537.36 (KHTML, like Gecko) Chrome/75.0.3770.100 Safari/537.36"
190.200.96.28 - - [01/Jul/2019:12:04:29 -0400] "GET /img/logops.png HTTP/1.1" 200 26853 "http://www.bumsgames.com.ve/buscar_articulo_bums?name=pes+2018" "Mozilla/5.0 (Windows NT 6.1; Win64; x64) AppleWebKit/537.36 (KHTML, like Gecko) Chrome/75.0.3770.100 Safari/537.36"
190.200.96.28 - - [01/Jul/2019:12:04:29 -0400] "GET /img/53NBA%20LIVE%2018.jpg HTTP/1.1" 200 23443 "http://www.bumsgames.com.ve/buscar_articulo_bums?name=pes+2018" "Mozilla/5.0 (Windows NT 6.1; Win64; x64) AppleWebKit/537.36 (KHTML, like Gecko) Chrome/75.0.3770.100 Safari/537.36"
190.200.96.28 - - [01/Jul/2019:12:04:30 -0400] "GET /buscar_articulo_bums?name=pes+2018 HTTP/1.1" 200 35245 "-" "Mozilla/5.0 (Windows NT 6.1; Win64; x64) AppleWebKit/537.36 (KHTML, like Gecko) Chrome/75.0.3770.100 Safari/537.36"
190.200.96.28 - - [01/Jul/2019:12:04:36 -0400] "GET /buscar_articulo_bums?name=pro HTTP/1.1" 200 95741 "http://www.bumsgames.com.ve/buscar_articulo_bums?name=pes+2018" "Mozilla/5.0 (Windows NT 6.1; Win64; x64) AppleWebKit/537.36 (KHTML, like Gecko) Chrome/75.0.3770.100 Safari/537.36"
190.200.96.28 - - [01/Jul/2019:12:04:36 -0400] "GET /js/jquery.zoom.js HTTP/1.1" 200 26853 "http://www.bumsgames.com.ve/buscar_articulo_bums?name=pro" "Mozilla/5.0 (Windows NT 6.1; Win64; x64) AppleWebKit/537.36 (KHTML, like Gecko) Chrome/75.0.3770.100 Safari/537.36"
190.200.96.28 - - [01/Jul/2019:12:04:37 -0400] "GET /img/logops.png HTTP/1.1" 200 26853 "http://www.bumsgames.com.ve/buscar_articulo_bums?name=pro" "Mozilla/5.0 (Windows NT 6.1; Win64; x64) AppleWebKit/537.36 (KHTML, like Gecko) Chrome/75.0.3770.100 Safari/537.36"
190.200.96.28 - - [01/Jul/2019:12:04:38 -0400] "GET /img/19PES%202018.jpg HTTP/1.1" 200 11932 "http://www.bumsgames.com.ve/buscar_articulo_bums?name=pro" "Mozilla/5.0 (Windows NT 6.1; Win64; x64) AppleWebKit/537.36 (KHTML, like Gecko) Chrome/75.0.3770.100 Safari/537.36"
190.77.210.113 - - [01/Jul/2019:12:04:38 -0400] "GET /img/52FIFA%2019.JPG HTTP/1.1" 200 51915 "http://bumsgames.com.ve/buscar_articulo_bums?name=fifa+19" "Mozilla/5.0 (Windows NT 10.0; Win64; x64) AppleWebKit/537.36 (KHTML, like Gecko) Chrome/73.0.3683.103 Safari/537.36 OPR/60.0.3255.170"
190.200.96.28 - - [01/Jul/2019:12:04:38 -0400] "GET /img/7IMG-20190530-WA0014.jpg HTTP/1.1" 200 85474 "http://www.bumsgames.com.ve/buscar_articulo_bums?name=pro" "Mozilla/5.0 (Windows NT 6.1; Win64; x64) AppleWebKit/537.36 (KHTML, like Gecko) Chrome/75.0.3770.100 Safari/537.36"
190.200.96.28 - - [01/Jul/2019:12:04:39 -0400] "GET /img/52image%20(4).jpg HTTP/1.1" 200 25463 "http://www.bumsgames.com.ve/buscar_articulo_bums?name=pro" "Mozilla/5.0 (Windows NT 6.1; Win64; x64) AppleWebKit/537.36 (KHTML, like Gecko) Chrome/75.0.3770.100 Safari/537.36"
190.200.96.28 - - [01/Jul/2019:12:04:38 -0400] "GET /img/43WhatsApp%20Image%202019-04-06%20at%2012.09.43%20PM.jpeg HTTP/1.1" 200 110967 "http://www.bumsgames.com.ve/buscar_articulo_bums?name=pro" "Mozilla/5.0 (Windows NT 6.1; Win64; x64) AppleWebKit/537.36 (KHTML, like Gecko) Chrome/75.0.3770.100 Safari/537.36"
190.200.96.28 - - [01/Jul/2019:12:04:37 -0400] "GET /img/16WhatsApp%20Image%202019-06-03%20at%2018.02.15.jpeg HTTP/1.1" 200 114886 "http://www.bumsgames.com.ve/buscar_articulo_bums?name=pro" "Mozilla/5.0 (Windows NT 6.1; Win64; x64) AppleWebKit/537.36 (KHTML, like Gecko) Chrome/75.0.3770.100 Safari/537.36"
190.200.96.28 - - [01/Jul/2019:12:04:40 -0400] "GET /img/5image%20(4).jpg HTTP/1.1" 200 25463 "http://www.bumsgames.com.ve/buscar_articulo_bums?name=pro" "Mozilla/5.0 (Windows NT 6.1; Win64; x64) AppleWebKit/537.36 (KHTML, like Gecko) Chrome/75.0.3770.100 Safari/537.36"
190.200.96.28 - - [01/Jul/2019:12:04:41 -0400] "GET /img/34WhatsApp%20Image%202019-05-23%20at%2016.22.14.jpeg HTTP/1.1" 200 84596 "http://www.bumsgames.com.ve/buscar_articulo_bums?name=pro" "Mozilla/5.0 (Windows NT 6.1; Win64; x64) AppleWebKit/537.36 (KHTML, like Gecko) Chrome/75.0.3770.100 Safari/537.36"
190.200.96.28 - - [01/Jul/2019:12:04:42 -0400] "GET /img/55WhatsApp%20Image%202019-05-22%20at%2014.18.03.jpeg HTTP/1.1" 200 76205 "http://www.bumsgames.com.ve/buscar_articulo_bums?name=pro" "Mozilla/5.0 (Windows NT 6.1; Win64; x64) AppleWebKit/537.36 (KHTML, like Gecko) Chrome/75.0.3770.100 Safari/537.36"
190.200.96.28 - - [01/Jul/2019:12:04:38 -0400] "GET /img/4759aeb479dd652.jpeg HTTP/1.1" 200 183954 "http://www.bumsgames.com.ve/buscar_articulo_bums?name=pro" "Mozilla/5.0 (Windows NT 6.1; Win64; x64) AppleWebKit/537.36 (KHTML, like Gecko) Chrome/75.0.3770.100 Safari/537.36"
190.200.96.28 - - [01/Jul/2019:12:04:42 -0400] "GET /img/3571w61HvlGeL._SX522_.jpg HTTP/1.1" 200 28832 "http://www.bumsgames.com.ve/buscar_articulo_bums?name=pro" "Mozilla/5.0 (Windows NT 6.1; Win64; x64) AppleWebKit/537.36 (KHTML, like Gecko) Chrome/75.0.3770.100 Safari/537.36"
190.200.96.28 - - [01/Jul/2019:12:04:42 -0400] "GET /img/11pes%2019%202.jpg HTTP/1.1" 200 76491 "http://www.bumsgames.com.ve/buscar_articulo_bums?name=pro" "Mozilla/5.0 (Windows NT 6.1; Win64; x64) AppleWebKit/537.36 (KHTML, like Gecko) Chrome/75.0.3770.100 Safari/537.36"
190.200.96.28 - - [01/Jul/2019:12:04:44 -0400] "GET /img/5cb4756870b.jpg HTTP/1.1" 200 28150 "http://www.bumsgames.com.ve/buscar_articulo_bums?name=pro" "Mozilla/5.0 (Windows NT 6.1; Win64; x64) AppleWebKit/537.36 (KHTML, like Gecko) Chrome/75.0.3770.100 Safari/537.36"
190.200.96.28 - - [01/Jul/2019:12:04:44 -0400] "GET /img/5WhatsApp%20Image%202019-03-18%20at%208.30.32%20PM.jpeg HTTP/1.1" 200 31654 "http://www.bumsgames.com.ve/buscar_articulo_bums?name=pro" "Mozilla/5.0 (Windows NT 6.1; Win64; x64) AppleWebKit/537.36 (KHTML, like Gecko) Chrome/75.0.3770.100 Safari/537.36"
190.77.210.113 - - [01/Jul/2019:12:04:44 -0400] "GET /img/45WhatsApp%20Image%202019-06-03%20at%2016.32.07.jpeg HTTP/1.1" 200 56042 "http://bumsgames.com.ve/buscar_articulo_bums?name=fifa+19" "Mozilla/5.0 (Windows NT 10.0; Win64; x64) AppleWebKit/537.36 (KHTML, like Gecko) Chrome/73.0.3683.103 Safari/537.36 OPR/60.0.3255.170"
190.200.96.28 - - [01/Jul/2019:12:04:43 -0400] "GET /img/18pes-2019_0.jpg HTTP/1.1" 200 139581 "http://www.bumsgames.com.ve/buscar_articulo_bums?name=pro" "Mozilla/5.0 (Windows NT 6.1; Win64; x64) AppleWebKit/537.36 (KHTML, like Gecko) Chrome/75.0.3770.100 Safari/537.36"
190.200.96.28 - - [01/Jul/2019:12:04:45 -0400] "GET /img/13WhatsApp%20Image%202019-04-06%20at%2012.09.43%20PM.jpeg HTTP/1.1" 200 110967 "http://www.bumsgames.com.ve/buscar_articulo_bums?name=pro" "Mozilla/5.0 (Windows NT 6.1; Win64; x64) AppleWebKit/537.36 (KHTML, like Gecko) Chrome/75.0.3770.100 Safari/537.36"
190.200.96.28 - - [01/Jul/2019:12:04:48 -0400] "GET /img/36Project%20Cars.jpg HTTP/1.1" 200 18433 "http://www.bumsgames.com.ve/buscar_articulo_bums?name=pro" "Mozilla/5.0 (Windows NT 6.1; Win64; x64) AppleWebKit/537.36 (KHTML, like Gecko) Chrome/75.0.3770.100 Safari/537.36"
190.200.96.28 - - [01/Jul/2019:12:04:49 -0400] "GET /img/41WhatsApp%20Image%202019-03-23%20at%203.45.54%20PM.jpeg HTTP/1.1" 200 84627 "http://www.bumsgames.com.ve/buscar_articulo_bums?name=pro" "Mozilla/5.0 (Windows NT 6.1; Win64; x64) AppleWebKit/537.36 (KHTML, like Gecko) Chrome/75.0.3770.100 Safari/537.36"
190.200.96.28 - - [01/Jul/2019:12:04:45 -0400] "GET /img/31WhatsApp%20Image%202019-04-06%20at%2012.09.43%20PM.jpeg HTTP/1.1" 200 110967 "http://www.bumsgames.com.ve/buscar_articulo_bums?name=pro" "Mozilla/5.0 (Windows NT 6.1; Win64; x64) AppleWebKit/537.36 (KHTML, like Gecko) Chrome/75.0.3770.100 Safari/537.36"
190.200.96.28 - - [01/Jul/2019:12:04:50 -0400] "GET /img/9WhatsApp%20Image%202019-03-23%20at%203.45.54%20PM.jpeg HTTP/1.1" 200 84627 "http://www.bumsgames.com.ve/buscar_articulo_bums?name=pro" "Mozilla/5.0 (Windows NT 6.1; Win64; x64) AppleWebKit/537.36 (KHTML, like Gecko) Chrome/75.0.3770.100 Safari/537.36"
190.77.210.113 - - [01/Jul/2019:12:04:38 -0400] "GET /img/39WhatsApp%20Image%202019-04-12%20at%207.14.47%20PM.jpeg HTTP/1.1" 200 117775 "http://bumsgames.com.ve/buscar_articulo_bums?name=fifa+19" "Mozilla/5.0 (Windows NT 10.0; Win64; x64) AppleWebKit/537.36 (KHTML, like Gecko) Chrome/73.0.3683.103 Safari/537.36 OPR/60.0.3255.170"
190.200.96.28 - - [01/Jul/2019:12:04:42 -0400] "GET /img/4159aeb479dd652.jpeg HTTP/1.1" 200 183954 "http://www.bumsgames.com.ve/buscar_articulo_bums?name=pro" "Mozilla/5.0 (Windows NT 6.1; Win64; x64) AppleWebKit/537.36 (KHTML, like Gecko) Chrome/75.0.3770.100 Safari/537.36"
190.200.96.28 - - [01/Jul/2019:12:04:51 -0400] "GET /img/41WhatsApp%20Image%202019-03-21%20at%206.55.59%20PM.jpeg HTTP/1.1" 200 45922 "http://www.bumsgames.com.ve/buscar_articulo_bums?name=pro" "Mozilla/5.0 (Windows NT 6.1; Win64; x64) AppleWebKit/537.36 (KHTML, like Gecko) Chrome/75.0.3770.100 Safari/537.36"
190.200.96.28 - - [01/Jul/2019:12:04:52 -0400] "GET /img/39WhatsApp%20Image%202019-03-18%20at%208.36.35%20PM.jpeg HTTP/1.1" 200 40223 "http://www.bumsgames.com.ve/buscar_articulo_bums?name=pro" "Mozilla/5.0 (Windows NT 6.1; Win64; x64) AppleWebKit/537.36 (KHTML, like Gecko) Chrome/75.0.3770.100 Safari/537.36"
190.200.96.28 - - [01/Jul/2019:12:04:56 -0400] "GET /img/31wired%20pro%20controller.jpg HTTP/1.1" 200 72029 "http://www.bumsgames.com.ve/buscar_articulo_bums?name=pro" "Mozilla/5.0 (Windows NT 6.1; Win64; x64) AppleWebKit/537.36 (KHTML, like Gecko) Chrome/75.0.3770.100 Safari/537.36"
190.200.96.28 - - [01/Jul/2019:12:04:57 -0400] "GET /img/14PRO%20EVOLUTION%202017%20PS4.jpg HTTP/1.1" 200 98736 "http://www.bumsgames.com.ve/buscar_articulo_bums?name=pro" "Mozilla/5.0 (Windows NT 6.1; Win64; x64) AppleWebKit/537.36 (KHTML, like Gecko) Chrome/75.0.3770.100 Safari/537.36"
190.200.96.28 - - [01/Jul/2019:12:04:54 -0400] "GET /img/14exp%20tony%20hank.PNG HTTP/1.1" 200 304835 "http://www.bumsgames.com.ve/buscar_articulo_bums?name=pro" "Mozilla/5.0 (Windows NT 6.1; Win64; x64) AppleWebKit/537.36 (KHTML, like Gecko) Chrome/75.0.3770.100 Safari/537.36"
190.200.96.28 - - [01/Jul/2019:12:04:56 -0400] "GET /img/24nexus2cee_main_img.png HTTP/1.1" 200 611053 "http://www.bumsgames.com.ve/buscar_articulo_bums?name=pro" "Mozilla/5.0 (Windows NT 6.1; Win64; x64) AppleWebKit/537.36 (KHTML, like Gecko) Chrome/75.0.3770.100 Safari/537.36"
190.200.96.28 - - [01/Jul/2019:12:05:16 -0400] "GET /buscar_articulo_bums?name=pro HTTP/1.1" 200 95741 "-" "Mozilla/5.0 (Windows NT 6.1; Win64; x64) AppleWebKit/537.36 (KHTML, like Gecko) Chrome/75.0.3770.100 Safari/537.36"
66.249.64.102 - - [01/Jul/2019:12:06:28 -0400] "GET /index.php/categoria_general/PlayStation%204 HTTP/1.1" 200 443853 "-" "Mozilla/5.0 (Linux; Android 6.0.1; Nexus 5X Build/MMB29P) AppleWebKit/537.36 (KHTML, like Gecko) Chrome/41.0.2272.96 Mobile Safari/537.36 (compatible; Googlebot/2.1; +http://www.google.com/bot.html)"
66.249.88.31 - - [01/Jul/2019:12:10:35 -0400] "GET /lista_escrita HTTP/1.1" 200 196910 "http://www.bumsgames.com.ve/" "Mozilla/5.0 (Linux; Android 9; SM-A305G) AppleWebKit/537.36 (KHTML, like Gecko) Chrome/75.0.3770.89 Mobile Safari/537.36"
190.198.137.161 - - [01/Jul/2019:12:14:12 -0400] "POST /modificacion_rapida HTTP/1.1" 200 550 "http://bumsgames.com.ve/aplicar_filtros_multiples" "Mozilla/5.0 (Windows NT 6.1) AppleWebKit/537.36 (KHTML, like Gecko) Chrome/75.0.3770.100 Safari/537.36"
190.198.137.161 - - [01/Jul/2019:12:14:25 -0400] "POST /realizar_modificacion HTTP/1.1" 200 21 "http://bumsgames.com.ve/aplicar_filtros_multiples" "Mozilla/5.0 (Windows NT 6.1) AppleWebKit/537.36 (KHTML, like Gecko) Chrome/75.0.3770.100 Safari/537.36"
190.198.137.161 - - [01/Jul/2019:12:14:30 -0400] "POST /modificacion_rapida HTTP/1.1" 200 610 "http://bumsgames.com.ve/aplicar_filtros_multiples" "Mozilla/5.0 (Windows NT 6.1) AppleWebKit/537.36 (KHTML, like Gecko) Chrome/75.0.3770.100 Safari/537.36"
190.198.137.161 - - [01/Jul/2019:12:14:33 -0400] "POST /realizar_modificacion HTTP/1.1" 200 21 "http://bumsgames.com.ve/aplicar_filtros_multiples" "Mozilla/5.0 (Windows NT 6.1) AppleWebKit/537.36 (KHTML, like Gecko) Chrome/75.0.3770.100 Safari/537.36"
190.198.137.161 - - [01/Jul/2019:12:14:37 -0400] "POST /aplicar_filtros_multiples HTTP/1.1" 200 56383 "http://bumsgames.com.ve/allArticles" "Mozilla/5.0 (Windows NT 6.1) AppleWebKit/537.36 (KHTML, like Gecko) Chrome/75.0.3770.100 Safari/537.36"
190.198.137.161 - - [01/Jul/2019:12:14:39 -0400] "GET /img/LOGO.ico HTTP/1.1" 200 270398 "http://bumsgames.com.ve/aplicar_filtros_multiples" "Mozilla/5.0 (Windows NT 6.1) AppleWebKit/537.36 (KHTML, like Gecko) Chrome/75.0.3770.100 Safari/537.36"
190.77.210.113 - - [01/Jul/2019:12:15:19 -0400] "GET /buscar_articulo_bums?name=star+wars HTTP/1.1" 200 69179 "http://bumsgames.com.ve/buscar_articulo_bums?name=fifa+19" "Mozilla/5.0 (Windows NT 10.0; Win64; x64) AppleWebKit/537.36 (KHTML, like Gecko) Chrome/73.0.3683.103 Safari/537.36 OPR/60.0.3255.170"
190.77.210.113 - - [01/Jul/2019:12:15:22 -0400] "GET /js/jquery.zoom.js HTTP/1.1" 200 26745 "http://bumsgames.com.ve/buscar_articulo_bums?name=star+wars" "Mozilla/5.0 (Windows NT 10.0; Win64; x64) AppleWebKit/537.36 (KHTML, like Gecko) Chrome/73.0.3683.103 Safari/537.36 OPR/60.0.3255.170"
190.77.210.113 - - [01/Jul/2019:12:15:30 -0400] "GET /img/logops.png HTTP/1.1" 200 26745 "http://bumsgames.com.ve/buscar_articulo_bums?name=star+wars" "Mozilla/5.0 (Windows NT 10.0; Win64; x64) AppleWebKit/537.36 (KHTML, like Gecko) Chrome/73.0.3683.103 Safari/537.36 OPR/60.0.3255.170"
190.77.210.113 - - [01/Jul/2019:12:15:31 -0400] "GET /img/16WhatsApp%20Image%202019-06-03%20at%2018.02.15.jpeg HTTP/1.1" 200 114886 "http://bumsgames.com.ve/buscar_articulo_bums?name=star+wars" "Mozilla/5.0 (Windows NT 10.0; Win64; x64) AppleWebKit/537.36 (KHTML, like Gecko) Chrome/73.0.3683.103 Safari/537.36 OPR/60.0.3255.170"
190.77.210.113 - - [01/Jul/2019:12:15:40 -0400] "GET /img/36000197669803.jpg HTTP/1.1" 200 45111 "http://bumsgames.com.ve/buscar_articulo_bums?name=star+wars" "Mozilla/5.0 (Windows NT 10.0; Win64; x64) AppleWebKit/537.36 (KHTML, like Gecko) Chrome/73.0.3683.103 Safari/537.36 OPR/60.0.3255.170"
190.77.210.113 - - [01/Jul/2019:12:15:42 -0400] "GET /img/266000197669803.jpg HTTP/1.1" 200 45111 "http://bumsgames.com.ve/buscar_articulo_bums?name=star+wars" "Mozilla/5.0 (Windows NT 10.0; Win64; x64) AppleWebKit/537.36 (KHTML, like Gecko) Chrome/73.0.3683.103 Safari/537.36 OPR/60.0.3255.170"
190.77.210.113 - - [01/Jul/2019:12:15:50 -0400] "GET /img/586000197669803.jpg HTTP/1.1" 200 45111 "http://bumsgames.com.ve/buscar_articulo_bums?name=star+wars" "Mozilla/5.0 (Windows NT 10.0; Win64; x64) AppleWebKit/537.36 (KHTML, like Gecko) Chrome/73.0.3683.103 Safari/537.36 OPR/60.0.3255.170"
190.77.210.113 - - [01/Jul/2019:12:15:53 -0400] "GET /img/56WhatsApp%20Image%202019-06-12%20at%2010.39.10.jpeg HTTP/1.1" 200 130120 "http://bumsgames.com.ve/buscar_articulo_bums?name=star+wars" "Mozilla/5.0 (Windows NT 10.0; Win64; x64) AppleWebKit/537.36 (KHTML, like Gecko) Chrome/73.0.3683.103 Safari/537.36 OPR/60.0.3255.170"
190.77.210.113 - - [01/Jul/2019:12:16:07 -0400] "GET /img/4WhatsApp%20Image%202019-05-21%20at%2015.33.49%20(1).jpeg HTTP/1.1" 200 59361 "http://bumsgames.com.ve/buscar_articulo_bums?name=star+wars" "Mozilla/5.0 (Windows NT 10.0; Win64; x64) AppleWebKit/537.36 (KHTML, like Gecko) Chrome/73.0.3683.103 Safari/537.36 OPR/60.0.3255.170"
190.77.210.113 - - [01/Jul/2019:12:16:07 -0400] "GET /img/26lEGO%20STAR%20WARS.jpg HTTP/1.1" 200 99477 "http://bumsgames.com.ve/buscar_articulo_bums?name=star+wars" "Mozilla/5.0 (Windows NT 10.0; Win64; x64) AppleWebKit/537.36 (KHTML, like Gecko) Chrome/73.0.3683.103 Safari/537.36 OPR/60.0.3255.170"
190.77.210.113 - - [01/Jul/2019:12:16:16 -0400] "GET /img/34Star%20Wars%20Battlefront%20Ultimate%20Edition.jpg HTTP/1.1" 200 19173 "http://bumsgames.com.ve/buscar_articulo_bums?name=star+wars" "Mozilla/5.0 (Windows NT 10.0; Win64; x64) AppleWebKit/537.36 (KHTML, like Gecko) Chrome/73.0.3683.103 Safari/537.36 OPR/60.0.3255.170"
190.77.210.113 - - [01/Jul/2019:12:16:18 -0400] "GET /img/53WhatsApp%20Image%202019-03-23%20at%206.48.10%20PM.jpeg HTTP/1.1" 200 142014 "http://bumsgames.com.ve/buscar_articulo_bums?name=star+wars" "Mozilla/5.0 (Windows NT 10.0; Win64; x64) AppleWebKit/537.36 (KHTML, like Gecko) Chrome/73.0.3683.103 Safari/537.36 OPR/60.0.3255.170"
190.77.210.113 - - [01/Jul/2019:12:16:06 -0400] "GET /img/48LEGO%20STAR%20WARS.jpg HTTP/1.1" 200 313668 "http://bumsgames.com.ve/buscar_articulo_bums?name=star+wars" "Mozilla/5.0 (Windows NT 10.0; Win64; x64) AppleWebKit/537.36 (KHTML, like Gecko) Chrome/73.0.3683.103 Safari/537.36 OPR/60.0.3255.170"
190.77.210.113 - - [01/Jul/2019:12:16:10 -0400] "GET /img/40Star%20Wars%20Battlefront.jpg HTTP/1.1" 200 178572 "http://bumsgames.com.ve/buscar_articulo_bums?name=star+wars" "Mozilla/5.0 (Windows NT 10.0; Win64; x64) AppleWebKit/537.36 (KHTML, like Gecko) Chrome/73.0.3683.103 Safari/537.36 OPR/60.0.3255.170"
190.77.210.113 - - [01/Jul/2019:12:16:20 -0400] "GET /img/11Funko-pop.jpg HTTP/1.1" 200 109045 "http://bumsgames.com.ve/buscar_articulo_bums?name=star+wars" "Mozilla/5.0 (Windows NT 10.0; Win64; x64) AppleWebKit/537.36 (KHTML, like Gecko) Chrome/73.0.3683.103 Safari/537.36 OPR/60.0.3255.170"
190.77.210.113 - - [01/Jul/2019:12:16:20 -0400] "GET /img/37Funko-pop.jpg HTTP/1.1" 200 109045 "http://bumsgames.com.ve/buscar_articulo_bums?name=star+wars" "Mozilla/5.0 (Windows NT 10.0; Win64; x64) AppleWebKit/537.36 (KHTML, like Gecko) Chrome/73.0.3683.103 Safari/537.36 OPR/60.0.3255.170"
190.77.210.113 - - [01/Jul/2019:12:16:20 -0400] "GET /img/8450_1000.png HTTP/1.1" 200 221409 "http://bumsgames.com.ve/buscar_articulo_bums?name=star+wars" "Mozilla/5.0 (Windows NT 10.0; Win64; x64) AppleWebKit/537.36 (KHTML, like Gecko) Chrome/73.0.3683.103 Safari/537.36 OPR/60.0.3255.170"
190.77.210.113 - - [01/Jul/2019:12:17:50 -0400] "GET /buscar_articulo_bums?name=nfl+18 HTTP/1.1" 200 39974 "http://bumsgames.com.ve/buscar_articulo_bums?name=star+wars" "Mozilla/5.0 (Windows NT 10.0; Win64; x64) AppleWebKit/537.36 (KHTML, like Gecko) Chrome/73.0.3683.103 Safari/537.36 OPR/60.0.3255.170"
190.77.210.113 - - [01/Jul/2019:12:17:51 -0400] "GET /js/jquery.zoom.js HTTP/1.1" 200 26745 "http://bumsgames.com.ve/buscar_articulo_bums?name=nfl+18" "Mozilla/5.0 (Windows NT 10.0; Win64; x64) AppleWebKit/537.36 (KHTML, like Gecko) Chrome/73.0.3683.103 Safari/537.36 OPR/60.0.3255.170"
190.77.210.113 - - [01/Jul/2019:12:17:52 -0400] "GET /img/logops.png HTTP/1.1" 200 26745 "http://bumsgames.com.ve/buscar_articulo_bums?name=nfl+18" "Mozilla/5.0 (Windows NT 10.0; Win64; x64) AppleWebKit/537.36 (KHTML, like Gecko) Chrome/73.0.3683.103 Safari/537.36 OPR/60.0.3255.170"
190.198.137.161 - - [01/Jul/2019:12:19:50 -0400] "POST /aplicar_filtros_multiples HTTP/1.1" 200 61505 "http://bumsgames.com.ve/allArticles" "Mozilla/5.0 (Windows NT 6.1) AppleWebKit/537.36 (KHTML, like Gecko) Chrome/75.0.3770.100 Safari/537.36"
190.198.137.161 - - [01/Jul/2019:12:21:42 -0400] "POST /modificacion_rapida HTTP/1.1" 200 492 "http://bumsgames.com.ve/aplicar_filtros_multiples" "Mozilla/5.0 (Windows NT 6.1) AppleWebKit/537.36 (KHTML, like Gecko) Chrome/75.0.3770.100 Safari/537.36"
190.198.137.161 - - [01/Jul/2019:12:21:52 -0400] "POST /realizar_modificacion HTTP/1.1" 200 21 "http://bumsgames.com.ve/aplicar_filtros_multiples" "Mozilla/5.0 (Windows NT 6.1) AppleWebKit/537.36 (KHTML, like Gecko) Chrome/75.0.3770.100 Safari/537.36"
190.198.137.161 - - [01/Jul/2019:12:22:16 -0400] "POST /aplicar_filtros_multiples HTTP/1.1" 200 61834 "http://bumsgames.com.ve/allArticles" "Mozilla/5.0 (Windows NT 6.1) AppleWebKit/537.36 (KHTML, like Gecko) Chrome/75.0.3770.100 Safari/537.36"
190.198.137.161 - - [01/Jul/2019:12:22:18 -0400] "GET /img/LOGO.ico HTTP/1.1" 200 270398 "http://bumsgames.com.ve/aplicar_filtros_multiples" "Mozilla/5.0 (Windows NT 6.1) AppleWebKit/537.36 (KHTML, like Gecko) Chrome/75.0.3770.100 Safari/537.36"
190.198.137.161 - - [01/Jul/2019:12:23:44 -0400] "POST /aplicar_filtros_multiples HTTP/1.1" 200 61831 "http://bumsgames.com.ve/allArticles" "Mozilla/5.0 (Windows NT 6.1) AppleWebKit/537.36 (KHTML, like Gecko) Chrome/75.0.3770.100 Safari/537.36"
190.198.137.161 - - [01/Jul/2019:12:25:39 -0400] "POST /buscar_articulo HTTP/1.1" 200 33314 "http://bumsgames.com.ve/aplicar_filtros_multiples" "Mozilla/5.0 (Windows NT 6.1) AppleWebKit/537.36 (KHTML, like Gecko) Chrome/75.0.3770.100 Safari/537.36"
190.198.137.161 - - [01/Jul/2019:12:25:40 -0400] "GET /img/22GTA%20V.jpg HTTP/1.1" 200 1111173 "http://bumsgames.com.ve/buscar_articulo" "Mozilla/5.0 (Windows NT 6.1) AppleWebKit/537.36 (KHTML, like Gecko) Chrome/75.0.3770.100 Safari/537.36"
190.198.137.161 - - [01/Jul/2019:12:25:50 -0400] "POST /modificar_Articulo HTTP/1.1" 200 21 "http://bumsgames.com.ve/buscar_articulo" "Mozilla/5.0 (Windows NT 6.1) AppleWebKit/537.36 (KHTML, like Gecko) Chrome/75.0.3770.100 Safari/537.36"
190.198.137.161 - - [01/Jul/2019:12:25:54 -0400] "POST /aplicar_filtros_multiples HTTP/1.1" 200 63456 "http://bumsgames.com.ve/allArticles" "Mozilla/5.0 (Windows NT 6.1) AppleWebKit/537.36 (KHTML, like Gecko) Chrome/75.0.3770.100 Safari/537.36"
190.198.137.161 - - [01/Jul/2019:12:25:56 -0400] "GET /img/LOGO.ico HTTP/1.1" 200 270398 "http://bumsgames.com.ve/aplicar_filtros_multiples" "Mozilla/5.0 (Windows NT 6.1) AppleWebKit/537.36 (KHTML, like Gecko) Chrome/75.0.3770.100 Safari/537.36"
190.198.137.161 - - [01/Jul/2019:12:26:08 -0400] "POST /modificar_Articulo HTTP/1.1" 200 21 "http://bumsgames.com.ve/buscar_articulo" "Mozilla/5.0 (Windows NT 6.1) AppleWebKit/537.36 (KHTML, like Gecko) Chrome/75.0.3770.100 Safari/537.36"
190.198.137.161 - - [01/Jul/2019:12:26:14 -0400] "POST /aplicar_filtros_multiples HTTP/1.1" 200 63569 "http://bumsgames.com.ve/allArticles" "Mozilla/5.0 (Windows NT 6.1) AppleWebKit/537.36 (KHTML, like Gecko) Chrome/75.0.3770.100 Safari/537.36"
190.198.137.161 - - [01/Jul/2019:12:26:16 -0400] "GET /img/LOGO.ico HTTP/1.1" 200 270398 "http://bumsgames.com.ve/aplicar_filtros_multiples" "Mozilla/5.0 (Windows NT 6.1) AppleWebKit/537.36 (KHTML, like Gecko) Chrome/75.0.3770.100 Safari/537.36"
190.198.137.161 - - [01/Jul/2019:12:26:36 -0400] "POST /aplicar_filtros_multiples HTTP/1.1" 200 63569 "http://bumsgames.com.ve/allArticles" "Mozilla/5.0 (Windows NT 6.1) AppleWebKit/537.36 (KHTML, like Gecko) Chrome/75.0.3770.100 Safari/537.36"
190.198.137.161 - - [01/Jul/2019:12:26:37 -0400] "GET /img/LOGO.ico HTTP/1.1" 200 270398 "http://bumsgames.com.ve/aplicar_filtros_multiples" "Mozilla/5.0 (Windows NT 6.1) AppleWebKit/537.36 (KHTML, like Gecko) Chrome/75.0.3770.100 Safari/537.36"
190.198.137.161 - - [01/Jul/2019:12:26:39 -0400] "POST /buscar_articulo HTTP/1.1" 200 34951 "http://bumsgames.com.ve/aplicar_filtros_multiples" "Mozilla/5.0 (Windows NT 6.1) AppleWebKit/537.36 (KHTML, like Gecko) Chrome/75.0.3770.100 Safari/537.36"
190.77.210.113 - - [01/Jul/2019:12:26:39 -0400] "GET /allArticles HTTP/1.1" 200 229878 "http://bumsgames.com.ve/menu" "Mozilla/5.0 (Windows NT 10.0; Win64; x64) AppleWebKit/537.36 (KHTML, like Gecko) Chrome/73.0.3683.103 Safari/537.36 OPR/60.0.3255.170"
190.198.137.161 - - [01/Jul/2019:12:26:46 -0400] "POST /modificar_Articulo HTTP/1.1" 200 21 "http://bumsgames.com.ve/buscar_articulo" "Mozilla/5.0 (Windows NT 6.1) AppleWebKit/537.36 (KHTML, like Gecko) Chrome/75.0.3770.100 Safari/537.36"
190.198.137.161 - - [01/Jul/2019:12:26:50 -0400] "POST /aplicar_filtros_multiples HTTP/1.1" 200 63565 "http://bumsgames.com.ve/allArticles" "Mozilla/5.0 (Windows NT 6.1) AppleWebKit/537.36 (KHTML, like Gecko) Chrome/75.0.3770.100 Safari/537.36"
190.198.137.161 - - [01/Jul/2019:12:26:51 -0400] "GET /img/LOGO.ico HTTP/1.1" 200 270398 "http://bumsgames.com.ve/aplicar_filtros_multiples" "Mozilla/5.0 (Windows NT 6.1) AppleWebKit/537.36 (KHTML, like Gecko) Chrome/75.0.3770.100 Safari/537.36"
190.198.137.161 - - [01/Jul/2019:12:27:49 -0400] "POST /aplicar_filtros_multiples HTTP/1.1" 200 63082 "http://bumsgames.com.ve/allArticles" "Mozilla/5.0 (Windows NT 6.1) AppleWebKit/537.36 (KHTML, like Gecko) Chrome/75.0.3770.100 Safari/537.36"
190.77.210.113 - - [01/Jul/2019:12:27:54 -0400] "GET /buscar_articulo_bums?name=lego+the+hobbit HTTP/1.1" 200 37580 "http://bumsgames.com.ve/buscar_articulo_bums?name=nfl+18" "Mozilla/5.0 (Windows NT 10.0; Win64; x64) AppleWebKit/537.36 (KHTML, like Gecko) Chrome/73.0.3683.103 Safari/537.36 OPR/60.0.3255.170"
190.77.210.113 - - [01/Jul/2019:12:27:54 -0400] "GET /js/jquery.zoom.js HTTP/1.1" 200 26745 "http://bumsgames.com.ve/buscar_articulo_bums?name=lego+the+hobbit" "Mozilla/5.0 (Windows NT 10.0; Win64; x64) AppleWebKit/537.36 (KHTML, like Gecko) Chrome/73.0.3683.103 Safari/537.36 OPR/60.0.3255.170"
190.77.210.113 - - [01/Jul/2019:12:27:54 -0400] "GET /img/51LEGO%20The%20Hobbit.jpg HTTP/1.1" 200 23396 "http://bumsgames.com.ve/buscar_articulo_bums?name=lego+the+hobbit" "Mozilla/5.0 (Windows NT 10.0; Win64; x64) AppleWebKit/537.36 (KHTML, like Gecko) Chrome/73.0.3683.103 Safari/537.36 OPR/60.0.3255.170"
190.77.210.113 - - [01/Jul/2019:12:27:54 -0400] "GET /img/logops.png HTTP/1.1" 200 26745 "http://bumsgames.com.ve/buscar_articulo_bums?name=lego+the+hobbit" "Mozilla/5.0 (Windows NT 10.0; Win64; x64) AppleWebKit/537.36 (KHTML, like Gecko) Chrome/73.0.3683.103 Safari/537.36 OPR/60.0.3255.170"
190.200.96.28 - - [01/Jul/2019:12:28:10 -0400] "GET /ayuda HTTP/1.1" 200 42124 "http://www.bumsgames.com.ve/lista_escrita" "Mozilla/5.0 (Windows NT 10.0; Win64; x64) AppleWebKit/537.36 (KHTML, like Gecko) Chrome/75.0.3770.100 Safari/537.36"
190.200.96.28 - - [01/Jul/2019:12:28:10 -0400] "GET /js/jquery.zoom.js HTTP/1.1" 200 26845 "http://www.bumsgames.com.ve/ayuda" "Mozilla/5.0 (Windows NT 10.0; Win64; x64) AppleWebKit/537.36 (KHTML, like Gecko) Chrome/75.0.3770.100 Safari/537.36"
190.200.96.28 - - [01/Jul/2019:12:28:11 -0400] "GET /img/logops.png HTTP/1.1" 200 26845 "http://www.bumsgames.com.ve/ayuda" "Mozilla/5.0 (Windows NT 10.0; Win64; x64) AppleWebKit/537.36 (KHTML, like Gecko) Chrome/75.0.3770.100 Safari/537.36"
190.198.137.161 - - [01/Jul/2019:12:29:04 -0400] "POST /modificacion_rapida HTTP/1.1" 200 582 "http://bumsgames.com.ve/aplicar_filtros_multiples" "Mozilla/5.0 (Windows NT 6.1) AppleWebKit/537.36 (KHTML, like Gecko) Chrome/75.0.3770.100 Safari/537.36"
190.198.137.161 - - [01/Jul/2019:12:29:16 -0400] "POST /realizar_modificacion HTTP/1.1" 200 21 "http://bumsgames.com.ve/aplicar_filtros_multiples" "Mozilla/5.0 (Windows NT 6.1) AppleWebKit/537.36 (KHTML, like Gecko) Chrome/75.0.3770.100 Safari/537.36"
190.77.210.113 - - [01/Jul/2019:12:29:53 -0400] "GET /buscar_articulo_bums?name=fifa+17 HTTP/1.1" 200 41825 "http://bumsgames.com.ve/buscar_articulo_bums?name=lego+the+hobbit" "Mozilla/5.0 (Windows NT 10.0; Win64; x64) AppleWebKit/537.36 (KHTML, like Gecko) Chrome/73.0.3683.103 Safari/537.36 OPR/60.0.3255.170"
190.77.210.113 - - [01/Jul/2019:12:29:54 -0400] "GET /js/jquery.zoom.js HTTP/1.1" 200 26745 "http://bumsgames.com.ve/buscar_articulo_bums?name=fifa+17" "Mozilla/5.0 (Windows NT 10.0; Win64; x64) AppleWebKit/537.36 (KHTML, like Gecko) Chrome/73.0.3683.103 Safari/537.36 OPR/60.0.3255.170"
190.198.137.161 - - [01/Jul/2019:12:29:54 -0400] "POST /aplicar_filtros_multiples HTTP/1.1" 200 63399 "http://bumsgames.com.ve/allArticles" "Mozilla/5.0 (Windows NT 6.1) AppleWebKit/537.36 (KHTML, like Gecko) Chrome/75.0.3770.100 Safari/537.36"
190.77.210.113 - - [01/Jul/2019:12:29:54 -0400] "GET /img/logops.png HTTP/1.1" 200 26745 "http://bumsgames.com.ve/buscar_articulo_bums?name=fifa+17" "Mozilla/5.0 (Windows NT 10.0; Win64; x64) AppleWebKit/537.36 (KHTML, like Gecko) Chrome/73.0.3683.103 Safari/537.36 OPR/60.0.3255.170"
190.198.137.161 - - [01/Jul/2019:12:29:56 -0400] "GET /img/LOGO.ico HTTP/1.1" 200 270398 "http://bumsgames.com.ve/aplicar_filtros_multiples" "Mozilla/5.0 (Windows NT 6.1) AppleWebKit/537.36 (KHTML, like Gecko) Chrome/75.0.3770.100 Safari/537.36"
190.198.137.161 - - [01/Jul/2019:12:32:24 -0400] "POST /aplicar_filtros_multiples HTTP/1.1" 200 68137 "http://bumsgames.com.ve/allArticles" "Mozilla/5.0 (Windows NT 6.1) AppleWebKit/537.36 (KHTML, like Gecko) Chrome/75.0.3770.100 Safari/537.36"
190.198.137.161 - - [01/Jul/2019:12:33:58 -0400] "POST /aplicar_filtros_multiples HTTP/1.1" 200 53417 "http://bumsgames.com.ve/allArticles" "Mozilla/5.0 (Windows NT 6.1) AppleWebKit/537.36 (KHTML, like Gecko) Chrome/75.0.3770.100 Safari/537.36"
5.255.250.104 - - [01/Jul/2019:12:35:04 -0400] "GET /robots.txt HTTP/1.1" 200 26 "-" "Mozilla/5.0 (compatible; YandexBot/3.0; +http://yandex.com/bots)"
5.255.250.104 - - [01/Jul/2019:12:35:08 -0400] "GET /articulos_web HTTP/1.1" 200 260990 "-" "Mozilla/5.0 (compatible; YandexBot/3.0; +http://yandex.com/bots)"
190.77.210.113 - - [01/Jul/2019:12:35:52 -0400] "GET /buscar_articulo_bums?name=star+wars HTTP/1.1" 200 69179 "http://bumsgames.com.ve/buscar_articulo_bums?name=fifa+17" "Mozilla/5.0 (Windows NT 10.0; Win64; x64) AppleWebKit/537.36 (KHTML, like Gecko) Chrome/73.0.3683.103 Safari/537.36 OPR/60.0.3255.170"
190.77.210.113 - - [01/Jul/2019:12:35:53 -0400] "GET /js/jquery.zoom.js HTTP/1.1" 200 26745 "http://bumsgames.com.ve/buscar_articulo_bums?name=star+wars" "Mozilla/5.0 (Windows NT 10.0; Win64; x64) AppleWebKit/537.36 (KHTML, like Gecko) Chrome/73.0.3683.103 Safari/537.36 OPR/60.0.3255.170"
190.77.210.113 - - [01/Jul/2019:12:35:54 -0400] "GET /img/logops.png HTTP/1.1" 200 26745 "http://bumsgames.com.ve/buscar_articulo_bums?name=star+wars" "Mozilla/5.0 (Windows NT 10.0; Win64; x64) AppleWebKit/537.36 (KHTML, like Gecko) Chrome/73.0.3683.103 Safari/537.36 OPR/60.0.3255.170"
189.189.66.66 - - [01/Jul/2019:12:37:36 -0400] "GET /img/maxresdefault.jpg HTTP/1.1" 200 108826 "https://www.google.com.mx/" "Mozilla/5.0 (Windows NT 10.0; Win64; x64) AppleWebKit/537.36 (KHTML, like Gecko) Chrome/64.0.3282.140 Safari/537.36 Edge/17.17134"
190.198.137.161 - - [01/Jul/2019:12:38:34 -0400] "GET /formulario_registrar_articulo HTTP/1.1" 200 32768 "http://bumsgames.com.ve/allArticles" "Mozilla/5.0 (Windows NT 6.1) AppleWebKit/537.36 (KHTML, like Gecko) Chrome/75.0.3770.100 Safari/537.36"
190.198.137.161 - - [01/Jul/2019:12:38:37 -0400] "POST /coincidenciaArticulo HTTP/1.1" 200 4211 "http://bumsgames.com.ve/formulario_registrar_articulo" "Mozilla/5.0 (Windows NT 6.1) AppleWebKit/537.36 (KHTML, like Gecko) Chrome/75.0.3770.100 Safari/537.36"
190.198.137.161 - - [01/Jul/2019:12:38:37 -0400] "POST /coincidenciaArticulo HTTP/1.1" 200 4211 "http://bumsgames.com.ve/formulario_registrar_articulo" "Mozilla/5.0 (Windows NT 6.1) AppleWebKit/537.36 (KHTML, like Gecko) Chrome/75.0.3770.100 Safari/537.36"
190.198.137.161 - - [01/Jul/2019:12:38:39 -0400] "POST /coincidenciaArticulo HTTP/1.1" 200 4211 "http://bumsgames.com.ve/formulario_registrar_articulo" "Mozilla/5.0 (Windows NT 6.1) AppleWebKit/537.36 (KHTML, like Gecko) Chrome/75.0.3770.100 Safari/537.36"
190.198.137.161 - - [01/Jul/2019:12:38:43 -0400] "GET /descripcionArticulo/119 HTTP/1.1" 200 520 "http://bumsgames.com.ve/formulario_registrar_articulo" "Mozilla/5.0 (Windows NT 6.1) AppleWebKit/537.36 (KHTML, like Gecko) Chrome/75.0.3770.100 Safari/537.36"
190.198.137.161 - - [01/Jul/2019:12:41:15 -0400] "POST /registrar_articulo HTTP/1.1" 200 569 "http://bumsgames.com.ve/formulario_registrar_articulo" "Mozilla/5.0 (Windows NT 6.1) AppleWebKit/537.36 (KHTML, like Gecko) Chrome/75.0.3770.100 Safari/537.36"
190.198.137.161 - - [01/Jul/2019:12:41:23 -0400] "POST /coincidenciaArticulo HTTP/1.1" 200 2260 "http://bumsgames.com.ve/formulario_registrar_articulo" "Mozilla/5.0 (Windows NT 6.1) AppleWebKit/537.36 (KHTML, like Gecko) Chrome/75.0.3770.100 Safari/537.36"
190.198.137.161 - - [01/Jul/2019:12:41:23 -0400] "POST /coincidenciaArticulo HTTP/1.1" 200 2260 "http://bumsgames.com.ve/formulario_registrar_articulo" "Mozilla/5.0 (Windows NT 6.1) AppleWebKit/537.36 (KHTML, like Gecko) Chrome/75.0.3770.100 Safari/537.36"
190.198.137.161 - - [01/Jul/2019:12:41:24 -0400] "POST /coincidenciaArticulo HTTP/1.1" 200 4215 "http://bumsgames.com.ve/formulario_registrar_articulo" "Mozilla/5.0 (Windows NT 6.1) AppleWebKit/537.36 (KHTML, like Gecko) Chrome/75.0.3770.100 Safari/537.36"
190.198.137.161 - - [01/Jul/2019:12:41:24 -0400] "POST /coincidenciaArticulo HTTP/1.1" 200 4215 "http://bumsgames.com.ve/formulario_registrar_articulo" "Mozilla/5.0 (Windows NT 6.1) AppleWebKit/537.36 (KHTML, like Gecko) Chrome/75.0.3770.100 Safari/537.36"
190.198.137.161 - - [01/Jul/2019:12:41:28 -0400] "GET /descripcionArticulo/513 HTTP/1.1" 200 511 "http://bumsgames.com.ve/formulario_registrar_articulo" "Mozilla/5.0 (Windows NT 6.1) AppleWebKit/537.36 (KHTML, like Gecko) Chrome/75.0.3770.100 Safari/537.36"
190.198.137.161 - - [01/Jul/2019:12:41:30 -0400] "POST /registrar_articulo HTTP/1.1" 200 571 "http://bumsgames.com.ve/formulario_registrar_articulo" "Mozilla/5.0 (Windows NT 6.1) AppleWebKit/537.36 (KHTML, like Gecko) Chrome/75.0.3770.100 Safari/537.36"
190.198.137.161 - - [01/Jul/2019:12:41:39 -0400] "POST /modificacion_rapida HTTP/1.1" 200 577 "http://bumsgames.com.ve/aplicar_filtros_multiples" "Mozilla/5.0 (Windows NT 6.1) AppleWebKit/537.36 (KHTML, like Gecko) Chrome/75.0.3770.100 Safari/537.36"
190.198.137.161 - - [01/Jul/2019:12:41:50 -0400] "POST /aplicar_filtros_multiples HTTP/1.1" 200 63283 "http://bumsgames.com.ve/allArticles" "Mozilla/5.0 (Windows NT 6.1) AppleWebKit/537.36 (KHTML, like Gecko) Chrome/75.0.3770.100 Safari/537.36"
190.198.137.161 - - [01/Jul/2019:12:41:59 -0400] "POST /modificacion_rapida HTTP/1.1" 200 577 "http://bumsgames.com.ve/aplicar_filtros_multiples" "Mozilla/5.0 (Windows NT 6.1) AppleWebKit/537.36 (KHTML, like Gecko) Chrome/75.0.3770.100 Safari/537.36"
190.198.137.161 - - [01/Jul/2019:12:42:10 -0400] "POST /realizar_modificacion HTTP/1.1" 200 21 "http://bumsgames.com.ve/aplicar_filtros_multiples" "Mozilla/5.0 (Windows NT 6.1) AppleWebKit/537.36 (KHTML, like Gecko) Chrome/75.0.3770.100 Safari/537.36"
190.77.210.113 - - [01/Jul/2019:12:47:07 -0400] "GET /buscar_articulo_bums?name=rayman+legends HTTP/1.1" 200 42026 "http://bumsgames.com.ve/buscar_articulo_bums?name=star+wars" "Mozilla/5.0 (Windows NT 10.0; Win64; x64) AppleWebKit/537.36 (KHTML, like Gecko) Chrome/73.0.3683.103 Safari/537.36 OPR/60.0.3255.170"
190.77.210.113 - - [01/Jul/2019:12:47:09 -0400] "GET /js/jquery.zoom.js HTTP/1.1" 200 26745 "http://bumsgames.com.ve/buscar_articulo_bums?name=rayman+legends" "Mozilla/5.0 (Windows NT 10.0; Win64; x64) AppleWebKit/537.36 (KHTML, like Gecko) Chrome/73.0.3683.103 Safari/537.36 OPR/60.0.3255.170"
190.77.210.113 - - [01/Jul/2019:12:47:10 -0400] "GET /img/logops.png HTTP/1.1" 200 26745 "http://bumsgames.com.ve/buscar_articulo_bums?name=rayman+legends" "Mozilla/5.0 (Windows NT 10.0; Win64; x64) AppleWebKit/537.36 (KHTML, like Gecko) Chrome/73.0.3683.103 Safari/537.36 OPR/60.0.3255.170"
190.77.210.113 - - [01/Jul/2019:12:47:10 -0400] "GET /img/25RAYMAN%20LEGENDS.jpg HTTP/1.1" 200 71953 "http://bumsgames.com.ve/buscar_articulo_bums?name=rayman+legends" "Mozilla/5.0 (Windows NT 10.0; Win64; x64) AppleWebKit/537.36 (KHTML, like Gecko) Chrome/73.0.3683.103 Safari/537.36 OPR/60.0.3255.170"
190.77.210.113 - - [01/Jul/2019:12:47:10 -0400] "GET /img/7WhatsApp%20Image%202019-03-23%20at%203.32.11%20PM.jpeg HTTP/1.1" 200 70574 "http://bumsgames.com.ve/buscar_articulo_bums?name=rayman+legends" "Mozilla/5.0 (Windows NT 10.0; Win64; x64) AppleWebKit/537.36 (KHTML, like Gecko) Chrome/73.0.3683.103 Safari/537.36 OPR/60.0.3255.170"
190.77.210.113 - - [01/Jul/2019:12:47:10 -0400] "GET /img/21RAYMAN%20LEGENDS.jpg HTTP/1.1" 200 71953 "http://bumsgames.com.ve/buscar_articulo_bums?name=rayman+legends" "Mozilla/5.0 (Windows NT 10.0; Win64; x64) AppleWebKit/537.36 (KHTML, like Gecko) Chrome/73.0.3683.103 Safari/537.36 OPR/60.0.3255.170"
190.77.210.113 - - [01/Jul/2019:12:48:23 -0400] "GET /buscar_articulo_bums?name=rayman HTTP/1.1" 200 44197 "http://bumsgames.com.ve/buscar_articulo_bums?name=rayman+legends" "Mozilla/5.0 (Windows NT 10.0; Win64; x64) AppleWebKit/537.36 (KHTML, like Gecko) Chrome/73.0.3683.103 Safari/537.36 OPR/60.0.3255.170"
