200.8.215.251 - - [01/Jul/2019:10:27:52 -0400] "GET /img/34neli1.jpg HTTP/1.1" 200 43923 "http://www.bumsgames.com.ve/" "Mozilla/5.0 (Windows NT 10.0; Win64; x64) AppleWebKit/537.36 (KHTML, like Gecko) Chrome/75.0.3770.100 Safari/537.36"
200.8.215.251 - - [01/Jul/2019:10:27:52 -0400] "GET /img/1555987080.jpg HTTP/1.1" 200 26853 "http://www.bumsgames.com.ve/" "Mozilla/5.0 (Windows NT 10.0; Win64; x64) AppleWebKit/537.36 (KHTML, like Gecko) Chrome/75.0.3770.100 Safari/537.36"
200.8.215.251 - - [01/Jul/2019:10:27:52 -0400] "GET /img/1556489357.jpg HTTP/1.1" 200 26853 "http://www.bumsgames.com.ve/" "Mozilla/5.0 (Windows NT 10.0; Win64; x64) AppleWebKit/537.36 (KHTML, like Gecko) Chrome/75.0.3770.100 Safari/537.36"
200.8.215.251 - - [01/Jul/2019:10:27:52 -0400] "GET /img/1555988437.jpg HTTP/1.1" 200 26853 "http://www.bumsgames.com.ve/" "Mozilla/5.0 (Windows NT 10.0; Win64; x64) AppleWebKit/537.36 (KHTML, like Gecko) Chrome/75.0.3770.100 Safari/537.36"
200.8.215.251 - - [01/Jul/2019:10:27:54 -0400] "GET /prueba?id_coin=2 HTTP/1.1" 302 356 "http://www.bumsgames.com.ve/" "Mozilla/5.0 (Windows NT 10.0; Win64; x64) AppleWebKit/537.36 (KHTML, like Gecko) Chrome/75.0.3770.100 Safari/537.36"
200.8.215.251 - - [01/Jul/2019:10:27:55 -0400] "GET / HTTP/1.1" 200 91602 "http://www.bumsgames.com.ve/" "Mozilla/5.0 (Windows NT 10.0; Win64; x64) AppleWebKit/537.36 (KHTML, like Gecko) Chrome/75.0.3770.100 Safari/537.36"
200.8.215.251 - - [01/Jul/2019:10:27:55 -0400] "GET /js/jquery.zoom.js HTTP/1.1" 200 26845 "http://www.bumsgames.com.ve/" "Mozilla/5.0 (Windows NT 10.0; Win64; x64) AppleWebKit/537.36 (KHTML, like Gecko) Chrome/75.0.3770.100 Safari/537.36"
200.8.215.251 - - [01/Jul/2019:10:27:55 -0400] "GET /img/logops.png HTTP/1.1" 200 26845 "http://www.bumsgames.com.ve/" "Mozilla/5.0 (Windows NT 10.0; Win64; x64) AppleWebKit/537.36 (KHTML, like Gecko) Chrome/75.0.3770.100 Safari/537.36"
200.8.215.251 - - [01/Jul/2019:10:27:55 -0400] "GET /img/1555988437.jpg HTTP/1.1" 200 26845 "http://www.bumsgames.com.ve/" "Mozilla/5.0 (Windows NT 10.0; Win64; x64) AppleWebKit/537.36 (KHTML, like Gecko) Chrome/75.0.3770.100 Safari/537.36"
200.8.215.251 - - [01/Jul/2019:10:27:56 -0400] "GET /img/1555987080.jpg HTTP/1.1" 200 26845 "http://www.bumsgames.com.ve/" "Mozilla/5.0 (Windows NT 10.0; Win64; x64) AppleWebKit/537.36 (KHTML, like Gecko) Chrome/75.0.3770.100 Safari/537.36"
200.8.215.251 - - [01/Jul/2019:10:27:56 -0400] "GET /img/1556489357.jpg HTTP/1.1" 200 26845 "http://www.bumsgames.com.ve/" "Mozilla/5.0 (Windows NT 10.0; Win64; x64) AppleWebKit/537.36 (KHTML, like Gecko) Chrome/75.0.3770.100 Safari/537.36"
67.72.99.20 - - [01/Jul/2019:10:27:57 -0400] "GET /ads.txt HTTP/1.1" 200 26853 "-" "Mozilla/5.0 (X11; Linux x86_64) AppleWebKit/53 (KHTML, like Gecko) Chrome/15.0.87"
200.8.215.251 - - [01/Jul/2019:10:27:57 -0400] "GET /articulos_web HTTP/1.1" 200 261366 "http://www.bumsgames.com.ve/" "Mozilla/5.0 (Windows NT 10.0; Win64; x64) AppleWebKit/537.36 (KHTML, like Gecko) Chrome/75.0.3770.100 Safari/537.36"
200.8.215.251 - - [01/Jul/2019:10:27:58 -0400] "GET /js/jquery.zoom.js HTTP/1.1" 200 26845 "http://www.bumsgames.com.ve/articulos_web" "Mozilla/5.0 (Windows NT 10.0; Win64; x64) AppleWebKit/537.36 (KHTML, like Gecko) Chrome/75.0.3770.100 Safari/537.36"
200.8.215.251 - - [01/Jul/2019:10:27:58 -0400] "GET /img/maxresdefault.jpg HTTP/1.1" 200 108826 "http://www.bumsgames.com.ve/articulos_web" "Mozilla/5.0 (Windows NT 10.0; Win64; x64) AppleWebKit/537.36 (KHTML, like Gecko) Chrome/75.0.3770.100 Safari/537.36"
200.8.215.251 - - [01/Jul/2019:10:27:58 -0400] "GET /img/logops.png HTTP/1.1" 200 26845 "http://www.bumsgames.com.ve/articulos_web" "Mozilla/5.0 (Windows NT 10.0; Win64; x64) AppleWebKit/537.36 (KHTML, like Gecko) Chrome/75.0.3770.100 Safari/537.36"
200.8.215.251 - - [01/Jul/2019:10:27:58 -0400] "GET /img/39FIFA%2018.jpg HTTP/1.1" 200 225519 "http://www.bumsgames.com.ve/articulos_web" "Mozilla/5.0 (Windows NT 10.0; Win64; x64) AppleWebKit/537.36 (KHTML, like Gecko) Chrome/75.0.3770.100 Safari/537.36"
200.8.215.251 - - [01/Jul/2019:10:27:58 -0400] "GET /img/59nfs_most_wanted.jpg HTTP/1.1" 200 166402 "http://www.bumsgames.com.ve/articulos_web" "Mozilla/5.0 (Windows NT 10.0; Win64; x64) AppleWebKit/537.36 (KHTML, like Gecko) Chrome/75.0.3770.100 Safari/537.36"
200.8.215.251 - - [01/Jul/2019:10:27:58 -0400] "GET /img/24WhatsApp%20Image%202019-05-23%20at%2016.14.56.jpeg HTTP/1.1" 200 75903 "http://www.bumsgames.com.ve/articulos_web" "Mozilla/5.0 (Windows NT 10.0; Win64; x64) AppleWebKit/537.36 (KHTML, like Gecko) Chrome/75.0.3770.100 Safari/537.36"
200.8.215.251 - - [01/Jul/2019:10:27:58 -0400] "GET /img/56crash-bandicoot-n-sane-trilogy-pc-dvd-D_NQ_NP_811575-MLV27705683532_072018-F.jpg HTTP/1.1" 200 250986 "http://www.bumsgames.com.ve/articulos_web" "Mozilla/5.0 (Windows NT 10.0; Win64; x64) AppleWebKit/537.36 (KHTML, like Gecko) Chrome/75.0.3770.100 Safari/537.36"
200.8.215.251 - - [01/Jul/2019:10:27:58 -0400] "GET /img/4image.png HTTP/1.1" 200 191215 "http://www.bumsgames.com.ve/articulos_web" "Mozilla/5.0 (Windows NT 10.0; Win64; x64) AppleWebKit/537.36 (KHTML, like Gecko) Chrome/75.0.3770.100 Safari/537.36"
200.8.215.251 - - [01/Jul/2019:10:27:58 -0400] "GET /img/29forza-horizon-4-ultimate-edition-2-expansiones-xbox-one-D_NQ_NP_771321-MLA29108125107_012019-F.jpg HTTP/1.1" 200 274070 "http://www.bumsgames.com.ve/articulos_web" "Mozilla/5.0 (Windows NT 10.0; Win64; x64) AppleWebKit/537.36 (KHTML, like Gecko) Chrome/75.0.3770.100 Safari/537.36"
200.8.215.251 - - [01/Jul/2019:10:27:58 -0400] "GET /img/22forza-horizon-4-ultimate-edition-2-expansiones-xbox-one-D_NQ_NP_771321-MLA29108125107_012019-F.jpg HTTP/1.1" 200 274070 "http://www.bumsgames.com.ve/articulos_web" "Mozilla/5.0 (Windows NT 10.0; Win64; x64) AppleWebKit/537.36 (KHTML, like Gecko) Chrome/75.0.3770.100 Safari/537.36"
200.8.215.251 - - [01/Jul/2019:10:27:58 -0400] "GET /img/59image.png HTTP/1.1" 200 191215 "http://www.bumsgames.com.ve/articulos_web" "Mozilla/5.0 (Windows NT 10.0; Win64; x64) AppleWebKit/537.36 (KHTML, like Gecko) Chrome/75.0.3770.100 Safari/537.36"
200.8.215.251 - - [01/Jul/2019:10:27:59 -0400] "GET /img/51crash-bandicoot-n-sane-trilogy-pc-dvd-D_NQ_NP_811575-MLV27705683532_072018-F.jpg HTTP/1.1" 200 250986 "http://www.bumsgames.com.ve/articulos_web" "Mozilla/5.0 (Windows NT 10.0; Win64; x64) AppleWebKit/537.36 (KHTML, like Gecko) Chrome/75.0.3770.100 Safari/537.36"
200.8.215.251 - - [01/Jul/2019:10:27:59 -0400] "GET /img/1crash-bandicoot-n-sane-trilogy-pc-dvd-D_NQ_NP_811575-MLV27705683532_072018-F.jpg HTTP/1.1" 200 250986 "http://www.bumsgames.com.ve/articulos_web" "Mozilla/5.0 (Windows NT 10.0; Win64; x64) AppleWebKit/537.36 (KHTML, like Gecko) Chrome/75.0.3770.100 Safari/537.36"
200.8.215.251 - - [01/Jul/2019:10:27:59 -0400] "GET /img/36000197669803.jpg HTTP/1.1" 200 45111 "http://www.bumsgames.com.ve/articulos_web" "Mozilla/5.0 (Windows NT 10.0; Win64; x64) AppleWebKit/537.36 (KHTML, like Gecko) Chrome/75.0.3770.100 Safari/537.36"
200.8.215.251 - - [01/Jul/2019:10:27:59 -0400] "GET /img/266000197669803.jpg HTTP/1.1" 200 45111 "http://www.bumsgames.com.ve/articulos_web" "Mozilla/5.0 (Windows NT 10.0; Win64; x64) AppleWebKit/537.36 (KHTML, like Gecko) Chrome/75.0.3770.100 Safari/537.36"
200.8.215.251 - - [01/Jul/2019:10:27:59 -0400] "GET /img/16WhatsApp%20Image%202019-06-24%20at%2012.00.06.jpeg HTTP/1.1" 200 71893 "http://www.bumsgames.com.ve/articulos_web" "Mozilla/5.0 (Windows NT 10.0; Win64; x64) AppleWebKit/537.36 (KHTML, like Gecko) Chrome/75.0.3770.100 Safari/537.36"
200.8.215.251 - - [01/Jul/2019:10:27:59 -0400] "GET /img/29WhatsApp%20Image%202019-06-24%20at%2011.58.36.jpeg HTTP/1.1" 200 51534 "http://www.bumsgames.com.ve/articulos_web" "Mozilla/5.0 (Windows NT 10.0; Win64; x64) AppleWebKit/537.36 (KHTML, like Gecko) Chrome/75.0.3770.100 Safari/537.36"
200.8.215.251 - - [01/Jul/2019:10:27:59 -0400] "GET /img/592121558-169_wormsrevolution_os_multi_092012.jpg HTTP/1.1" 200 24581 "http://www.bumsgames.com.ve/articulos_web" "Mozilla/5.0 (Windows NT 10.0; Win64; x64) AppleWebKit/537.36 (KHTML, like Gecko) Chrome/75.0.3770.100 Safari/537.36"
200.8.215.251 - - [01/Jul/2019:10:27:59 -0400] "GET /img/5055775edf-5e61-4d1f-acbe-1991e5a683d6_1.9d9151d4375eab357d11c3a79a6af6d9.jpeg HTTP/1.1" 200 39288 "http://www.bumsgames.com.ve/articulos_web" "Mozilla/5.0 (Windows NT 10.0; Win64; x64) AppleWebKit/537.36 (KHTML, like Gecko) Chrome/75.0.3770.100 Safari/537.36"
200.8.215.251 - - [01/Jul/2019:10:27:59 -0400] "GET /img/9image.jpg HTTP/1.1" 200 20134 "http://www.bumsgames.com.ve/articulos_web" "Mozilla/5.0 (Windows NT 10.0; Win64; x64) AppleWebKit/537.36 (KHTML, like Gecko) Chrome/75.0.3770.100 Safari/537.36"
200.8.215.251 - - [01/Jul/2019:10:27:59 -0400] "GET /img/37image.jpg HTTP/1.1" 200 20134 "http://www.bumsgames.com.ve/articulos_web" "Mozilla/5.0 (Windows NT 10.0; Win64; x64) AppleWebKit/537.36 (KHTML, like Gecko) Chrome/75.0.3770.100 Safari/537.36"
200.8.215.251 - - [01/Jul/2019:10:27:59 -0400] "GET /img/21images.jpg HTTP/1.1" 200 20570 "http://www.bumsgames.com.ve/articulos_web" "Mozilla/5.0 (Windows NT 10.0; Win64; x64) AppleWebKit/537.36 (KHTML, like Gecko) Chrome/75.0.3770.100 Safari/537.36"
200.8.215.251 - - [01/Jul/2019:10:27:59 -0400] "GET /img/20WhatsApp%20Image%202019-06-20%20at%2017.45.37.jpeg HTTP/1.1" 200 134150 "http://www.bumsgames.com.ve/articulos_web" "Mozilla/5.0 (Windows NT 10.0; Win64; x64) AppleWebKit/537.36 (KHTML, like Gecko) Chrome/75.0.3770.100 Safari/537.36"
200.8.215.251 - - [01/Jul/2019:10:27:59 -0400] "GET /img/586000197669803.jpg HTTP/1.1" 200 45111 "http://www.bumsgames.com.ve/articulos_web" "Mozilla/5.0 (Windows NT 10.0; Win64; x64) AppleWebKit/537.36 (KHTML, like Gecko) Chrome/75.0.3770.100 Safari/537.36"
200.8.215.251 - - [01/Jul/2019:10:28:00 -0400] "GET /img/4WhatsApp%20Image%202019-06-20%20at%2017.41.01.jpeg HTTP/1.1" 304 - "http://www.bumsgames.com.ve/articulos_web" "Mozilla/5.0 (Windows NT 10.0; Win64; x64) AppleWebKit/537.36 (KHTML, like Gecko) Chrome/75.0.3770.100 Safari/537.36"
200.8.215.251 - - [01/Jul/2019:10:27:59 -0400] "GET /img/51WhatsApp%20Image%202019-06-20%20at%2017.45.02.jpeg HTTP/1.1" 200 120084 "http://www.bumsgames.com.ve/articulos_web" "Mozilla/5.0 (Windows NT 10.0; Win64; x64) AppleWebKit/537.36 (KHTML, like Gecko) Chrome/75.0.3770.100 Safari/537.36"
200.8.215.251 - - [01/Jul/2019:10:28:00 -0400] "GET /img/20WhatsApp%20Image%202019-06-20%20at%2017.36.06.jpeg HTTP/1.1" 304 - "http://www.bumsgames.com.ve/articulos_web" "Mozilla/5.0 (Windows NT 10.0; Win64; x64) AppleWebKit/537.36 (KHTML, like Gecko) Chrome/75.0.3770.100 Safari/537.36"
200.8.215.251 - - [01/Jul/2019:10:28:00 -0400] "GET /img/59WhatsApp%20Image%202019-06-20%20at%2017.34.13.jpeg HTTP/1.1" 304 - "http://www.bumsgames.com.ve/articulos_web" "Mozilla/5.0 (Windows NT 10.0; Win64; x64) AppleWebKit/537.36 (KHTML, like Gecko) Chrome/75.0.3770.100 Safari/537.36"
200.8.215.251 - - [01/Jul/2019:10:28:00 -0400] "GET /img/10WhatsApp%20Image%202019-06-20%20at%2017.43.37.jpeg HTTP/1.1" 200 148466 "http://www.bumsgames.com.ve/articulos_web" "Mozilla/5.0 (Windows NT 10.0; Win64; x64) AppleWebKit/537.36 (KHTML, like Gecko) Chrome/75.0.3770.100 Safari/537.36"
200.8.215.251 - - [01/Jul/2019:10:28:00 -0400] "GET /img/42WhatsApp%20Image%202019-06-20%20at%2017.33.13.jpeg HTTP/1.1" 304 - "http://www.bumsgames.com.ve/articulos_web" "Mozilla/5.0 (Windows NT 10.0; Win64; x64) AppleWebKit/537.36 (KHTML, like Gecko) Chrome/75.0.3770.100 Safari/537.36"
200.8.215.251 - - [01/Jul/2019:10:28:00 -0400] "GET /img/21WhatsApp%20Image%202019-06-20%20at%2017.30.18.jpeg HTTP/1.1" 304 - "http://www.bumsgames.com.ve/articulos_web" "Mozilla/5.0 (Windows NT 10.0; Win64; x64) AppleWebKit/537.36 (KHTML, like Gecko) Chrome/75.0.3770.100 Safari/537.36"
200.8.215.251 - - [01/Jul/2019:10:28:00 -0400] "GET /img/58WhatsApp%20Image%202019-06-20%20at%2017.21.27.jpeg HTTP/1.1" 304 - "http://www.bumsgames.com.ve/articulos_web" "Mozilla/5.0 (Windows NT 10.0; Win64; x64) AppleWebKit/537.36 (KHTML, like Gecko) Chrome/75.0.3770.100 Safari/537.36"
200.8.215.251 - - [01/Jul/2019:10:28:00 -0400] "GET /img/29WhatsApp%20Image%202019-06-20%20at%2017.13.55.jpeg HTTP/1.1" 304 - "http://www.bumsgames.com.ve/articulos_web" "Mozilla/5.0 (Windows NT 10.0; Win64; x64) AppleWebKit/537.36 (KHTML, like Gecko) Chrome/75.0.3770.100 Safari/537.36"
200.8.215.251 - - [01/Jul/2019:10:28:00 -0400] "GET /img/19WhatsApp%20Image%202019-06-20%20at%2017.11.07.jpeg HTTP/1.1" 304 - "http://www.bumsgames.com.ve/articulos_web" "Mozilla/5.0 (Windows NT 10.0; Win64; x64) AppleWebKit/537.36 (KHTML, like Gecko) Chrome/75.0.3770.100 Safari/537.36"
200.8.215.251 - - [01/Jul/2019:10:28:00 -0400] "GET /img/17WhatsApp%20Image%202019-06-20%20at%2017.03.55.jpeg HTTP/1.1" 304 - "http://www.bumsgames.com.ve/articulos_web" "Mozilla/5.0 (Windows NT 10.0; Win64; x64) AppleWebKit/537.36 (KHTML, like Gecko) Chrome/75.0.3770.100 Safari/537.36"
200.8.215.251 - - [01/Jul/2019:10:28:01 -0400] "GET /img/3WhatsApp%20Image%202019-06-20%20at%2017.17.49.jpeg HTTP/1.1" 304 - "http://www.bumsgames.com.ve/articulos_web" "Mozilla/5.0 (Windows NT 10.0; Win64; x64) AppleWebKit/537.36 (KHTML, like Gecko) Chrome/75.0.3770.100 Safari/537.36"
200.8.215.251 - - [01/Jul/2019:10:28:01 -0400] "GET /img/11image.jpg HTTP/1.1" 304 - "http://www.bumsgames.com.ve/articulos_web" "Mozilla/5.0 (Windows NT 10.0; Win64; x64) AppleWebKit/537.36 (KHTML, like Gecko) Chrome/75.0.3770.100 Safari/537.36"
190.198.137.161 - - [01/Jul/2019:10:34:17 -0400] "GET /menu HTTP/1.1" 200 68011 "http://bumsgames.com.ve/menu" "Mozilla/5.0 (Windows NT 6.1) AppleWebKit/537.36 (KHTML, like Gecko) Chrome/75.0.3770.100 Safari/537.36"
190.198.137.161 - - [01/Jul/2019:10:34:19 -0400] "GET /visitas HTTP/1.1" 200 678 "http://bumsgames.com.ve/menu" "Mozilla/5.0 (Windows NT 6.1) AppleWebKit/537.36 (KHTML, like Gecko) Chrome/75.0.3770.100 Safari/537.36"
190.198.137.161 - - [01/Jul/2019:10:38:32 -0400] "GET /allArticles HTTP/1.1" 200 226010 "http://bumsgames.com.ve/menu" "Mozilla/5.0 (Windows NT 6.1) AppleWebKit/537.36 (KHTML, like Gecko) Chrome/75.0.3770.100 Safari/537.36"
190.198.137.161 - - [01/Jul/2019:10:38:44 -0400] "GET /allArticles HTTP/1.1" 200 226010 "http://bumsgames.com.ve/allArticles" "Mozilla/5.0 (Windows NT 6.1) AppleWebKit/537.36 (KHTML, like Gecko) Chrome/75.0.3770.100 Safari/537.36"
190.198.137.161 - - [01/Jul/2019:10:38:53 -0400] "POST /aplicar_filtros_multiples HTTP/1.1" 200 55251 "http://bumsgames.com.ve/allArticles" "Mozilla/5.0 (Windows NT 6.1) AppleWebKit/537.36 (KHTML, like Gecko) Chrome/75.0.3770.100 Safari/537.36"
190.198.137.161 - - [01/Jul/2019:10:40:07 -0400] "POST /aplicar_filtros_multiples HTTP/1.1" 200 51155 "http://bumsgames.com.ve/allArticles" "Mozilla/5.0 (Windows NT 6.1) AppleWebKit/537.36 (KHTML, like Gecko) Chrome/75.0.3770.100 Safari/537.36"
190.198.137.161 - - [01/Jul/2019:10:40:19 -0400] "GET /allArticles HTTP/1.1" 200 226010 "http://bumsgames.com.ve/allArticles" "Mozilla/5.0 (Windows NT 6.1) AppleWebKit/537.36 (KHTML, like Gecko) Chrome/75.0.3770.100 Safari/537.36"
190.198.137.161 - - [01/Jul/2019:10:40:29 -0400] "POST /aplicar_filtros_multiples HTTP/1.1" 200 56098 "http://bumsgames.com.ve/allArticles" "Mozilla/5.0 (Windows NT 6.1) AppleWebKit/537.36 (KHTML, like Gecko) Chrome/75.0.3770.100 Safari/537.36"
190.198.137.161 - - [01/Jul/2019:10:42:50 -0400] "POST /aplicar_filtros_multiples HTTP/1.1" 200 56653 "http://bumsgames.com.ve/allArticles" "Mozilla/5.0 (Windows NT 6.1) AppleWebKit/537.36 (KHTML, like Gecko) Chrome/75.0.3770.100 Safari/537.36"
190.77.210.113 - - [01/Jul/2019:10:42:56 -0400] "GET / HTTP/1.1" 200 91352 "-" "Mozilla/5.0 (Windows NT 10.0; Win64; x64) AppleWebKit/537.36 (KHTML, like Gecko) Chrome/73.0.3683.103 Safari/537.36 OPR/60.0.3255.170"
190.77.210.113 - - [01/Jul/2019:10:42:56 -0400] "GET /js/jquery.zoom.js HTTP/1.1" 200 26745 "http://bumsgames.com.ve/" "Mozilla/5.0 (Windows NT 10.0; Win64; x64) AppleWebKit/537.36 (KHTML, like Gecko) Chrome/73.0.3683.103 Safari/537.36 OPR/60.0.3255.170"
190.77.210.113 - - [01/Jul/2019:10:42:57 -0400] "GET /img/logops.png HTTP/1.1" 200 26745 "http://bumsgames.com.ve/" "Mozilla/5.0 (Windows NT 10.0; Win64; x64) AppleWebKit/537.36 (KHTML, like Gecko) Chrome/73.0.3683.103 Safari/537.36 OPR/60.0.3255.170"
190.77.210.113 - - [01/Jul/2019:10:42:58 -0400] "GET /img/38image%20(2).jpg HTTP/1.1" 200 22322 "http://bumsgames.com.ve/" "Mozilla/5.0 (Windows NT 10.0; Win64; x64) AppleWebKit/537.36 (KHTML, like Gecko) Chrome/73.0.3683.103 Safari/537.36 OPR/60.0.3255.170"
190.77.210.113 - - [01/Jul/2019:10:42:58 -0400] "GET /img/7image%20(2).jpg HTTP/1.1" 200 22322 "http://bumsgames.com.ve/" "Mozilla/5.0 (Windows NT 10.0; Win64; x64) AppleWebKit/537.36 (KHTML, like Gecko) Chrome/73.0.3683.103 Safari/537.36 OPR/60.0.3255.170"
190.77.210.113 - - [01/Jul/2019:10:42:58 -0400] "GET /img/40WhatsApp%20Image%202019-06-24%20at%2018.40.57.jpeg HTTP/1.1" 304 - "http://bumsgames.com.ve/" "Mozilla/5.0 (Windows NT 10.0; Win64; x64) AppleWebKit/537.36 (KHTML, like Gecko) Chrome/73.0.3683.103 Safari/537.36 OPR/60.0.3255.170"
190.77.210.113 - - [01/Jul/2019:10:42:58 -0400] "GET /img/9WhatsApp%20Image%202019-06-24%20at%2016.05.33.jpeg HTTP/1.1" 304 - "http://bumsgames.com.ve/" "Mozilla/5.0 (Windows NT 10.0; Win64; x64) AppleWebKit/537.36 (KHTML, like Gecko) Chrome/73.0.3683.103 Safari/537.36 OPR/60.0.3255.170"
190.77.210.113 - - [01/Jul/2019:10:42:58 -0400] "GET /img/58WhatsApp%20Image%202019-06-24%20at%2016.05.33.jpeg HTTP/1.1" 304 - "http://bumsgames.com.ve/" "Mozilla/5.0 (Windows NT 10.0; Win64; x64) AppleWebKit/537.36 (KHTML, like Gecko) Chrome/73.0.3683.103 Safari/537.36 OPR/60.0.3255.170"
190.77.210.113 - - [01/Jul/2019:10:42:59 -0400] "GET /img/1555988437.jpg HTTP/1.1" 200 26745 "http://bumsgames.com.ve/" "Mozilla/5.0 (Windows NT 10.0; Win64; x64) AppleWebKit/537.36 (KHTML, like Gecko) Chrome/73.0.3683.103 Safari/537.36 OPR/60.0.3255.170"
190.77.210.113 - - [01/Jul/2019:10:42:59 -0400] "GET /img/1556489357.jpg HTTP/1.1" 200 26745 "http://bumsgames.com.ve/" "Mozilla/5.0 (Windows NT 10.0; Win64; x64) AppleWebKit/537.36 (KHTML, like Gecko) Chrome/73.0.3683.103 Safari/537.36 OPR/60.0.3255.170"
190.77.210.113 - - [01/Jul/2019:10:42:59 -0400] "GET /img/1555987080.jpg HTTP/1.1" 200 26745 "http://bumsgames.com.ve/" "Mozilla/5.0 (Windows NT 10.0; Win64; x64) AppleWebKit/537.36 (KHTML, like Gecko) Chrome/73.0.3683.103 Safari/537.36 OPR/60.0.3255.170"
190.198.137.161 - - [01/Jul/2019:10:43:03 -0400] "POST /aplicar_filtros_multiples HTTP/1.1" 200 61552 "http://bumsgames.com.ve/allArticles" "Mozilla/5.0 (Windows NT 6.1) AppleWebKit/537.36 (KHTML, like Gecko) Chrome/75.0.3770.100 Safari/537.36"
190.77.210.113 - - [01/Jul/2019:10:43:48 -0400] "GET /buscar_articulo_bums?name=horizon HTTP/1.1" 200 67485 "http://bumsgames.com.ve/" "Mozilla/5.0 (Windows NT 10.0; Win64; x64) AppleWebKit/537.36 (KHTML, like Gecko) Chrome/73.0.3683.103 Safari/537.36 OPR/60.0.3255.170"
190.77.210.113 - - [01/Jul/2019:10:43:49 -0400] "GET /js/jquery.zoom.js HTTP/1.1" 200 26745 "http://bumsgames.com.ve/buscar_articulo_bums?name=horizon" "Mozilla/5.0 (Windows NT 10.0; Win64; x64) AppleWebKit/537.36 (KHTML, like Gecko) Chrome/73.0.3683.103 Safari/537.36 OPR/60.0.3255.170"
190.77.210.113 - - [01/Jul/2019:10:43:49 -0400] "GET /img/logops.png HTTP/1.1" 200 26745 "http://bumsgames.com.ve/buscar_articulo_bums?name=horizon" "Mozilla/5.0 (Windows NT 10.0; Win64; x64) AppleWebKit/537.36 (KHTML, like Gecko) Chrome/73.0.3683.103 Safari/537.36 OPR/60.0.3255.170"
190.77.210.113 - - [01/Jul/2019:10:43:50 -0400] "GET /img/59nfs_most_wanted.jpg HTTP/1.1" 200 166402 "http://bumsgames.com.ve/buscar_articulo_bums?name=horizon" "Mozilla/5.0 (Windows NT 10.0; Win64; x64) AppleWebKit/537.36 (KHTML, like Gecko) Chrome/73.0.3683.103 Safari/537.36 OPR/60.0.3255.170"
190.201.40.203 - - [01/Jul/2019:10:43:50 -0400] "GET / HTTP/1.1" 200 91402 "-" "Mozilla/5.0 (Windows NT 6.1; Win64; x64) AppleWebKit/537.36 (KHTML, like Gecko) Chrome/75.0.3770.100 Safari/537.36"
190.77.210.113 - - [01/Jul/2019:10:43:49 -0400] "GET /img/39FIFA%2018.jpg HTTP/1.1" 200 225519 "http://bumsgames.com.ve/buscar_articulo_bums?name=horizon" "Mozilla/5.0 (Windows NT 10.0; Win64; x64) AppleWebKit/537.36 (KHTML, like Gecko) Chrome/73.0.3683.103 Safari/537.36 OPR/60.0.3255.170"
190.201.40.203 - - [01/Jul/2019:10:43:52 -0400] "GET /js/jquery.zoom.js HTTP/1.1" 200 26745 "http://bumsgames.com.ve/" "Mozilla/5.0 (Windows NT 6.1; Win64; x64) AppleWebKit/537.36 (KHTML, like Gecko) Chrome/75.0.3770.100 Safari/537.36"
190.201.40.203 - - [01/Jul/2019:10:43:52 -0400] "GET /img/logops.png HTTP/1.1" 200 26745 "http://bumsgames.com.ve/" "Mozilla/5.0 (Windows NT 6.1; Win64; x64) AppleWebKit/537.36 (KHTML, like Gecko) Chrome/75.0.3770.100 Safari/537.36"
190.201.40.203 - - [01/Jul/2019:10:43:54 -0400] "GET /img/7image%20(2).jpg HTTP/1.1" 200 22322 "http://bumsgames.com.ve/" "Mozilla/5.0 (Windows NT 6.1; Win64; x64) AppleWebKit/537.36 (KHTML, like Gecko) Chrome/75.0.3770.100 Safari/537.36"
190.77.210.113 - - [01/Jul/2019:10:43:54 -0400] "GET /img/50image%20(2).jpg HTTP/1.1" 200 24330 "http://bumsgames.com.ve/buscar_articulo_bums?name=horizon" "Mozilla/5.0 (Windows NT 10.0; Win64; x64) AppleWebKit/537.36 (KHTML, like Gecko) Chrome/73.0.3683.103 Safari/537.36 OPR/60.0.3255.170"
190.201.40.203 - - [01/Jul/2019:10:43:54 -0400] "GET /img/40WhatsApp%20Image%202019-06-24%20at%2018.40.57.jpeg HTTP/1.1" 304 - "http://bumsgames.com.ve/" "Mozilla/5.0 (Windows NT 6.1; Win64; x64) AppleWebKit/537.36 (KHTML, like Gecko) Chrome/75.0.3770.100 Safari/537.36"
190.201.40.203 - - [01/Jul/2019:10:43:55 -0400] "GET /img/58WhatsApp%20Image%202019-06-24%20at%2016.05.33.jpeg HTTP/1.1" 304 - "http://bumsgames.com.ve/" "Mozilla/5.0 (Windows NT 6.1; Win64; x64) AppleWebKit/537.36 (KHTML, like Gecko) Chrome/75.0.3770.100 Safari/537.36"
190.201.40.203 - - [01/Jul/2019:10:43:56 -0400] "GET /img/2dirt_rally_2-4798741.jpg HTTP/1.1" 304 - "http://bumsgames.com.ve/" "Mozilla/5.0 (Windows NT 6.1; Win64; x64) AppleWebKit/537.36 (KHTML, like Gecko) Chrome/75.0.3770.100 Safari/537.36"
190.77.210.113 - - [01/Jul/2019:10:43:56 -0400] "GET /img/58image%20(1).jpg HTTP/1.1" 200 24330 "http://bumsgames.com.ve/buscar_articulo_bums?name=horizon" "Mozilla/5.0 (Windows NT 10.0; Win64; x64) AppleWebKit/537.36 (KHTML, like Gecko) Chrome/73.0.3683.103 Safari/537.36 OPR/60.0.3255.170"
190.201.40.203 - - [01/Jul/2019:10:43:56 -0400] "GET /img/9WhatsApp%20Image%202019-06-24%20at%2016.05.33.jpeg HTTP/1.1" 304 - "http://bumsgames.com.ve/" "Mozilla/5.0 (Windows NT 6.1; Win64; x64) AppleWebKit/537.36 (KHTML, like Gecko) Chrome/75.0.3770.100 Safari/537.36"
190.77.210.113 - - [01/Jul/2019:10:43:56 -0400] "GET /img/35WhatsApp%20Image%202019-04-17%20at%206.16.17%20PM.jpeg HTTP/1.1" 200 99210 "http://bumsgames.com.ve/buscar_articulo_bums?name=horizon" "Mozilla/5.0 (Windows NT 10.0; Win64; x64) AppleWebKit/537.36 (KHTML, like Gecko) Chrome/73.0.3683.103 Safari/537.36 OPR/60.0.3255.170"
190.201.40.203 - - [01/Jul/2019:10:43:56 -0400] "GET /img/1555988437.jpg HTTP/1.1" 200 26745 "http://bumsgames.com.ve/" "Mozilla/5.0 (Windows NT 6.1; Win64; x64) AppleWebKit/537.36 (KHTML, like Gecko) Chrome/75.0.3770.100 Safari/537.36"
190.201.40.203 - - [01/Jul/2019:10:43:57 -0400] "GET /img/39dirt_rally_2-4798741.jpg HTTP/1.1" 304 - "http://bumsgames.com.ve/" "Mozilla/5.0 (Windows NT 6.1; Win64; x64) AppleWebKit/537.36 (KHTML, like Gecko) Chrome/75.0.3770.100 Safari/537.36"
190.201.40.203 - - [01/Jul/2019:10:43:57 -0400] "GET /img/5071K9zZymtLL._SY550_.jpg HTTP/1.1" 304 - "http://bumsgames.com.ve/" "Mozilla/5.0 (Windows NT 6.1; Win64; x64) AppleWebKit/537.36 (KHTML, like Gecko) Chrome/75.0.3770.100 Safari/537.36"
190.201.40.203 - - [01/Jul/2019:10:43:57 -0400] "GET /img/38image%20(2).jpg HTTP/1.1" 200 22322 "http://bumsgames.com.ve/" "Mozilla/5.0 (Windows NT 6.1; Win64; x64) AppleWebKit/537.36 (KHTML, like Gecko) Chrome/75.0.3770.100 Safari/537.36"
190.77.210.113 - - [01/Jul/2019:10:43:57 -0400] "GET /img/29WhatsApp%20Image%202019-04-12%20at%206.56.24%20PM.jpeg HTTP/1.1" 200 134478 "http://bumsgames.com.ve/buscar_articulo_bums?name=horizon" "Mozilla/5.0 (Windows NT 10.0; Win64; x64) AppleWebKit/537.36 (KHTML, like Gecko) Chrome/73.0.3683.103 Safari/537.36 OPR/60.0.3255.170"
190.201.40.203 - - [01/Jul/2019:10:43:57 -0400] "GET /img/371K9zZymtLL._SY550_.jpg HTTP/1.1" 304 - "http://bumsgames.com.ve/" "Mozilla/5.0 (Windows NT 6.1; Win64; x64) AppleWebKit/537.36 (KHTML, like Gecko) Chrome/75.0.3770.100 Safari/537.36"
190.77.210.113 - - [01/Jul/2019:10:43:58 -0400] "GET /img/37apps.58425.13510798887672555.25ba9625-af2c-45c7-9ab1-15ea5b0da778.ab862f99-06e2-47c0-9ed2-d775349e140d HTTP/1.1" 200 174918 "http://bumsgames.com.ve/buscar_articulo_bums?name=horizon" "Mozilla/5.0 (Windows NT 10.0; Win64; x64) AppleWebKit/537.36 (KHTML, like Gecko) Chrome/73.0.3683.103 Safari/537.36 OPR/60.0.3255.170"
190.201.40.203 - - [01/Jul/2019:10:43:58 -0400] "GET /img/46apps.65321.14343301090572358.2000000000007864118.jpg HTTP/1.1" 304 - "http://bumsgames.com.ve/" "Mozilla/5.0 (Windows NT 6.1; Win64; x64) AppleWebKit/537.36 (KHTML, like Gecko) Chrome/75.0.3770.100 Safari/537.36"
190.77.210.113 - - [01/Jul/2019:10:43:58 -0400] "GET /img/13Funko-pop.jpg HTTP/1.1" 200 109045 "http://bumsgames.com.ve/buscar_articulo_bums?name=horizon" "Mozilla/5.0 (Windows NT 10.0; Win64; x64) AppleWebKit/537.36 (KHTML, like Gecko) Chrome/73.0.3683.103 Safari/537.36 OPR/60.0.3255.170"
190.201.40.203 - - [01/Jul/2019:10:43:58 -0400] "GET /img/6apps.65321.14343301090572358.2000000000007864118.jpg HTTP/1.1" 304 - "http://bumsgames.com.ve/" "Mozilla/5.0 (Windows NT 6.1; Win64; x64) AppleWebKit/537.36 (KHTML, like Gecko) Chrome/75.0.3770.100 Safari/537.36"
190.201.40.203 - - [01/Jul/2019:10:43:59 -0400] "GET /img/8apps.65321.14343301090572358.2000000000007864118.jpg HTTP/1.1" 304 - "http://bumsgames.com.ve/" "Mozilla/5.0 (Windows NT 6.1; Win64; x64) AppleWebKit/537.36 (KHTML, like Gecko) Chrome/75.0.3770.100 Safari/537.36"
190.201.40.203 - - [01/Jul/2019:10:43:59 -0400] "GET /img/17image.jpg HTTP/1.1" 304 - "http://bumsgames.com.ve/" "Mozilla/5.0 (Windows NT 6.1; Win64; x64) AppleWebKit/537.36 (KHTML, like Gecko) Chrome/75.0.3770.100 Safari/537.36"
190.77.210.113 - - [01/Jul/2019:10:43:59 -0400] "GET /img/44Horizon%20Complete%20Ediiton.jpg HTTP/1.1" 200 48670 "http://bumsgames.com.ve/buscar_articulo_bums?name=horizon" "Mozilla/5.0 (Windows NT 10.0; Win64; x64) AppleWebKit/537.36 (KHTML, like Gecko) Chrome/73.0.3683.103 Safari/537.36 OPR/60.0.3255.170"
190.201.40.203 - - [01/Jul/2019:10:43:59 -0400] "GET /img/43image.png HTTP/1.1" 304 - "http://bumsgames.com.ve/" "Mozilla/5.0 (Windows NT 6.1; Win64; x64) AppleWebKit/537.36 (KHTML, like Gecko) Chrome/75.0.3770.100 Safari/537.36"
190.201.40.203 - - [01/Jul/2019:10:44:00 -0400] "GET /img/1556489357.jpg HTTP/1.1" 200 26745 "http://bumsgames.com.ve/" "Mozilla/5.0 (Windows NT 6.1; Win64; x64) AppleWebKit/537.36 (KHTML, like Gecko) Chrome/75.0.3770.100 Safari/537.36"
190.77.210.113 - - [01/Jul/2019:10:44:00 -0400] "GET /img/49FORZA%20HORIZON%203.jpg HTTP/1.1" 200 229292 "http://bumsgames.com.ve/buscar_articulo_bums?name=horizon" "Mozilla/5.0 (Windows NT 10.0; Win64; x64) AppleWebKit/537.36 (KHTML, like Gecko) Chrome/73.0.3683.103 Safari/537.36 OPR/60.0.3255.170"
190.77.210.113 - - [01/Jul/2019:10:44:00 -0400] "GET /img/5forza-horizon-2.jpg HTTP/1.1" 200 68399 "http://bumsgames.com.ve/buscar_articulo_bums?name=horizon" "Mozilla/5.0 (Windows NT 10.0; Win64; x64) AppleWebKit/537.36 (KHTML, like Gecko) Chrome/73.0.3683.103 Safari/537.36 OPR/60.0.3255.170"
190.201.40.203 - - [01/Jul/2019:10:44:00 -0400] "GET /img/1555987080.jpg HTTP/1.1" 200 26745 "http://bumsgames.com.ve/" "Mozilla/5.0 (Windows NT 6.1; Win64; x64) AppleWebKit/537.36 (KHTML, like Gecko) Chrome/75.0.3770.100 Safari/537.36"
190.77.210.113 - - [01/Jul/2019:10:45:21 -0400] "GET /prueba?id_coin=2 HTTP/1.1" 302 472 "http://bumsgames.com.ve/buscar_articulo_bums?name=horizon" "Mozilla/5.0 (Windows NT 10.0; Win64; x64) AppleWebKit/537.36 (KHTML, like Gecko) Chrome/73.0.3683.103 Safari/537.36 OPR/60.0.3255.170"
190.77.210.113 - - [01/Jul/2019:10:45:22 -0400] "GET /buscar_articulo_bums?name=horizon HTTP/1.1" 200 67334 "http://bumsgames.com.ve/buscar_articulo_bums?name=horizon" "Mozilla/5.0 (Windows NT 10.0; Win64; x64) AppleWebKit/537.36 (KHTML, like Gecko) Chrome/73.0.3683.103 Safari/537.36 OPR/60.0.3255.170"
190.77.210.113 - - [01/Jul/2019:10:45:22 -0400] "GET /js/jquery.zoom.js HTTP/1.1" 200 26737 "http://bumsgames.com.ve/buscar_articulo_bums?name=horizon" "Mozilla/5.0 (Windows NT 10.0; Win64; x64) AppleWebKit/537.36 (KHTML, like Gecko) Chrome/73.0.3683.103 Safari/537.36 OPR/60.0.3255.170"
190.77.210.113 - - [01/Jul/2019:10:45:23 -0400] "GET /img/usa.png HTTP/1.1" 200 8321 "http://bumsgames.com.ve/buscar_articulo_bums?name=horizon" "Mozilla/5.0 (Windows NT 10.0; Win64; x64) AppleWebKit/537.36 (KHTML, like Gecko) Chrome/73.0.3683.103 Safari/537.36 OPR/60.0.3255.170"
190.77.210.113 - - [01/Jul/2019:10:45:23 -0400] "GET /img/logops.png HTTP/1.1" 200 26737 "http://bumsgames.com.ve/buscar_articulo_bums?name=horizon" "Mozilla/5.0 (Windows NT 10.0; Win64; x64) AppleWebKit/537.36 (KHTML, like Gecko) Chrome/73.0.3683.103 Safari/537.36 OPR/60.0.3255.170"
190.77.210.113 - - [01/Jul/2019:10:45:42 -0400] "GET /menu HTTP/1.1" 302 404 "-" "Mozilla/5.0 (Windows NT 10.0; Win64; x64) AppleWebKit/537.36 (KHTML, like Gecko) Chrome/73.0.3683.103 Safari/537.36 OPR/60.0.3255.170"
190.77.210.113 - - [01/Jul/2019:10:45:43 -0400] "GET /fdlfdsjlkfjfddal HTTP/1.1" 200 26737 "-" "Mozilla/5.0 (Windows NT 10.0; Win64; x64) AppleWebKit/537.36 (KHTML, like Gecko) Chrome/73.0.3683.103 Safari/537.36 OPR/60.0.3255.170"
190.77.210.113 - - [01/Jul/2019:10:45:43 -0400] "GET /js/jquery.zoom.js HTTP/1.1" 200 26737 "http://bumsgames.com.ve/fdlfdsjlkfjfddal" "Mozilla/5.0 (Windows NT 10.0; Win64; x64) AppleWebKit/537.36 (KHTML, like Gecko) Chrome/73.0.3683.103 Safari/537.36 OPR/60.0.3255.170"
190.77.210.113 - - [01/Jul/2019:10:45:43 -0400] "GET /img/logops.png HTTP/1.1" 200 26737 "http://bumsgames.com.ve/fdlfdsjlkfjfddal" "Mozilla/5.0 (Windows NT 10.0; Win64; x64) AppleWebKit/537.36 (KHTML, like Gecko) Chrome/73.0.3683.103 Safari/537.36 OPR/60.0.3255.170"
207.46.13.164 - - [01/Jul/2019:10:46:44 -0400] "GET /ps3%20digital.php HTTP/1.1" 200 26745 "-" "Mozilla/5.0 (compatible; bingbot/2.0; +http://www.bing.com/bingbot.htm)"
190.77.210.113 - - [01/Jul/2019:10:47:08 -0400] "GET /logloglog HTTP/1.1" 200 701 "-" "Mozilla/5.0 (Windows NT 10.0; Win64; x64) AppleWebKit/537.36 (KHTML, like Gecko) Chrome/73.0.3683.103 Safari/537.36 OPR/60.0.3255.170"
130.185.94.185 - - [01/Jul/2019:10:47:09 -0400] "GET /img/maxresdefault.jpg HTTP/1.1" 200 108826 "https://www.google.com/" "Mozilla/5.0 (Windows NT 10.0; Win64; x64) AppleWebKit/537.36 (KHTML, like Gecko) Chrome/75.0.3770.100 Safari/537.36"
190.77.210.113 - - [01/Jul/2019:10:47:15 -0400] "POST /logueo HTTP/1.1" 302 356 "http://bumsgames.com.ve/logloglog" "Mozilla/5.0 (Windows NT 10.0; Win64; x64) AppleWebKit/537.36 (KHTML, like Gecko) Chrome/73.0.3683.103 Safari/537.36 OPR/60.0.3255.170"
190.77.210.113 - - [01/Jul/2019:10:47:16 -0400] "GET /menu HTTP/1.1" 200 69490 "http://bumsgames.com.ve/logloglog" "Mozilla/5.0 (Windows NT 10.0; Win64; x64) AppleWebKit/537.36 (KHTML, like Gecko) Chrome/73.0.3683.103 Safari/537.36 OPR/60.0.3255.170"
190.77.210.113 - - [01/Jul/2019:10:47:17 -0400] "GET /img/46funko-pop-captain-america-avengers-infinity-war-288-D_NQ_NP_832006-MLA27528920147_062018-F.jpg HTTP/1.1" 304 - "http://bumsgames.com.ve/menu" "Mozilla/5.0 (Windows NT 10.0; Win64; x64) AppleWebKit/537.36 (KHTML, like Gecko) Chrome/73.0.3683.103 Safari/537.36 OPR/60.0.3255.170"
190.77.210.113 - - [01/Jul/2019:10:47:17 -0400] "GET /img/31juegos.jpg HTTP/1.1" 304 - "http://bumsgames.com.ve/menu" "Mozilla/5.0 (Windows NT 10.0; Win64; x64) AppleWebKit/537.36 (KHTML, like Gecko) Chrome/73.0.3683.103 Safari/537.36 OPR/60.0.3255.170"
190.77.210.113 - - [01/Jul/2019:10:47:17 -0400] "GET /visitas HTTP/1.1" 200 678 "http://bumsgames.com.ve/menu" "Mozilla/5.0 (Windows NT 10.0; Win64; x64) AppleWebKit/537.36 (KHTML, like Gecko) Chrome/73.0.3683.103 Safari/537.36 OPR/60.0.3255.170"
190.77.210.113 - - [01/Jul/2019:10:48:16 -0400] "GET /prueba?id_coin=1 HTTP/1.1" 302 472 "http://bumsgames.com.ve/buscar_articulo_bums?name=horizon" "Mozilla/5.0 (Windows NT 10.0; Win64; x64) AppleWebKit/537.36 (KHTML, like Gecko) Chrome/73.0.3683.103 Safari/537.36 OPR/60.0.3255.170"
190.77.210.113 - - [01/Jul/2019:10:48:17 -0400] "GET /buscar_articulo_bums?name=horizon HTTP/1.1" 200 67485 "http://bumsgames.com.ve/buscar_articulo_bums?name=horizon" "Mozilla/5.0 (Windows NT 10.0; Win64; x64) AppleWebKit/537.36 (KHTML, like Gecko) Chrome/73.0.3683.103 Safari/537.36 OPR/60.0.3255.170"
190.77.210.113 - - [01/Jul/2019:10:48:17 -0400] "GET /js/jquery.zoom.js HTTP/1.1" 200 26745 "http://bumsgames.com.ve/buscar_articulo_bums?name=horizon" "Mozilla/5.0 (Windows NT 10.0; Win64; x64) AppleWebKit/537.36 (KHTML, like Gecko) Chrome/73.0.3683.103 Safari/537.36 OPR/60.0.3255.170"
190.77.210.113 - - [01/Jul/2019:10:48:18 -0400] "GET /img/logops.png HTTP/1.1" 200 26745 "http://bumsgames.com.ve/buscar_articulo_bums?name=horizon" "Mozilla/5.0 (Windows NT 10.0; Win64; x64) AppleWebKit/537.36 (KHTML, like Gecko) Chrome/73.0.3683.103 Safari/537.36 OPR/60.0.3255.170"
190.77.210.113 - - [01/Jul/2019:10:49:06 -0400] "GET /buscar_articulo_bums?name=project+cars HTTP/1.1" 200 43956 "http://bumsgames.com.ve/buscar_articulo_bums?name=horizon" "Mozilla/5.0 (Windows NT 10.0; Win64; x64) AppleWebKit/537.36 (KHTML, like Gecko) Chrome/73.0.3683.103 Safari/537.36 OPR/60.0.3255.170"
190.77.210.113 - - [01/Jul/2019:10:49:07 -0400] "GET /js/jquery.zoom.js HTTP/1.1" 200 26745 "http://bumsgames.com.ve/buscar_articulo_bums?name=project+cars" "Mozilla/5.0 (Windows NT 10.0; Win64; x64) AppleWebKit/537.36 (KHTML, like Gecko) Chrome/73.0.3683.103 Safari/537.36 OPR/60.0.3255.170"
190.77.210.113 - - [01/Jul/2019:10:49:07 -0400] "GET /img/logops.png HTTP/1.1" 200 26745 "http://bumsgames.com.ve/buscar_articulo_bums?name=project+cars" "Mozilla/5.0 (Windows NT 10.0; Win64; x64) AppleWebKit/537.36 (KHTML, like Gecko) Chrome/73.0.3683.103 Safari/537.36 OPR/60.0.3255.170"
190.77.210.113 - - [01/Jul/2019:10:49:07 -0400] "GET /img/52image%20(4).jpg HTTP/1.1" 200 25463 "http://bumsgames.com.ve/buscar_articulo_bums?name=project+cars" "Mozilla/5.0 (Windows NT 10.0; Win64; x64) AppleWebKit/537.36 (KHTML, like Gecko) Chrome/73.0.3683.103 Safari/537.36 OPR/60.0.3255.170"
190.77.210.113 - - [01/Jul/2019:10:49:07 -0400] "GET /img/5image%20(4).jpg HTTP/1.1" 200 25463 "http://bumsgames.com.ve/buscar_articulo_bums?name=project+cars" "Mozilla/5.0 (Windows NT 10.0; Win64; x64) AppleWebKit/537.36 (KHTML, like Gecko) Chrome/73.0.3683.103 Safari/537.36 OPR/60.0.3255.170"
190.77.210.113 - - [01/Jul/2019:10:49:07 -0400] "GET /img/34WhatsApp%20Image%202019-05-23%20at%2016.22.14.jpeg HTTP/1.1" 200 84596 "http://bumsgames.com.ve/buscar_articulo_bums?name=project+cars" "Mozilla/5.0 (Windows NT 10.0; Win64; x64) AppleWebKit/537.36 (KHTML, like Gecko) Chrome/73.0.3683.103 Safari/537.36 OPR/60.0.3255.170"
190.77.210.113 - - [01/Jul/2019:10:49:08 -0400] "GET /img/36Project%20Cars.jpg HTTP/1.1" 200 18433 "http://bumsgames.com.ve/buscar_articulo_bums?name=project+cars" "Mozilla/5.0 (Windows NT 10.0; Win64; x64) AppleWebKit/537.36 (KHTML, like Gecko) Chrome/73.0.3683.103 Safari/537.36 OPR/60.0.3255.170"
190.77.210.113 - - [01/Jul/2019:10:50:10 -0400] "GET /buscar_articulo_bums?name=jurassic HTTP/1.1" 200 39555 "http://bumsgames.com.ve/buscar_articulo_bums?name=project+cars" "Mozilla/5.0 (Windows NT 10.0; Win64; x64) AppleWebKit/537.36 (KHTML, like Gecko) Chrome/73.0.3683.103 Safari/537.36 OPR/60.0.3255.170"
190.77.210.113 - - [01/Jul/2019:10:50:11 -0400] "GET /js/jquery.zoom.js HTTP/1.1" 200 26745 "http://bumsgames.com.ve/buscar_articulo_bums?name=jurassic" "Mozilla/5.0 (Windows NT 10.0; Win64; x64) AppleWebKit/537.36 (KHTML, like Gecko) Chrome/73.0.3683.103 Safari/537.36 OPR/60.0.3255.170"
190.77.210.113 - - [01/Jul/2019:10:50:11 -0400] "GET /img/logops.png HTTP/1.1" 200 26745 "http://bumsgames.com.ve/buscar_articulo_bums?name=jurassic" "Mozilla/5.0 (Windows NT 10.0; Win64; x64) AppleWebKit/537.36 (KHTML, like Gecko) Chrome/73.0.3683.103 Safari/537.36 OPR/60.0.3255.170"
190.77.210.113 - - [01/Jul/2019:10:50:11 -0400] "GET /img/33image%20(3).jpg HTTP/1.1" 200 17218 "http://bumsgames.com.ve/buscar_articulo_bums?name=jurassic" "Mozilla/5.0 (Windows NT 10.0; Win64; x64) AppleWebKit/537.36 (KHTML, like Gecko) Chrome/73.0.3683.103 Safari/537.36 OPR/60.0.3255.170"
190.77.210.113 - - [01/Jul/2019:10:50:11 -0400] "GET /img/7image%20(3).jpg HTTP/1.1" 200 17218 "http://bumsgames.com.ve/buscar_articulo_bums?name=jurassic" "Mozilla/5.0 (Windows NT 10.0; Win64; x64) AppleWebKit/537.36 (KHTML, like Gecko) Chrome/73.0.3683.103 Safari/537.36 OPR/60.0.3255.170"
186.185.201.157 - - [01/Jul/2019:10:52:30 -0400] "GET / HTTP/1.1" 200 91790 "-" "Mozilla/5.0 (Windows NT 6.1; WOW64) AppleWebKit/537.36 (KHTML, like Gecko) Chrome/75.0.3770.100 Safari/537.36"
186.185.201.157 - - [01/Jul/2019:10:53:00 -0400] "GET /css/bums.css HTTP/1.1" 200 6417 "http://www.bumsgames.com.ve/" "Mozilla/5.0 (Windows NT 6.1; WOW64) AppleWebKit/537.36 (KHTML, like Gecko) Chrome/75.0.3770.100 Safari/537.36"
186.185.201.157 - - [01/Jul/2019:10:53:01 -0400] "GET /css/bums_v2.css HTTP/1.1" 200 35670 "http://www.bumsgames.com.ve/" "Mozilla/5.0 (Windows NT 6.1; WOW64) AppleWebKit/537.36 (KHTML, like Gecko) Chrome/75.0.3770.100 Safari/537.36"
186.185.201.157 - - [01/Jul/2019:10:53:05 -0400] "GET /js/jquery.zoom.js HTTP/1.1" 200 26853 "http://www.bumsgames.com.ve/" "Mozilla/5.0 (Windows NT 6.1; WOW64) AppleWebKit/537.36 (KHTML, like Gecko) Chrome/75.0.3770.100 Safari/537.36"
186.185.201.157 - - [01/Jul/2019:10:53:13 -0400] "GET /js/bums_v2.js HTTP/1.1" 200 15524 "http://www.bumsgames.com.ve/" "Mozilla/5.0 (Windows NT 6.1; WOW64) AppleWebKit/537.36 (KHTML, like Gecko) Chrome/75.0.3770.100 Safari/537.36"
186.185.201.157 - - [01/Jul/2019:10:53:13 -0400] "GET /js/bums.js HTTP/1.1" 200 81091 "http://www.bumsgames.com.ve/" "Mozilla/5.0 (Windows NT 6.1; WOW64) AppleWebKit/537.36 (KHTML, like Gecko) Chrome/75.0.3770.100 Safari/537.36"
186.185.201.157 - - [01/Jul/2019:10:53:20 -0400] "GET /img/fondo12.jpg HTTP/1.1" 200 102096 "http://www.bumsgames.com.ve/css/bums_v2.css" "Mozilla/5.0 (Windows NT 6.1; WOW64) AppleWebKit/537.36 (KHTML, like Gecko) Chrome/75.0.3770.100 Safari/537.36"
186.185.201.157 - - [01/Jul/2019:10:53:22 -0400] "GET /img/badred.jpg HTTP/1.1" 200 900 "http://www.bumsgames.com.ve/" "Mozilla/5.0 (Windows NT 6.1; WOW64) AppleWebKit/537.36 (KHTML, like Gecko) Chrome/75.0.3770.100 Safari/537.36"
186.185.201.157 - - [01/Jul/2019:10:53:23 -0400] "GET /img/49celulares.jpg HTTP/1.1" 200 41540 "http://www.bumsgames.com.ve/" "Mozilla/5.0 (Windows NT 6.1; WOW64) AppleWebKit/537.36 (KHTML, like Gecko) Chrome/75.0.3770.100 Safari/537.36"
186.185.201.157 - - [01/Jul/2019:10:53:24 -0400] "GET /img/lo2.png HTTP/1.1" 200 2627 "http://www.bumsgames.com.ve/" "Mozilla/5.0 (Windows NT 6.1; WOW64) AppleWebKit/537.36 (KHTML, like Gecko) Chrome/75.0.3770.100 Safari/537.36"
186.185.201.157 - - [01/Jul/2019:10:53:24 -0400] "GET /img/venezuela.jpg HTTP/1.1" 200 15937 "http://www.bumsgames.com.ve/" "Mozilla/5.0 (Windows NT 6.1; WOW64) AppleWebKit/537.36 (KHTML, like Gecko) Chrome/75.0.3770.100 Safari/537.36"
186.185.201.157 - - [01/Jul/2019:10:53:25 -0400] "GET /img/family.jpg HTTP/1.1" 200 42060 "http://www.bumsgames.com.ve/" "Mozilla/5.0 (Windows NT 6.1; WOW64) AppleWebKit/537.36 (KHTML, like Gecko) Chrome/75.0.3770.100 Safari/537.36"
190.77.210.113 - - [01/Jul/2019:10:56:38 -0400] "GET /buscar_articulo_bums?name=lego+marvel+super HTTP/1.1" 200 42093 "http://bumsgames.com.ve/buscar_articulo_bums?name=jurassic" "Mozilla/5.0 (Windows NT 10.0; Win64; x64) AppleWebKit/537.36 (KHTML, like Gecko) Chrome/73.0.3683.103 Safari/537.36 OPR/60.0.3255.170"
190.77.210.113 - - [01/Jul/2019:10:56:39 -0400] "GET /js/jquery.zoom.js HTTP/1.1" 200 26745 "http://bumsgames.com.ve/buscar_articulo_bums?name=lego+marvel+super" "Mozilla/5.0 (Windows NT 10.0; Win64; x64) AppleWebKit/537.36 (KHTML, like Gecko) Chrome/73.0.3683.103 Safari/537.36 OPR/60.0.3255.170"
190.77.210.113 - - [01/Jul/2019:10:56:39 -0400] "GET /img/56WhatsApp%20Image%202019-04-04%20at%2011.19.26%20AM.jpeg HTTP/1.1" 200 107282 "http://bumsgames.com.ve/buscar_articulo_bums?name=lego+marvel+super" "Mozilla/5.0 (Windows NT 10.0; Win64; x64) AppleWebKit/537.36 (KHTML, like Gecko) Chrome/73.0.3683.103 Safari/537.36 OPR/60.0.3255.170"
190.77.210.113 - - [01/Jul/2019:10:56:39 -0400] "GET /img/logops.png HTTP/1.1" 200 26745 "http://bumsgames.com.ve/buscar_articulo_bums?name=lego+marvel+super" "Mozilla/5.0 (Windows NT 10.0; Win64; x64) AppleWebKit/537.36 (KHTML, like Gecko) Chrome/73.0.3683.103 Safari/537.36 OPR/60.0.3255.170"
190.77.210.113 - - [01/Jul/2019:10:56:40 -0400] "GET /img/163max.jpg HTTP/1.1" 200 84184 "http://bumsgames.com.ve/buscar_articulo_bums?name=lego+marvel+super" "Mozilla/5.0 (Windows NT 10.0; Win64; x64) AppleWebKit/537.36 (KHTML, like Gecko) Chrome/73.0.3683.103 Safari/537.36 OPR/60.0.3255.170"
190.77.210.113 - - [01/Jul/2019:10:56:40 -0400] "GET /img/243max.jpg HTTP/1.1" 200 84184 "http://bumsgames.com.ve/buscar_articulo_bums?name=lego+marvel+super" "Mozilla/5.0 (Windows NT 10.0; Win64; x64) AppleWebKit/537.36 (KHTML, like Gecko) Chrome/73.0.3683.103 Safari/537.36 OPR/60.0.3255.170"
190.200.96.28 - - [01/Jul/2019:10:58:21 -0400] "GET / HTTP/1.1" 200 92030 "-" "Mozilla/5.0 (Windows NT 6.1; Win64; x64) AppleWebKit/537.36 (KHTML, like Gecko) Chrome/75.0.3770.100 Safari/537.36"
190.200.96.28 - - [01/Jul/2019:10:58:23 -0400] "GET /css/bums.css HTTP/1.1" 304 - "http://www.bumsgames.com.ve/" "Mozilla/5.0 (Windows NT 6.1; Win64; x64) AppleWebKit/537.36 (KHTML, like Gecko) Chrome/75.0.3770.100 Safari/537.36"
190.200.96.28 - - [01/Jul/2019:10:58:23 -0400] "GET /js/jquery.zoom.js HTTP/1.1" 200 26853 "http://www.bumsgames.com.ve/" "Mozilla/5.0 (Windows NT 6.1; Win64; x64) AppleWebKit/537.36 (KHTML, like Gecko) Chrome/75.0.3770.100 Safari/537.36"
190.200.96.28 - - [01/Jul/2019:10:58:23 -0400] "GET /css/bums_v2.css HTTP/1.1" 304 - "http://www.bumsgames.com.ve/" "Mozilla/5.0 (Windows NT 6.1; Win64; x64) AppleWebKit/537.36 (KHTML, like Gecko) Chrome/75.0.3770.100 Safari/537.36"
190.200.96.28 - - [01/Jul/2019:10:58:23 -0400] "GET /img/ps4-features-communication-article01-r-20170302.png HTTP/1.1" 304 - "http://www.bumsgames.com.ve/" "Mozilla/5.0 (Windows NT 6.1; Win64; x64) AppleWebKit/537.36 (KHTML, like Gecko) Chrome/75.0.3770.100 Safari/537.36"
190.200.96.28 - - [01/Jul/2019:10:58:24 -0400] "GET /img/o_1540822017_7c7421c1f2645dc8ea7ad503a1851e6d.png HTTP/1.1" 304 - "http://www.bumsgames.com.ve/" "Mozilla/5.0 (Windows NT 6.1; Win64; x64) AppleWebKit/537.36 (KHTML, like Gecko) Chrome/75.0.3770.100 Safari/537.36"
190.200.96.28 - - [01/Jul/2019:10:58:24 -0400] "GET /img/videojuegos.png HTTP/1.1" 304 - "http://www.bumsgames.com.ve/" "Mozilla/5.0 (Windows NT 6.1; Win64; x64) AppleWebKit/537.36 (KHTML, like Gecko) Chrome/75.0.3770.100 Safari/537.36"
190.200.96.28 - - [01/Jul/2019:10:58:24 -0400] "GET /img/juegos_digitalesps3.png HTTP/1.1" 304 - "http://www.bumsgames.com.ve/" "Mozilla/5.0 (Windows NT 6.1; Win64; x64) AppleWebKit/537.36 (KHTML, like Gecko) Chrome/75.0.3770.100 Safari/537.36"
190.200.96.28 - - [01/Jul/2019:10:58:24 -0400] "GET /img/descarga%20(2).jpg HTTP/1.1" 304 - "http://www.bumsgames.com.ve/" "Mozilla/5.0 (Windows NT 6.1; Win64; x64) AppleWebKit/537.36 (KHTML, like Gecko) Chrome/75.0.3770.100 Safari/537.36"
190.200.96.28 - - [01/Jul/2019:10:58:24 -0400] "GET /img/5848294ecef1014c0b5e49f9.png HTTP/1.1" 304 - "http://www.bumsgames.com.ve/" "Mozilla/5.0 (Windows NT 6.1; Win64; x64) AppleWebKit/537.36 (KHTML, like Gecko) Chrome/75.0.3770.100 Safari/537.36"
190.200.96.28 - - [01/Jul/2019:10:58:25 -0400] "GET /img/s26gt2awyl8bme7jsknu.jpg HTTP/1.1" 304 - "http://www.bumsgames.com.ve/" "Mozilla/5.0 (Windows NT 6.1; Win64; x64) AppleWebKit/537.36 (KHTML, like Gecko) Chrome/75.0.3770.100 Safari/537.36"
190.200.96.28 - - [01/Jul/2019:10:58:25 -0400] "GET /img/nintendo_switch_png_934404.png HTTP/1.1" 304 - "http://www.bumsgames.com.ve/" "Mozilla/5.0 (Windows NT 6.1; Win64; x64) AppleWebKit/537.36 (KHTML, like Gecko) Chrome/75.0.3770.100 Safari/537.36"
190.200.96.28 - - [01/Jul/2019:10:58:25 -0400] "GET /img/imag10.png HTTP/1.1" 304 - "http://www.bumsgames.com.ve/" "Mozilla/5.0 (Windows NT 6.1; Win64; x64) AppleWebKit/537.36 (KHTML, like Gecko) Chrome/75.0.3770.100 Safari/537.36"
190.200.96.28 - - [01/Jul/2019:10:58:25 -0400] "GET /img/membresia.png HTTP/1.1" 304 - "http://www.bumsgames.com.ve/" "Mozilla/5.0 (Windows NT 6.1; Win64; x64) AppleWebKit/537.36 (KHTML, like Gecko) Chrome/75.0.3770.100 Safari/537.36"
190.200.96.28 - - [01/Jul/2019:10:58:25 -0400] "GET /img/mario-kart-8-deluxe-super-mario-odyssey-aprovecha-solo-hoy-D_NQ_NP_628024-MLM26827789769_022018-F.jpg HTTP/1.1" 304 - "http://www.bumsgames.com.ve/" "Mozilla/5.0 (Windows NT 6.1; Win64; x64) AppleWebKit/537.36 (KHTML, like Gecko) Chrome/75.0.3770.100 Safari/537.36"
190.200.96.28 - - [01/Jul/2019:10:58:25 -0400] "GET /img/38image%20(2).jpg HTTP/1.1" 200 22322 "http://www.bumsgames.com.ve/" "Mozilla/5.0 (Windows NT 6.1; Win64; x64) AppleWebKit/537.36 (KHTML, like Gecko) Chrome/75.0.3770.100 Safari/537.36"
190.200.96.28 - - [01/Jul/2019:10:58:25 -0400] "GET /img/7image%20(2).jpg HTTP/1.1" 200 22322 "http://www.bumsgames.com.ve/" "Mozilla/5.0 (Windows NT 6.1; Win64; x64) AppleWebKit/537.36 (KHTML, like Gecko) Chrome/75.0.3770.100 Safari/537.36"
190.200.96.28 - - [01/Jul/2019:10:58:25 -0400] "GET /img/logops.png HTTP/1.1" 200 26853 "http://www.bumsgames.com.ve/" "Mozilla/5.0 (Windows NT 6.1; Win64; x64) AppleWebKit/537.36 (KHTML, like Gecko) Chrome/75.0.3770.100 Safari/537.36"
190.200.96.28 - - [01/Jul/2019:10:58:25 -0400] "GET /js/bums.js HTTP/1.1" 304 - "http://www.bumsgames.com.ve/" "Mozilla/5.0 (Windows NT 6.1; Win64; x64) AppleWebKit/537.36 (KHTML, like Gecko) Chrome/75.0.3770.100 Safari/537.36"
190.200.96.28 - - [01/Jul/2019:10:58:26 -0400] "GET /js/bums_v2.js HTTP/1.1" 304 - "http://www.bumsgames.com.ve/" "Mozilla/5.0 (Windows NT 6.1; Win64; x64) AppleWebKit/537.36 (KHTML, like Gecko) Chrome/75.0.3770.100 Safari/537.36"
190.200.96.28 - - [01/Jul/2019:10:58:26 -0400] "GET /img/5crash.jpg HTTP/1.1" 304 - "http://www.bumsgames.com.ve/" "Mozilla/5.0 (Windows NT 6.1; Win64; x64) AppleWebKit/537.36 (KHTML, like Gecko) Chrome/75.0.3770.100 Safari/537.36"
190.200.96.28 - - [01/Jul/2019:10:58:26 -0400] "GET /img/40WhatsApp%20Image%202019-06-24%20at%2018.40.57.jpeg HTTP/1.1" 304 - "http://www.bumsgames.com.ve/" "Mozilla/5.0 (Windows NT 6.1; Win64; x64) AppleWebKit/537.36 (KHTML, like Gecko) Chrome/75.0.3770.100 Safari/537.36"
190.200.96.28 - - [01/Jul/2019:10:58:26 -0400] "GET /img/58WhatsApp%20Image%202019-06-24%20at%2016.05.33.jpeg HTTP/1.1" 304 - "http://www.bumsgames.com.ve/" "Mozilla/5.0 (Windows NT 6.1; Win64; x64) AppleWebKit/537.36 (KHTML, like Gecko) Chrome/75.0.3770.100 Safari/537.36"
190.200.96.28 - - [01/Jul/2019:10:58:26 -0400] "GET /img/9WhatsApp%20Image%202019-06-24%20at%2016.05.33.jpeg HTTP/1.1" 304 - "http://www.bumsgames.com.ve/" "Mozilla/5.0 (Windows NT 6.1; Win64; x64) AppleWebKit/537.36 (KHTML, like Gecko) Chrome/75.0.3770.100 Safari/537.36"
190.200.96.28 - - [01/Jul/2019:10:58:26 -0400] "GET /img/2dirt_rally_2-4798741.jpg HTTP/1.1" 304 - "http://www.bumsgames.com.ve/" "Mozilla/5.0 (Windows NT 6.1; Win64; x64) AppleWebKit/537.36 (KHTML, like Gecko) Chrome/75.0.3770.100 Safari/537.36"
190.200.96.28 - - [01/Jul/2019:10:58:27 -0400] "GET /img/39dirt_rally_2-4798741.jpg HTTP/1.1" 304 - "http://www.bumsgames.com.ve/" "Mozilla/5.0 (Windows NT 6.1; Win64; x64) AppleWebKit/537.36 (KHTML, like Gecko) Chrome/75.0.3770.100 Safari/537.36"
190.200.96.28 - - [01/Jul/2019:10:58:27 -0400] "GET /img/5071K9zZymtLL._SY550_.jpg HTTP/1.1" 304 - "http://www.bumsgames.com.ve/" "Mozilla/5.0 (Windows NT 6.1; Win64; x64) AppleWebKit/537.36 (KHTML, like Gecko) Chrome/75.0.3770.100 Safari/537.36"
190.200.96.28 - - [01/Jul/2019:10:58:27 -0400] "GET /img/371K9zZymtLL._SY550_.jpg HTTP/1.1" 304 - "http://www.bumsgames.com.ve/" "Mozilla/5.0 (Windows NT 6.1; Win64; x64) AppleWebKit/537.36 (KHTML, like Gecko) Chrome/75.0.3770.100 Safari/537.36"
190.200.96.28 - - [01/Jul/2019:10:58:27 -0400] "GET /img/46apps.65321.14343301090572358.2000000000007864118.jpg HTTP/1.1" 304 - "http://www.bumsgames.com.ve/" "Mozilla/5.0 (Windows NT 6.1; Win64; x64) AppleWebKit/537.36 (KHTML, like Gecko) Chrome/75.0.3770.100 Safari/537.36"
190.200.96.28 - - [01/Jul/2019:10:58:27 -0400] "GET /img/6apps.65321.14343301090572358.2000000000007864118.jpg HTTP/1.1" 304 - "http://www.bumsgames.com.ve/" "Mozilla/5.0 (Windows NT 6.1; Win64; x64) AppleWebKit/537.36 (KHTML, like Gecko) Chrome/75.0.3770.100 Safari/537.36"
190.200.96.28 - - [01/Jul/2019:10:58:27 -0400] "GET /img/8apps.65321.14343301090572358.2000000000007864118.jpg HTTP/1.1" 304 - "http://www.bumsgames.com.ve/" "Mozilla/5.0 (Windows NT 6.1; Win64; x64) AppleWebKit/537.36 (KHTML, like Gecko) Chrome/75.0.3770.100 Safari/537.36"
190.200.96.28 - - [01/Jul/2019:10:58:28 -0400] "GET /img/43image.png HTTP/1.1" 304 - "http://www.bumsgames.com.ve/" "Mozilla/5.0 (Windows NT 6.1; Win64; x64) AppleWebKit/537.36 (KHTML, like Gecko) Chrome/75.0.3770.100 Safari/537.36"
190.200.96.28 - - [01/Jul/2019:10:58:28 -0400] "GET /img/17image.jpg HTTP/1.1" 304 - "http://www.bumsgames.com.ve/" "Mozilla/5.0 (Windows NT 6.1; Win64; x64) AppleWebKit/537.36 (KHTML, like Gecko) Chrome/75.0.3770.100 Safari/537.36"
